Archive member included because of file (symbol)

.\CortexM3\ARM_GCC_484\Debug\DelSig_16Channel-20bit-DMA.a(cyfitter_cfg.o)
                              .\CortexM3\ARM_GCC_484\Debug\Cm3Start.o (cyfitter_cfg)
.\CortexM3\ARM_GCC_484\Debug\DelSig_16Channel-20bit-DMA.a(LCD.o)
                              .\CortexM3\ARM_GCC_484\Debug\main.o (LCD_WriteControl)
.\CortexM3\ARM_GCC_484\Debug\DelSig_16Channel-20bit-DMA.a(DMA_ADC2Mem_dma.o)
                              .\CortexM3\ARM_GCC_484\Debug\main.o (DMA_ADC2Mem_DmaInitialize)
.\CortexM3\ARM_GCC_484\Debug\DelSig_16Channel-20bit-DMA.a(ADC.o)
                              .\CortexM3\ARM_GCC_484\Debug\main.o (ADC_Start)
.\CortexM3\ARM_GCC_484\Debug\DelSig_16Channel-20bit-DMA.a(ADC_INT.o)
                              .\CortexM3\ARM_GCC_484\Debug\DelSig_16Channel-20bit-DMA.a(ADC.o) (ADC_ISR1)
.\CortexM3\ARM_GCC_484\Debug\DelSig_16Channel-20bit-DMA.a(DMA_Mem2Mem_dma.o)
                              .\CortexM3\ARM_GCC_484\Debug\main.o (DMA_Mem2Mem_DmaInitialize)
.\CortexM3\ARM_GCC_484\Debug\DelSig_16Channel-20bit-DMA.a(ADC_AMux.o)
                              .\CortexM3\ARM_GCC_484\Debug\DelSig_16Channel-20bit-DMA.a(ADC.o) (ADC_AMux_Select)
.\CortexM3\ARM_GCC_484\Debug\DelSig_16Channel-20bit-DMA.a(ADC_Ext_CP_Clk.o)
                              .\CortexM3\ARM_GCC_484\Debug\DelSig_16Channel-20bit-DMA.a(ADC.o) (ADC_Ext_CP_Clk_SetDividerRegister)
.\CortexM3\ARM_GCC_484\Debug\DelSig_16Channel-20bit-DMA.a(ADC_IRQ.o)
                              .\CortexM3\ARM_GCC_484\Debug\main.o (ADC_IRQ_Disable)
.\CortexM3\ARM_GCC_484\Debug\DelSig_16Channel-20bit-DMA.a(ADC_theACLK.o)
                              .\CortexM3\ARM_GCC_484\Debug\DelSig_16Channel-20bit-DMA.a(ADC.o) (ADC_theACLK_SetDividerRegister)
.\CortexM3\ARM_GCC_484\Debug\DelSig_16Channel-20bit-DMA.a(CyBootAsmGnu.o)
                              .\CortexM3\ARM_GCC_484\Debug\DelSig_16Channel-20bit-DMA.a(cyfitter_cfg.o) (CyDelayCycles)
.\CortexM3\ARM_GCC_484\Debug\DelSig_16Channel-20bit-DMA.a(CyDmac.o)
                              .\CortexM3\ARM_GCC_484\Debug\Cm3Start.o (CyDmacConfigure)
.\CortexM3\ARM_GCC_484\Debug\DelSig_16Channel-20bit-DMA.a(CyLib.o)
                              .\CortexM3\ARM_GCC_484\Debug\Cm3Start.o (CyResetStatus)
.\CortexM3\ARM_GCC_484\Debug\DelSig_16Channel-20bit-DMA.a(cyPm.o)
                              .\CortexM3\ARM_GCC_484\Debug\DelSig_16Channel-20bit-DMA.a(CyLib.o) (CyPmReadStatus)
.\CortexM3\ARM_GCC_484\Debug\DelSig_16Channel-20bit-DMA.a(Filter.o)
                              .\CortexM3\ARM_GCC_484\Debug\main.o (Filter_Start)
.\CortexM3\ARM_GCC_484\Debug\DelSig_16Channel-20bit-DMA.a(Filter_PVT.o)
                              .\CortexM3\ARM_GCC_484\Debug\DelSig_16Channel-20bit-DMA.a(Filter.o) (Filter_SetInterruptMode)
.\CortexM3\ARM_GCC_484\Debug\DelSig_16Channel-20bit-DMA.a(Filter_RAM_Data.o)
                              .\CortexM3\ARM_GCC_484\Debug\DelSig_16Channel-20bit-DMA.a(Filter.o) (Filter_control)
.\CortexM3\ARM_GCC_484\Debug\DelSig_16Channel-20bit-DMA.a(DMA_Filter2Mem_dma.o)
                              .\CortexM3\ARM_GCC_484\Debug\main.o (DMA_Filter2Mem_DmaInitialize)
.\CortexM3\ARM_GCC_484\Debug\DelSig_16Channel-20bit-DMA.a(DMA_FilterMem2Mem_dma.o)
                              .\CortexM3\ARM_GCC_484\Debug\main.o (DMA_FilterMem2Mem_DmaInitialize)
.\CortexM3\ARM_GCC_484\Debug\DelSig_16Channel-20bit-DMA.a(DMA_ADC2Filter_dma.o)
                              .\CortexM3\ARM_GCC_484\Debug\main.o (DMA_ADC2Filter_DmaInitialize)
.\CortexM3\ARM_GCC_484\Debug\DelSig_16Channel-20bit-DMA.a(CyFlash.o)
                              .\CortexM3\ARM_GCC_484\Debug\DelSig_16Channel-20bit-DMA.a(cyPm.o) (CyFlash_SetWaitCycles)
.\CortexM3\ARM_GCC_484\Debug\DelSig_16Channel-20bit-DMA.a(CySpc.o)
                              .\CortexM3\ARM_GCC_484\Debug\DelSig_16Channel-20bit-DMA.a(CyFlash.o) (CySpcStart)
c:/program files/cypress/psoc creator/3.2/psoc creator/import/gnu/arm/4.8.4/bin/../lib/gcc/arm-none-eabi/4.8.4/armv7-m\libgcc.a(_arm_addsubdf3.o)
                              .\CortexM3\ARM_GCC_484\Debug\DelSig_16Channel-20bit-DMA.a(ADC.o) (__aeabi_f2d)
c:/program files/cypress/psoc creator/3.2/psoc creator/import/gnu/arm/4.8.4/bin/../lib/gcc/arm-none-eabi/4.8.4/armv7-m\libgcc.a(_arm_cmpdf2.o)
                              .\CortexM3\ARM_GCC_484\Debug\DelSig_16Channel-20bit-DMA.a(ADC.o) (__aeabi_dcmpgt)
c:/program files/cypress/psoc creator/3.2/psoc creator/import/gnu/arm/4.8.4/bin/../lib/gcc/arm-none-eabi/4.8.4/armv7-m\libgcc.a(_arm_addsubsf3.o)
                              .\CortexM3\ARM_GCC_484\Debug\DelSig_16Channel-20bit-DMA.a(ADC.o) (__aeabi_ui2f)
c:/program files/cypress/psoc creator/3.2/psoc creator/import/gnu/arm/4.8.4/bin/../lib/gcc/arm-none-eabi/4.8.4/armv7-m\libgcc.a(_arm_muldivsf3.o)
                              .\CortexM3\ARM_GCC_484\Debug\DelSig_16Channel-20bit-DMA.a(ADC.o) (__aeabi_fmul)
[...]
Memory Configuration

Name             Origin             Length             Attributes
rom              0x00000000         0x00040000         xr
ram              0x1fff8000         0x00010000         xrw
*default*        0x00000000         0xffffffff

Linker script and memory map

LOAD c:/program files/cypress/psoc creator/3.2/psoc creator/import/gnu/arm/4.8.4/bin/../lib/gcc/arm-none-eabi/4.8.4/armv7-m/crti.o
LOAD c:/program files/cypress/psoc creator/3.2/psoc creator/import/gnu/arm/4.8.4/bin/../lib/gcc/arm-none-eabi/4.8.4/armv7-m/crtbegin.o
LOAD c:/program files/cypress/psoc creator/3.2/psoc creator/import/gnu/arm/4.8.4/bin/../lib/gcc/arm-none-eabi/4.8.4/../../../../arm-none-eabi/lib/armv7-m/crt0.o
START GROUP
LOAD .\CortexM3\ARM_GCC_484\Debug\main.o
LOAD .\CortexM3\ARM_GCC_484\Debug\cymetadata.o
LOAD .\CortexM3\ARM_GCC_484\Debug\Cm3Start.o
LOAD .\CortexM3\ARM_GCC_484\Debug\DelSig_16Channel-20bit-DMA.a
LOAD C:\Program Files\Cypress\PSoC Creator\3.2\PSoC Creator\psoc\content\cycomponentlibrary\CyComponentLibrary.cylib\CortexM3\ARM_GCC_484\Debug\CyComponentLibrary.a
END GROUP
START GROUP
LOAD c:/program files/cypress/psoc creator/3.2/psoc creator/import/gnu/arm/4.8.4/bin/../lib/gcc/arm-none-eabi/4.8.4/armv7-m\libgcc.a
LOAD c:/program files/cypress/psoc creator/3.2/psoc creator/import/gnu/arm/4.8.4/bin/../lib/gcc/arm-none-eabi/4.8.4/../../../../arm-none-eabi/lib/armv7-m\libg_s.a
LOAD c:/program files/cypress/psoc creator/3.2/psoc creator/import/gnu/arm/4.8.4/bin/../lib/gcc/arm-none-eabi/4.8.4/../../../../arm-none-eabi/lib/armv7-m\libc_s.a
END GROUP
START GROUP
LOAD c:/program files/cypress/psoc creator/3.2/psoc creator/import/gnu/arm/4.8.4/bin/../lib/gcc/arm-none-eabi/4.8.4/armv7-m\libgcc.a
LOAD c:/program files/cypress/psoc creator/3.2/psoc creator/import/gnu/arm/4.8.4/bin/../lib/gcc/arm-none-eabi/4.8.4/../../../../arm-none-eabi/lib/armv7-m\libc_s.a
END GROUP
LOAD c:/program files/cypress/psoc creator/3.2/psoc creator/import/gnu/arm/4.8.4/bin/../lib/gcc/arm-none-eabi/4.8.4/armv7-m/crtend.o
LOAD c:/program files/cypress/psoc creator/3.2/psoc creator/import/gnu/arm/4.8.4/bin/../lib/gcc/arm-none-eabi/4.8.4/armv7-m/crtn.o
START GROUP
LOAD c:/program files/cypress/psoc creator/3.2/psoc creator/import/gnu/arm/4.8.4/bin/../lib/gcc/arm-none-eabi/4.8.4/armv7-m\libgcc.a
LOAD c:/program files/cypress/psoc creator/3.2/psoc creator/import/gnu/arm/4.8.4/bin/../lib/gcc/arm-none-eabi/4.8.4/../../../../arm-none-eabi/lib/armv7-m\libc.a
LOAD c:/program files/cypress/psoc creator/3.2/psoc creator/import/gnu/arm/4.8.4/bin/../lib/gcc/arm-none-eabi/4.8.4/../../../../arm-none-eabi/lib/armv7-m\libnosys.a
END GROUP
                0x00000000                CY_APPL_ORIGIN = 0x0
                0x00000100                CY_FLASH_ROW_SIZE = 0x100
                0x00000020                CY_ECC_ROW_SIZE = 0x20
                0x00000000                CY_EE_IN_BTLDR = 0x0
                0x00000000                CY_APPL_LOADABLE = 0x0
                0x00000800                CY_EE_SIZE = 0x800
                0x00000001                CY_APPL_NUM = 0x1
                0x00000001                CY_APPL_MAX = 0x1
                0x00000040                CY_METADATA_SIZE = 0x40
                0x1fff8978                PROVIDE (__cy_heap_start, _end)
                0x00000001                PROVIDE (__cy_region_num, ((__cy_regions_end - __cy_regions) / 0x10))
                0x20008000                PROVIDE (__cy_stack, (ORIGIN (ram) + 0x10000))
                0x20007800                PROVIDE (__cy_heap_end, (__cy_stack - 0x800))

.cybootloader   0x00000000        0x0
 *(.cybootloader)
                0x00000000                appl1_start = CY_APPL_ORIGIN?CY_APPL_ORIGIN:ALIGN (CY_FLASH_ROW_SIZE)
                0x0001ff00                appl2_start = (appl1_start + ALIGN ((((0x40000 - appl1_start) - (0x2 * CY_FLASH_ROW_SIZE)) / 0x2), CY_FLASH_ROW_SIZE))
                0x00000000                appl_start = (CY_APPL_NUM == 0x1)?appl1_start:appl2_start
                0x00000000                ecc_offset = ((appl_start / CY_FLASH_ROW_SIZE) * CY_ECC_ROW_SIZE)
                0x00000000                ee_offset = (CY_APPL_LOADABLE && ! (CY_EE_IN_BTLDR))?((CY_EE_SIZE / CY_APPL_MAX) * (CY_APPL_NUM - 0x1)):0x0
                0x00000800                ee_size = (CY_APPL_LOADABLE && ! (CY_EE_IN_BTLDR))?(CY_EE_SIZE / CY_APPL_MAX):CY_EE_SIZE
                0x00000000                PROVIDE (CY_ECC_OFFSET, ecc_offset)

.text           0x00000000     0x23aa
 CREATE_OBJECT_SYMBOLS
                0x00000000                PROVIDE (__cy_interrupt_vector, RomVectors)
 *(.romvectors)
 .romvectors    0x00000000       0x10 .\CortexM3\ARM_GCC_484\Debug\Cm3Start.o
                0x00000000                RomVectors
                0x00000001                ASSERT ((. != __cy_interrupt_vector), No interrupt vector)
                0x00000001                ASSERT (CY_APPL_ORIGIN?(SIZEOF (.cybootloader) <= CY_APPL_ORIGIN):0x1, Wrong image location)
                0x00000010                PROVIDE (__cy_reset, Reset)
 *(.text.Reset)
 .text.Reset    0x00000010       0x18 .\CortexM3\ARM_GCC_484\Debug\Cm3Start.o
                0x00000010                Reset
                0x00000001                ASSERT ((. != __cy_reset), No reset code)
 *(.dma_init)
 .dma_init      0x00000028      0x1a8 .\CortexM3\ARM_GCC_484\Debug\DelSig_16Channel-20bit-DMA.a(cyfitter_cfg.o)
                0x00000001                ASSERT ((((appl_start + .) <= 0x10000) || 0x0), DMA Init must be within the first 64k of flash)
 *(.text .text.* .gnu.linkonce.t.*)
 .text          0x000001d0       0x54 c:/program files/cypress/psoc creator/3.2/psoc creator/import/gnu/arm/4.8.4/bin/../lib/gcc/arm-none-eabi/4.8.4/armv7-m/crtbegin.o
 .text.main     0x00000224       0x80 .\CortexM3\ARM_GCC_484\Debug\main.o
                0x00000224                main
 .text.DMA_Config
                0x000002a4      0x1c8 .\CortexM3\ARM_GCC_484\Debug\main.o
                0x000002a4                DMA_Config
 .text.IntDefaultHandler
                0x0000046c        0x8 .\CortexM3\ARM_GCC_484\Debug\Cm3Start.o
                0x0000046c                IntDefaultHandler
 .text.Start_c  0x00000474       0x94 .\CortexM3\ARM_GCC_484\Debug\Cm3Start.o
                0x00000474                Start_c
 .text.initialize_psoc
                0x00000508       0x90 .\CortexM3\ARM_GCC_484\Debug\Cm3Start.o
                0x00000508                initialize_psoc
 .text.CYMEMZERO
                0x00000598       0x1c .\CortexM3\ARM_GCC_484\Debug\DelSig_16Channel-20bit-DMA.a(cyfitter_cfg.o)
 .text.CYCONFIGCPY
                0x000005b4       0x1c .\CortexM3\ARM_GCC_484\Debug\DelSig_16Channel-20bit-DMA.a(cyfitter_cfg.o)
 .text.CyClockStartupError
                0x000005d0        0xc .\CortexM3\ARM_GCC_484\Debug\DelSig_16Channel-20bit-DMA.a(cyfitter_cfg.o)
 .text.cfg_dma_init
                0x000005dc      0x17c .\CortexM3\ARM_GCC_484\Debug\DelSig_16Channel-20bit-DMA.a(cyfitter_cfg.o)
 .text.ClockSetup
                0x00000758      0x144 .\CortexM3\ARM_GCC_484\Debug\DelSig_16Channel-20bit-DMA.a(cyfitter_cfg.o)
 .text.AnalogSetDefault
                0x0000089c       0x58 .\CortexM3\ARM_GCC_484\Debug\DelSig_16Channel-20bit-DMA.a(cyfitter_cfg.o)
 .text.ADC_AMux_Set
                0x000008f4       0x40 .\CortexM3\ARM_GCC_484\Debug\DelSig_16Channel-20bit-DMA.a(cyfitter_cfg.o)
                0x000008f4                ADC_AMux_Set
 .text.ADC_AMux_Unset
                0x00000934       0x44 .\CortexM3\ARM_GCC_484\Debug\DelSig_16Channel-20bit-DMA.a(cyfitter_cfg.o)
                0x00000934                ADC_AMux_Unset
 .text.cyfitter_cfg
                0x00000978      0x13c .\CortexM3\ARM_GCC_484\Debug\DelSig_16Channel-20bit-DMA.a(cyfitter_cfg.o)
                0x00000978                cyfitter_cfg
 .text.LCD_Init
                0x00000ab4       0x6c .\CortexM3\ARM_GCC_484\Debug\DelSig_16Channel-20bit-DMA.a(LCD.o)
                0x00000ab4                LCD_Init
 .text.LCD_Enable
                0x00000b20       0x18 .\CortexM3\ARM_GCC_484\Debug\DelSig_16Channel-20bit-DMA.a(LCD.o)
                0x00000b20                LCD_Enable
 .text.LCD_Start
                0x00000b38       0x20 .\CortexM3\ARM_GCC_484\Debug\DelSig_16Channel-20bit-DMA.a(LCD.o)
                0x00000b38                LCD_Start
 .text.LCD_Position
                0x00000b58       0x6c .\CortexM3\ARM_GCC_484\Debug\DelSig_16Channel-20bit-DMA.a(LCD.o)
                0x00000b58                LCD_Position
 .text.LCD_PrintString
                0x00000bc4       0x38 .\CortexM3\ARM_GCC_484\Debug\DelSig_16Channel-20bit-DMA.a(LCD.o)
                0x00000bc4                LCD_PrintString
 .text.LCD_WriteData
                0x00000bfc       0x34 .\CortexM3\ARM_GCC_484\Debug\DelSig_16Channel-20bit-DMA.a(LCD.o)
                0x00000bfc                LCD_WriteData
 .text.LCD_WriteControl
                0x00000c30       0x34 .\CortexM3\ARM_GCC_484\Debug\DelSig_16Channel-20bit-DMA.a(LCD.o)
                0x00000c30                LCD_WriteControl
 .text.LCD_IsReady
                0x00000c64      0x158 .\CortexM3\ARM_GCC_484\Debug\DelSig_16Channel-20bit-DMA.a(LCD.o)
                0x00000c64                LCD_IsReady
 .text.LCD_WrDatNib
                0x00000dbc       0x74 .\CortexM3\ARM_GCC_484\Debug\DelSig_16Channel-20bit-DMA.a(LCD.o)
 .text.LCD_WrCntrlNib
                0x00000e30       0x60 .\CortexM3\ARM_GCC_484\Debug\DelSig_16Channel-20bit-DMA.a(LCD.o)
 .text.LCD_PrintNumber
                0x00000e90       0xd8 .\CortexM3\ARM_GCC_484\Debug\DelSig_16Channel-20bit-DMA.a(LCD.o)
                0x00000e90                LCD_PrintNumber
 .text.DMA_ADC2Mem_DmaInitialize
                0x00000f68       0x60 .\CortexM3\ARM_GCC_484\Debug\DelSig_16Channel-20bit-DMA.a(DMA_ADC2Mem_dma.o)
                0x00000f68                DMA_ADC2Mem_DmaInitialize
 .text.ADC_Init
                0x00000fc8      0x11c .\CortexM3\ARM_GCC_484\Debug\DelSig_16Channel-20bit-DMA.a(ADC.o)
                0x00000fc8                ADC_Init
 .text.ADC_Enable
                0x000010e4      0x158 .\CortexM3\ARM_GCC_484\Debug\DelSig_16Channel-20bit-DMA.a(ADC.o)
                0x000010e4                ADC_Enable
 .text.ADC_Start
                0x0000123c       0x30 .\CortexM3\ARM_GCC_484\Debug\DelSig_16Channel-20bit-DMA.a(ADC.o)
                0x0000123c                ADC_Start
 .text.ADC_StartConvert
                0x0000126c       0x20 .\CortexM3\ARM_GCC_484\Debug\DelSig_16Channel-20bit-DMA.a(ADC.o)
                0x0000126c                ADC_StartConvert
 .text.ADC_CountsTo_mVolts
                0x0000128c       0x40 .\CortexM3\ARM_GCC_484\Debug\DelSig_16Channel-20bit-DMA.a(ADC.o)
                0x0000128c                ADC_CountsTo_mVolts
 .text.ADC_InitConfig
                0x000012cc      0x164 .\CortexM3\ARM_GCC_484\Debug\DelSig_16Channel-20bit-DMA.a(ADC.o)
 .text.ADC_GainCompensation
                0x00001430      0x15c .\CortexM3\ARM_GCC_484\Debug\DelSig_16Channel-20bit-DMA.a(ADC.o)
 .text.ADC_SetDSMRef0Reg
                0x0000158c       0x78 .\CortexM3\ARM_GCC_484\Debug\DelSig_16Channel-20bit-DMA.a(ADC.o)
 .text.ADC_ISR1
                0x00001604        0xc .\CortexM3\ARM_GCC_484\Debug\DelSig_16Channel-20bit-DMA.a(ADC_INT.o)
                0x00001604                ADC_ISR1
 .text.DMA_Mem2Mem_DmaInitialize
                0x00001610       0x60 .\CortexM3\ARM_GCC_484\Debug\DelSig_16Channel-20bit-DMA.a(DMA_Mem2Mem_dma.o)
                0x00001610                DMA_Mem2Mem_DmaInitialize
 .text.ADC_AMux_Start
                0x00001670       0x30 .\CortexM3\ARM_GCC_484\Debug\DelSig_16Channel-20bit-DMA.a(ADC_AMux.o)
                0x00001670                ADC_AMux_Start
 .text.ADC_AMux_Select
                0x000016a0       0x28 .\CortexM3\ARM_GCC_484\Debug\DelSig_16Channel-20bit-DMA.a(ADC_AMux.o)
                0x000016a0                ADC_AMux_Select
 .text.ADC_Ext_CP_Clk_SetDividerRegister
                0x000016c8      0x15c .\CortexM3\ARM_GCC_484\Debug\DelSig_16Channel-20bit-DMA.a(ADC_Ext_CP_Clk.o)
                0x000016c8                ADC_Ext_CP_Clk_SetDividerRegister
 .text.ADC_Ext_CP_Clk_GetDividerRegister
                0x00001824       0x18 .\CortexM3\ARM_GCC_484\Debug\DelSig_16Channel-20bit-DMA.a(ADC_Ext_CP_Clk.o)
                0x00001824                ADC_Ext_CP_Clk_GetDividerRegister
 .text.ADC_Ext_CP_Clk_SetModeRegister
                0x0000183c       0x34 .\CortexM3\ARM_GCC_484\Debug\DelSig_16Channel-20bit-DMA.a(ADC_Ext_CP_Clk.o)
                0x0000183c                ADC_Ext_CP_Clk_SetModeRegister
 .text.ADC_Ext_CP_Clk_GetSourceRegister
                0x00001870       0x20 .\CortexM3\ARM_GCC_484\Debug\DelSig_16Channel-20bit-DMA.a(ADC_Ext_CP_Clk.o)
                0x00001870                ADC_Ext_CP_Clk_GetSourceRegister
 .text.ADC_IRQ_Disable
                0x00001890       0x18 .\CortexM3\ARM_GCC_484\Debug\DelSig_16Channel-20bit-DMA.a(ADC_IRQ.o)
                0x00001890                ADC_IRQ_Disable
 .text.ADC_theACLK_SetDividerRegister
                0x000018a8      0x15c .\CortexM3\ARM_GCC_484\Debug\DelSig_16Channel-20bit-DMA.a(ADC_theACLK.o)
                0x000018a8                ADC_theACLK_SetDividerRegister
 .text.ADC_theACLK_GetDividerRegister
                0x00001a04       0x18 .\CortexM3\ARM_GCC_484\Debug\DelSig_16Channel-20bit-DMA.a(ADC_theACLK.o)
                0x00001a04                ADC_theACLK_GetDividerRegister
 .text.ADC_theACLK_SetModeRegister
                0x00001a1c       0x34 .\CortexM3\ARM_GCC_484\Debug\DelSig_16Channel-20bit-DMA.a(ADC_theACLK.o)
                0x00001a1c                ADC_theACLK_SetModeRegister
 .text.ADC_theACLK_GetSourceRegister
                0x00001a50       0x20 .\CortexM3\ARM_GCC_484\Debug\DelSig_16Channel-20bit-DMA.a(ADC_theACLK.o)
                0x00001a50                ADC_theACLK_GetSourceRegister
 .text          0x00001a70       0x28 .\CortexM3\ARM_GCC_484\Debug\DelSig_16Channel-20bit-DMA.a(CyBootAsmGnu.o)
                0x00001a70                CyDelayCycles
                0x00001a84                CyEnterCriticalSection
                0x00001a8c                CyExitCriticalSection
 .text.CyDmacConfigure
                0x00001a98       0x5c .\CortexM3\ARM_GCC_484\Debug\DelSig_16Channel-20bit-DMA.a(CyDmac.o)
                0x00001a98                CyDmacConfigure
 .text.CyDmaChEnable
                0x00001af4       0x8c .\CortexM3\ARM_GCC_484\Debug\DelSig_16Channel-20bit-DMA.a(CyDmac.o)
                0x00001af4                CyDmaChEnable
 .text.CyDmaChPriority
                0x00001b80       0x5c .\CortexM3\ARM_GCC_484\Debug\DelSig_16Channel-20bit-DMA.a(CyDmac.o)
                0x00001b80                CyDmaChPriority
 .text.CyDmaChSetExtendedAddress
                0x00001bdc       0x7c .\CortexM3\ARM_GCC_484\Debug\DelSig_16Channel-20bit-DMA.a(CyDmac.o)
                0x00001bdc                CyDmaChSetExtendedAddress
 .text.CyDmaChSetInitialTd
                0x00001c58       0x3c .\CortexM3\ARM_GCC_484\Debug\DelSig_16Channel-20bit-DMA.a(CyDmac.o)
                0x00001c58                CyDmaChSetInitialTd
 .text.CyDmaChSetConfiguration
                0x00001c94       0x90 .\CortexM3\ARM_GCC_484\Debug\DelSig_16Channel-20bit-DMA.a(CyDmac.o)
                0x00001c94                CyDmaChSetConfiguration
 .text.CyDmaTdAllocate
                0x00001d24       0x5c .\CortexM3\ARM_GCC_484\Debug\DelSig_16Channel-20bit-DMA.a(CyDmac.o)
                0x00001d24                CyDmaTdAllocate
 .text.CyDmaTdSetConfiguration
                0x00001d80       0x70 .\CortexM3\ARM_GCC_484\Debug\DelSig_16Channel-20bit-DMA.a(CyDmac.o)
                0x00001d80                CyDmaTdSetConfiguration
 .text.CyDmaTdSetAddress
                0x00001df0       0x5c .\CortexM3\ARM_GCC_484\Debug\DelSig_16Channel-20bit-DMA.a(CyDmac.o)
                0x00001df0                CyDmaTdSetAddress
 .text.CyHalt   0x00001e4c       0x18 .\CortexM3\ARM_GCC_484\Debug\DelSig_16Channel-20bit-DMA.a(CyLib.o)
                0x00001e4c                CyHalt
 .text.CyDelay  0x00001e64       0x44 .\CortexM3\ARM_GCC_484\Debug\DelSig_16Channel-20bit-DMA.a(CyLib.o)
                0x00001e64                CyDelay
 .text.CyDelayUs
                0x00001ea8       0x24 .\CortexM3\ARM_GCC_484\Debug\DelSig_16Channel-20bit-DMA.a(CyLib.o)
                0x00001ea8                CyDelayUs
 .text.CyIntSetVector
                0x00001ecc       0x50 .\CortexM3\ARM_GCC_484\Debug\DelSig_16Channel-20bit-DMA.a(CyLib.o)
                0x00001ecc                CyIntSetVector
 .text.CyIntSetPriority
                0x00001f1c       0x44 .\CortexM3\ARM_GCC_484\Debug\DelSig_16Channel-20bit-DMA.a(CyLib.o)
                0x00001f1c                CyIntSetPriority
 .text.Filter_Init
                0x00001f60      0x11c .\CortexM3\ARM_GCC_484\Debug\DelSig_16Channel-20bit-DMA.a(Filter.o)
                0x00001f60                Filter_Init
 .text.Filter_Enable
                0x0000207c       0x48 .\CortexM3\ARM_GCC_484\Debug\DelSig_16Channel-20bit-DMA.a(Filter.o)
                0x0000207c                Filter_Enable
 .text.Filter_Start
                0x000020c4       0x20 .\CortexM3\ARM_GCC_484\Debug\DelSig_16Channel-20bit-DMA.a(Filter.o)
                0x000020c4                Filter_Start
 .text.Filter_SetCoherency
                0x000020e4       0x98 .\CortexM3\ARM_GCC_484\Debug\DelSig_16Channel-20bit-DMA.a(Filter.o)
                0x000020e4                Filter_SetCoherency
 .text.Filter_SetDalign
                0x0000217c       0x50 .\CortexM3\ARM_GCC_484\Debug\DelSig_16Channel-20bit-DMA.a(Filter.o)
                0x0000217c                Filter_SetDalign
 .text.Filter_SetInterruptMode
                0x000021cc       0x28 .\CortexM3\ARM_GCC_484\Debug\DelSig_16Channel-20bit-DMA.a(Filter_PVT.o)
                0x000021cc                Filter_SetInterruptMode
 .text.Filter_SetDMAMode
                0x000021f4       0x28 .\CortexM3\ARM_GCC_484\Debug\DelSig_16Channel-20bit-DMA.a(Filter_PVT.o)
                0x000021f4                Filter_SetDMAMode
 .text.DMA_Filter2Mem_DmaInitialize
                0x0000221c       0x60 .\CortexM3\ARM_GCC_484\Debug\DelSig_16Channel-20bit-DMA.a(DMA_Filter2Mem_dma.o)
                0x0000221c                DMA_Filter2Mem_DmaInitialize
 .text.DMA_FilterMem2Mem_DmaInitialize
                0x0000227c       0x60 .\CortexM3\ARM_GCC_484\Debug\DelSig_16Channel-20bit-DMA.a(DMA_FilterMem2Mem_dma.o)
                0x0000227c                DMA_FilterMem2Mem_DmaInitialize
 .text.DMA_ADC2Filter_DmaInitialize
                0x000022dc       0x60 .\CortexM3\ARM_GCC_484\Debug\DelSig_16Channel-20bit-DMA.a(DMA_ADC2Filter_dma.o)
                0x000022dc                DMA_ADC2Filter_DmaInitialize
 .text.__libc_init_array
                0x0000233c       0x4c c:/program files/cypress/psoc creator/3.2/psoc creator/import/gnu/arm/4.8.4/bin/../lib/gcc/arm-none-eabi/4.8.4/../../../../arm-none-eabi/lib/armv7-m\libg_s.a(lib_a-init.o)
                0x0000233c                __libc_init_array
 .text.memcpy   0x00002388       0x12 c:/program files/cypress/psoc creator/3.2/psoc creator/import/gnu/arm/4.8.4/bin/../lib/gcc/arm-none-eabi/4.8.4/../../../../arm-none-eabi/lib/armv7-m\libg_s.a(lib_a-memcpy-stub.o)
                0x00002388                memcpy
 .text.memset   0x0000239a       0x10 c:/program files/cypress/psoc creator/3.2/psoc creator/import/gnu/arm/4.8.4/bin/../lib/gcc/arm-none-eabi/4.8.4/../../../../arm-none-eabi/lib/armv7-m\libg_s.a(lib_a-memset.o)
                0x0000239a                memset
 *(.plt)
 *(.gnu.warning)
 *(.glue_7t)
 .glue_7t       0x00000000        0x0 linker stubs
 *(.glue_7)
 .glue_7        0x00000000        0x0 linker stubs
 *(.vfp11_veneer)
 .vfp11_veneer  0x00000000        0x0 linker stubs
 *(.bootloader)
 *(.ARM.extab* .gnu.linkonce.armextab.*)
 *(.gcc_except_table)

.v4_bx          0x000023ac        0x0
 .v4_bx         0x00000000        0x0 linker stubs

.iplt           0x000023ac        0x0
 .iplt          0x00000000        0x0 c:/program files/cypress/psoc creator/3.2/psoc creator/import/gnu/arm/4.8.4/bin/../lib/gcc/arm-none-eabi/4.8.4/armv7-m/crtbegin.o

.eh_frame_hdr
 *(.eh_frame_hdr)

.eh_frame       0x000023ac        0x4
 *(.eh_frame)
 .eh_frame      0x000023ac        0x0 c:/program files/cypress/psoc creator/3.2/psoc creator/import/gnu/arm/4.8.4/bin/../lib/gcc/arm-none-eabi/4.8.4/armv7-m/crtbegin.o
 .eh_frame      0x000023ac        0x4 c:/program files/cypress/psoc creator/3.2/psoc creator/import/gnu/arm/4.8.4/bin/../lib/gcc/arm-none-eabi/4.8.4/armv7-m/crtend.o
                0x000023b0                PROVIDE (__exidx_start, .)

.ARM.exidx
 *(.ARM.exidx* .gnu.linkonce.armexidx.*)
                0x000023b0                __exidx_end = .

.rodata         0x000023b0      0x740
 *(.rodata .rodata.* .gnu.linkonce.r.*)
 .rodata        0x000023b0       0xcc .\CortexM3\ARM_GCC_484\Debug\DelSig_16Channel-20bit-DMA.a(cyfitter_cfg.o)
                0x000023b0                ADC_AMux__addrTable
                0x000023b8                ADC_AMux__maskTable
 .rodata        0x0000247c      0x640 .\CortexM3\ARM_GCC_484\Debug\DelSig_16Channel-20bit-DMA.a(Filter_RAM_Data.o)
                0x0000247c                Filter_control
                0x0000257c                Filter_data_a
                0x0000277c                Filter_data_b
                0x0000297c                Filter_acu
                0x000029bc                Filter_cfsm
                0x00002abc                . = ALIGN (0x4)
 *(.init)
 .init          0x00002abc        0x4 c:/program files/cypress/psoc creator/3.2/psoc creator/import/gnu/arm/4.8.4/bin/../lib/gcc/arm-none-eabi/4.8.4/armv7-m/crti.o
                0x00002abc                _init
 .init          0x00002ac0        0x8 c:/program files/cypress/psoc creator/3.2/psoc creator/import/gnu/arm/4.8.4/bin/../lib/gcc/arm-none-eabi/4.8.4/armv7-m/crtn.o
                0x00002ac8                . = ALIGN (0x4)
                0x00002ac8                __preinit_array_start = .
 *(.preinit_array)
                0x00002ac8                __preinit_array_end = .
                0x00002ac8                . = ALIGN (0x4)
                0x00002ac8                __init_array_start = .
 *(SORT(.init_array.*))
 *(.init_array)
 .init_array    0x00002ac8        0x4 c:/program files/cypress/psoc creator/3.2/psoc creator/import/gnu/arm/4.8.4/bin/../lib/gcc/arm-none-eabi/4.8.4/armv7-m/crtbegin.o
 .init_array    0x00002acc        0x4 .\CortexM3\ARM_GCC_484\Debug\Cm3Start.o
                0x00002ad0                __init_array_end = .
                0x00002ad0                . = ALIGN (0x4)
 *(.fini)
 .fini          0x00002ad0        0x4 c:/program files/cypress/psoc creator/3.2/psoc creator/import/gnu/arm/4.8.4/bin/../lib/gcc/arm-none-eabi/4.8.4/armv7-m/crti.o
                0x00002ad0                _fini
 .fini          0x00002ad4        0x8 c:/program files/cypress/psoc creator/3.2/psoc creator/import/gnu/arm/4.8.4/bin/../lib/gcc/arm-none-eabi/4.8.4/armv7-m/crtn.o
                0x00002adc                . = ALIGN (0x4)
                0x00002adc                __fini_array_start = .
 *(.fini_array)
 .fini_array    0x00002adc        0x4 c:/program files/cypress/psoc creator/3.2/psoc creator/import/gnu/arm/4.8.4/bin/../lib/gcc/arm-none-eabi/4.8.4/armv7-m/crtbegin.o
 *(SORT(.fini_array.*))
                0x00002ae0                __fini_array_end = .
                0x00002ae0                . = ALIGN (0x4)
 *crtbegin.o(.ctors)
 *(EXCLUDE_FILE(*crtend.o) .ctors)
 *(SORT(.ctors.*))
 *crtend.o(.ctors)
                0x00002ae0                . = ALIGN (0x4)
 *crtbegin.o(.dtors)
 *(EXCLUDE_FILE(*crtend.o) .dtors)
 *(SORT(.dtors.*))
 *crtend.o(.dtors)
                0x00002ae0                . = ALIGN (0x4)
                0x00002ae0                __cy_regions = .
                0x00002ae0        0x4 LONG 0x2af0 __cy_region_init_ram
                0x00002ae4        0x4 LONG 0x1fff8108 __cy_region_start_data
                0x00002ae8        0x4 LONG 0x28 __cy_region_init_size_ram
                0x00002aec        0x4 LONG 0x848 __cy_region_zero_size_ram
                0x00002af0                __cy_regions_end = .
                0x00002af0                . = ALIGN (0x8)
                0x00002af0                _etext = .

.ramvectors     0x1fff8000      0x100
                0x1fff8000                __cy_region_start_ram = .
 *(.ramvectors)
 .ramvectors    0x1fff8000      0x100 .\CortexM3\ARM_GCC_484\Debug\Cm3Start.o
                0x1fff8000                CyRamVectors

.noinit         0x1fff8100        0x5
 *(.noinit)
 .noinit        0x1fff8100        0x4 .\CortexM3\ARM_GCC_484\Debug\Cm3Start.o
 .noinit        0x1fff8104        0x1 .\CortexM3\ARM_GCC_484\Debug\DelSig_16Channel-20bit-DMA.a(CyLib.o)
                0x1fff8104                CyResetStatus

.data           0x1fff8108       0x28 load address 0x00002af0
                0x1fff8108                __cy_region_start_data = .
 *(.jcr)
 .jcr           0x1fff8108        0x0 c:/program files/cypress/psoc creator/3.2/psoc creator/import/gnu/arm/4.8.4/bin/../lib/gcc/arm-none-eabi/4.8.4/armv7-m/crtbegin.o
 .jcr           0x1fff8108        0x4 c:/program files/cypress/psoc creator/3.2/psoc creator/import/gnu/arm/4.8.4/bin/../lib/gcc/arm-none-eabi/4.8.4/armv7-m/crtend.o
 *(.got.plt)
 *(.got)
 *(.shdata)
 *(.data .data.* .gnu.linkonce.d.*)
 .data          0x1fff810c        0x1 .\CortexM3\ARM_GCC_484\Debug\DelSig_16Channel-20bit-DMA.a(DMA_ADC2Mem_dma.o)
                0x1fff810c                DMA_ADC2Mem_DmaHandle
 .data          0x1fff810d        0x1 .\CortexM3\ARM_GCC_484\Debug\DelSig_16Channel-20bit-DMA.a(ADC.o)
                0x1fff810d                ADC_Config
 .data          0x1fff810e        0x1 .\CortexM3\ARM_GCC_484\Debug\DelSig_16Channel-20bit-DMA.a(DMA_Mem2Mem_dma.o)
                0x1fff810e                DMA_Mem2Mem_DmaHandle
 .data          0x1fff810f        0x1 .\CortexM3\ARM_GCC_484\Debug\DelSig_16Channel-20bit-DMA.a(ADC_AMux.o)
 .data          0x1fff8110        0x8 .\CortexM3\ARM_GCC_484\Debug\DelSig_16Channel-20bit-DMA.a(CyDmac.o)
 .data          0x1fff8118       0x10 .\CortexM3\ARM_GCC_484\Debug\DelSig_16Channel-20bit-DMA.a(CyLib.o)
                0x1fff8118                cydelay_freq_hz
                0x1fff811c                cydelay_freq_khz
                0x1fff8120                cydelay_freq_mhz
                0x1fff8124                cydelay_32k_ms
 .data          0x1fff8128        0x1 .\CortexM3\ARM_GCC_484\Debug\DelSig_16Channel-20bit-DMA.a(DMA_Filter2Mem_dma.o)
                0x1fff8128                DMA_Filter2Mem_DmaHandle
 .data          0x1fff8129        0x1 .\CortexM3\ARM_GCC_484\Debug\DelSig_16Channel-20bit-DMA.a(DMA_FilterMem2Mem_dma.o)
                0x1fff8129                DMA_FilterMem2Mem_DmaHandle
 .data          0x1fff812a        0x1 .\CortexM3\ARM_GCC_484\Debug\DelSig_16Channel-20bit-DMA.a(DMA_ADC2Filter_dma.o)
                0x1fff812a                DMA_ADC2Filter_DmaHandle
                0x1fff8130                . = ALIGN (0x8)
 *fill*         0x1fff812b        0x5 
 *(.ram)
                0x1fff8130                _edata = .

.igot.plt       0x1fff8130        0x0 load address 0x00002b18
 .igot.plt      0x00000000        0x0 c:/program files/cypress/psoc creator/3.2/psoc creator/import/gnu/arm/4.8.4/bin/../lib/gcc/arm-none-eabi/4.8.4/armv7-m/crtbegin.o

.bss            0x1fff8130      0x848 load address 0x00002b18
                0x1fff8130                PROVIDE (__bss_start__, .)
 *(.shbss)
 *(.bss .bss.* .gnu.linkonce.b.*)
 .bss           0x1fff8130       0x1c c:/program files/cypress/psoc creator/3.2/psoc creator/import/gnu/arm/4.8.4/bin/../lib/gcc/arm-none-eabi/4.8.4/armv7-m/crtbegin.o
 *fill*         0x1fff814c        0x4 
 .bss           0x1fff8150        0x8 .\CortexM3\ARM_GCC_484\Debug\DelSig_16Channel-20bit-DMA.a(cyfitter_cfg.o)
 .bss           0x1fff8158        0x2 .\CortexM3\ARM_GCC_484\Debug\DelSig_16Channel-20bit-DMA.a(LCD.o)
                0x1fff8158                LCD_enableState
                0x1fff8159                LCD_initVar
 *fill*         0x1fff815a        0x2 
 .bss           0x1fff815c        0x8 .\CortexM3\ARM_GCC_484\Debug\DelSig_16Channel-20bit-DMA.a(ADC.o)
                0x1fff815c                ADC_convDone
                0x1fff815d                ADC_stopConversion
                0x1fff815e                ADC_initVar
                0x1fff815f                ADC_started
 .bss           0x1fff8164        0x1 .\CortexM3\ARM_GCC_484\Debug\DelSig_16Channel-20bit-DMA.a(Filter.o)
                0x1fff8164                Filter_initVar
 *(COMMON)
 *fill*         0x1fff8165        0x3 
 COMMON         0x1fff8168      0x808 .\CortexM3\ARM_GCC_484\Debug\main.o
                0x1fff8168                filter_temp
                0x1fff816c                adc_temp
                0x1fff8170                result
                0x1fff8570                Filtered_result
 COMMON         0x1fff8970        0x8 .\CortexM3\ARM_GCC_484\Debug\DelSig_16Channel-20bit-DMA.a(ADC.o)
                0x1fff8970                ADC_Offset
                0x1fff8974                ADC_CountsPerVolt
                0x1fff8978                . = ALIGN (0x8)
 *(.ram.b)
                0x1fff8978                _end = .
                0x1fff8978                __end = .
                0x1fff8978                PROVIDE (end, .)
                0x1fff8978                PROVIDE (__bss_end__, .)
                0x00002af0                __cy_region_init_ram = LOADADDR (.data)
                0x00000028                __cy_region_init_size_ram = (_edata - ADDR (.data))
                0x00000848                __cy_region_zero_size_ram = (_end - _edata)

.heap           0x1fff8978       0x80 load address 0x00002b18
                0x1fff8978                . = _end
                0x1fff89f8                . = (. + 0x80)
 *fill*         0x1fff8978       0x80 
                0x1fff89f8                __cy_heap_limit = .

.stack          0x20007800      0x800
                0x20007800                __cy_stack_limit = .
                0x20008000                . = (. + 0x800)
 *fill*         0x20007800      0x800 
                0x00000001                ASSERT ((__cy_stack_limit >= __cy_heap_limit), region RAM overflowed with stack)

.cyloadermeta
 *(.cyloadermeta)

.cyloadablemeta
 *(.cyloadablemeta)

.cyconfigecc    0x80000000      0xcb4
 *(.cyconfigecc)
 .cyconfigecc   0x80000000      0xcb4 .\CortexM3\ARM_GCC_484\Debug\cymetadata.o
                0x80000000                cy_meta_configecc

.cycustnvl      0x90000000        0x4
 *(.cycustnvl)
 .cycustnvl     0x90000000        0x4 .\CortexM3\ARM_GCC_484\Debug\cymetadata.o
                0x90000000                cy_meta_custnvl

.cywolatch      0x90100000        0x4
 *(.cywolatch)
 .cywolatch     0x90100000        0x4 .\CortexM3\ARM_GCC_484\Debug\cymetadata.o
                0x90100000                cy_meta_wonvl

.cyeeprom       0x90200000        0x0
 *(.cyeeprom)
                0x00000001                ASSERT ((. <= ((0x90200000 + ee_offset) + ee_size)), .cyeeprom data will not fit in EEPROM)

.cyflashprotect
                0x90400000      0x100
 *(.cyflashprotect)
 .cyflashprotect
                0x90400000      0x100 .\CortexM3\ARM_GCC_484\Debug\cymetadata.o
                0x90400000                cy_meta_flashprotect

.cymeta         0x90500000        0xc
 *(.cymeta)
 .cymeta        0x90500000        0xc .\CortexM3\ARM_GCC_484\Debug\cymetadata.o
                0x90500000                cy_metadata

.rel.dyn        0x00002b18        0x0 load address 0x9050000c
 .rel.iplt      0x00000000        0x0 c:/program files/cypress/psoc creator/3.2/psoc creator/import/gnu/arm/4.8.4/bin/../lib/gcc/arm-none-eabi/4.8.4/armv7-m/crtbegin.o

.stab
 *(.stab)

.stabstr
 *(.stabstr)

.debug
 *(.debug)

.line
 *(.line)

.debug_srcinfo
 *(.debug_srcinfo)

.debug_sfnames
 *(.debug_sfnames)

.debug_aranges  0x00000000      0xa48
 *(.debug_aranges)
 .debug_aranges
                0x00000000       0x28 .\CortexM3\ARM_GCC_484\Debug\main.o
 .debug_aranges
                0x00000028       0x18 .\CortexM3\ARM_GCC_484\Debug\cymetadata.o
 .debug_aranges
                0x00000040       0x40 .\CortexM3\ARM_GCC_484\Debug\Cm3Start.o
 .debug_aranges
                0x00000080       0x70 .\CortexM3\ARM_GCC_484\Debug\DelSig_16Channel-20bit-DMA.a(cyfitter_cfg.o)
 .debug_aranges
                0x000000f0       0x90 .\CortexM3\ARM_GCC_484\Debug\DelSig_16Channel-20bit-DMA.a(LCD.o)
 .debug_aranges
                0x00000180       0x28 .\CortexM3\ARM_GCC_484\Debug\DelSig_16Channel-20bit-DMA.a(DMA_ADC2Mem_dma.o)
 .debug_aranges
                0x000001a8       0xe8 .\CortexM3\ARM_GCC_484\Debug\DelSig_16Channel-20bit-DMA.a(ADC.o)
 .debug_aranges
                0x00000290       0x38 .\CortexM3\ARM_GCC_484\Debug\DelSig_16Channel-20bit-DMA.a(ADC_INT.o)
 .debug_aranges
                0x000002c8       0x28 .\CortexM3\ARM_GCC_484\Debug\DelSig_16Channel-20bit-DMA.a(DMA_Mem2Mem_dma.o)
 .debug_aranges
                0x000002f0       0x30 .\CortexM3\ARM_GCC_484\Debug\DelSig_16Channel-20bit-DMA.a(ADC_AMux.o)
 .debug_aranges
                0x00000320       0x70 .\CortexM3\ARM_GCC_484\Debug\DelSig_16Channel-20bit-DMA.a(ADC_Ext_CP_Clk.o)
 .debug_aranges
                0x00000390       0x80 .\CortexM3\ARM_GCC_484\Debug\DelSig_16Channel-20bit-DMA.a(ADC_IRQ.o)
 .debug_aranges
                0x00000410       0x80 .\CortexM3\ARM_GCC_484\Debug\DelSig_16Channel-20bit-DMA.a(ADC_theACLK.o)
 .debug_aranges
                0x00000490       0x20 .\CortexM3\ARM_GCC_484\Debug\DelSig_16Channel-20bit-DMA.a(CyBootAsmGnu.o)
 .debug_aranges
                0x000004b0       0xd8 .\CortexM3\ARM_GCC_484\Debug\DelSig_16Channel-20bit-DMA.a(CyDmac.o)
 .debug_aranges
                0x00000588      0x218 .\CortexM3\ARM_GCC_484\Debug\DelSig_16Channel-20bit-DMA.a(CyLib.o)
 .debug_aranges
                0x000007a0       0x90 .\CortexM3\ARM_GCC_484\Debug\DelSig_16Channel-20bit-DMA.a(cyPm.o)
 .debug_aranges
                0x00000830       0x80 .\CortexM3\ARM_GCC_484\Debug\DelSig_16Channel-20bit-DMA.a(Filter.o)
 .debug_aranges
                0x000008b0       0x28 .\CortexM3\ARM_GCC_484\Debug\DelSig_16Channel-20bit-DMA.a(Filter_PVT.o)
 .debug_aranges
                0x000008d8       0x18 .\CortexM3\ARM_GCC_484\Debug\DelSig_16Channel-20bit-DMA.a(Filter_RAM_Data.o)
 .debug_aranges
                0x000008f0       0x28 .\CortexM3\ARM_GCC_484\Debug\DelSig_16Channel-20bit-DMA.a(DMA_Filter2Mem_dma.o)
 .debug_aranges
                0x00000918       0x28 .\CortexM3\ARM_GCC_484\Debug\DelSig_16Channel-20bit-DMA.a(DMA_FilterMem2Mem_dma.o)
 .debug_aranges
                0x00000940       0x28 .\CortexM3\ARM_GCC_484\Debug\DelSig_16Channel-20bit-DMA.a(DMA_ADC2Filter_dma.o)
 .debug_aranges
                0x00000968       0x78 .\CortexM3\ARM_GCC_484\Debug\DelSig_16Channel-20bit-DMA.a(CyFlash.o)
 .debug_aranges
                0x000009e0       0x68 .\CortexM3\ARM_GCC_484\Debug\DelSig_16Channel-20bit-DMA.a(CySpc.o)

.debug_pubnames
 *(.debug_pubnames)

.debug_info     0x00000000     0x4a03
 *(.debug_info .gnu.linkonce.wi.*)
 .debug_info    0x00000000      0x220 .\CortexM3\ARM_GCC_484\Debug\main.o
 .debug_info    0x00000220      0x13e .\CortexM3\ARM_GCC_484\Debug\cymetadata.o
 .debug_info    0x0000035e      0x2bc .\CortexM3\ARM_GCC_484\Debug\Cm3Start.o
 .debug_info    0x0000061a      0x453 .\CortexM3\ARM_GCC_484\Debug\DelSig_16Channel-20bit-DMA.a(cyfitter_cfg.o)
 .debug_info    0x00000a6d      0x383 .\CortexM3\ARM_GCC_484\Debug\DelSig_16Channel-20bit-DMA.a(LCD.o)
 .debug_info    0x00000df0      0x112 .\CortexM3\ARM_GCC_484\Debug\DelSig_16Channel-20bit-DMA.a(DMA_ADC2Mem_dma.o)
 .debug_info    0x00000f02      0x71b .\CortexM3\ARM_GCC_484\Debug\DelSig_16Channel-20bit-DMA.a(ADC.o)
 .debug_info    0x0000161d       0xcc .\CortexM3\ARM_GCC_484\Debug\DelSig_16Channel-20bit-DMA.a(ADC_INT.o)
 .debug_info    0x000016e9      0x112 .\CortexM3\ARM_GCC_484\Debug\DelSig_16Channel-20bit-DMA.a(DMA_Mem2Mem_dma.o)
 .debug_info    0x000017fb      0x109 .\CortexM3\ARM_GCC_484\Debug\DelSig_16Channel-20bit-DMA.a(ADC_AMux.o)
 .debug_info    0x00001904      0x259 .\CortexM3\ARM_GCC_484\Debug\DelSig_16Channel-20bit-DMA.a(ADC_Ext_CP_Clk.o)
 .debug_info    0x00001b5d      0x234 .\CortexM3\ARM_GCC_484\Debug\DelSig_16Channel-20bit-DMA.a(ADC_IRQ.o)
 .debug_info    0x00001d91      0x295 .\CortexM3\ARM_GCC_484\Debug\DelSig_16Channel-20bit-DMA.a(ADC_theACLK.o)
 .debug_info    0x00002026       0xca .\CortexM3\ARM_GCC_484\Debug\DelSig_16Channel-20bit-DMA.a(CyBootAsmGnu.o)
 .debug_info    0x000020f0      0x8ae .\CortexM3\ARM_GCC_484\Debug\DelSig_16Channel-20bit-DMA.a(CyDmac.o)
 .debug_info    0x0000299e      0xb90 .\CortexM3\ARM_GCC_484\Debug\DelSig_16Channel-20bit-DMA.a(CyLib.o)
 .debug_info    0x0000352e      0x534 .\CortexM3\ARM_GCC_484\Debug\DelSig_16Channel-20bit-DMA.a(cyPm.o)
 .debug_info    0x00003a62      0x3a4 .\CortexM3\ARM_GCC_484\Debug\DelSig_16Channel-20bit-DMA.a(Filter.o)
 .debug_info    0x00003e06       0xe7 .\CortexM3\ARM_GCC_484\Debug\DelSig_16Channel-20bit-DMA.a(Filter_PVT.o)
 .debug_info    0x00003eed      0x12a .\CortexM3\ARM_GCC_484\Debug\DelSig_16Channel-20bit-DMA.a(Filter_RAM_Data.o)
 .debug_info    0x00004017      0x112 .\CortexM3\ARM_GCC_484\Debug\DelSig_16Channel-20bit-DMA.a(DMA_Filter2Mem_dma.o)
 .debug_info    0x00004129      0x112 .\CortexM3\ARM_GCC_484\Debug\DelSig_16Channel-20bit-DMA.a(DMA_FilterMem2Mem_dma.o)
 .debug_info    0x0000423b      0x112 .\CortexM3\ARM_GCC_484\Debug\DelSig_16Channel-20bit-DMA.a(DMA_ADC2Filter_dma.o)
 .debug_info    0x0000434d      0x314 .\CortexM3\ARM_GCC_484\Debug\DelSig_16Channel-20bit-DMA.a(CyFlash.o)
 .debug_info    0x00004661      0x3a2 .\CortexM3\ARM_GCC_484\Debug\DelSig_16Channel-20bit-DMA.a(CySpc.o)

.debug_abbrev   0x00000000     0x17ea
 *(.debug_abbrev)
 .debug_abbrev  0x00000000       0xb3 .\CortexM3\ARM_GCC_484\Debug\main.o
 .debug_abbrev  0x000000b3       0x77 .\CortexM3\ARM_GCC_484\Debug\cymetadata.o
 .debug_abbrev  0x0000012a      0x173 .\CortexM3\ARM_GCC_484\Debug\Cm3Start.o
 .debug_abbrev  0x0000029d      0x187 .\CortexM3\ARM_GCC_484\Debug\DelSig_16Channel-20bit-DMA.a(cyfitter_cfg.o)
 .debug_abbrev  0x00000424      0x120 .\CortexM3\ARM_GCC_484\Debug\DelSig_16Channel-20bit-DMA.a(LCD.o)
 .debug_abbrev  0x00000544       0x8b .\CortexM3\ARM_GCC_484\Debug\DelSig_16Channel-20bit-DMA.a(DMA_ADC2Mem_dma.o)
 .debug_abbrev  0x000005cf      0x190 .\CortexM3\ARM_GCC_484\Debug\DelSig_16Channel-20bit-DMA.a(ADC.o)
 .debug_abbrev  0x0000075f       0x42 .\CortexM3\ARM_GCC_484\Debug\DelSig_16Channel-20bit-DMA.a(ADC_INT.o)
 .debug_abbrev  0x000007a1       0x8b .\CortexM3\ARM_GCC_484\Debug\DelSig_16Channel-20bit-DMA.a(DMA_Mem2Mem_dma.o)
 .debug_abbrev  0x0000082c       0x6f .\CortexM3\ARM_GCC_484\Debug\DelSig_16Channel-20bit-DMA.a(ADC_AMux.o)
 .debug_abbrev  0x0000089b      0x11d .\CortexM3\ARM_GCC_484\Debug\DelSig_16Channel-20bit-DMA.a(ADC_Ext_CP_Clk.o)
 .debug_abbrev  0x000009b8      0x156 .\CortexM3\ARM_GCC_484\Debug\DelSig_16Channel-20bit-DMA.a(ADC_IRQ.o)
 .debug_abbrev  0x00000b0e      0x11d .\CortexM3\ARM_GCC_484\Debug\DelSig_16Channel-20bit-DMA.a(ADC_theACLK.o)
 .debug_abbrev  0x00000c2b       0x14 .\CortexM3\ARM_GCC_484\Debug\DelSig_16Channel-20bit-DMA.a(CyBootAsmGnu.o)
 .debug_abbrev  0x00000c3f      0x187 .\CortexM3\ARM_GCC_484\Debug\DelSig_16Channel-20bit-DMA.a(CyDmac.o)
 .debug_abbrev  0x00000dc6      0x205 .\CortexM3\ARM_GCC_484\Debug\DelSig_16Channel-20bit-DMA.a(CyLib.o)
 .debug_abbrev  0x00000fcb      0x16e .\CortexM3\ARM_GCC_484\Debug\DelSig_16Channel-20bit-DMA.a(cyPm.o)
 .debug_abbrev  0x00001139      0x15e .\CortexM3\ARM_GCC_484\Debug\DelSig_16Channel-20bit-DMA.a(Filter.o)
 .debug_abbrev  0x00001297       0x7f .\CortexM3\ARM_GCC_484\Debug\DelSig_16Channel-20bit-DMA.a(Filter_PVT.o)
 .debug_abbrev  0x00001316       0x66 .\CortexM3\ARM_GCC_484\Debug\DelSig_16Channel-20bit-DMA.a(Filter_RAM_Data.o)
 .debug_abbrev  0x0000137c       0x8b .\CortexM3\ARM_GCC_484\Debug\DelSig_16Channel-20bit-DMA.a(DMA_Filter2Mem_dma.o)
 .debug_abbrev  0x00001407       0x8b .\CortexM3\ARM_GCC_484\Debug\DelSig_16Channel-20bit-DMA.a(DMA_FilterMem2Mem_dma.o)
 .debug_abbrev  0x00001492       0x8b .\CortexM3\ARM_GCC_484\Debug\DelSig_16Channel-20bit-DMA.a(DMA_ADC2Filter_dma.o)
 .debug_abbrev  0x0000151d      0x170 .\CortexM3\ARM_GCC_484\Debug\DelSig_16Channel-20bit-DMA.a(CyFlash.o)
 .debug_abbrev  0x0000168d      0x15d .\CortexM3\ARM_GCC_484\Debug\DelSig_16Channel-20bit-DMA.a(CySpc.o)

.debug_line     0x00000000     0x2768
 *(.debug_line)
 .debug_line    0x00000000      0x1ad .\CortexM3\ARM_GCC_484\Debug\main.o
 .debug_line    0x000001ad       0x53 .\CortexM3\ARM_GCC_484\Debug\cymetadata.o
 .debug_line    0x00000200      0x19f .\CortexM3\ARM_GCC_484\Debug\Cm3Start.o
 .debug_line    0x0000039f      0x244 .\CortexM3\ARM_GCC_484\Debug\DelSig_16Channel-20bit-DMA.a(cyfitter_cfg.o)
 .debug_line    0x000005e3      0x1f7 .\CortexM3\ARM_GCC_484\Debug\DelSig_16Channel-20bit-DMA.a(LCD.o)
 .debug_line    0x000007da       0x97 .\CortexM3\ARM_GCC_484\Debug\DelSig_16Channel-20bit-DMA.a(DMA_ADC2Mem_dma.o)
 .debug_line    0x00000871      0x361 .\CortexM3\ARM_GCC_484\Debug\DelSig_16Channel-20bit-DMA.a(ADC.o)
 .debug_line    0x00000bd2       0x8e .\CortexM3\ARM_GCC_484\Debug\DelSig_16Channel-20bit-DMA.a(ADC_INT.o)
 .debug_line    0x00000c60       0x97 .\CortexM3\ARM_GCC_484\Debug\DelSig_16Channel-20bit-DMA.a(DMA_Mem2Mem_dma.o)
 .debug_line    0x00000cf7       0x9f .\CortexM3\ARM_GCC_484\Debug\DelSig_16Channel-20bit-DMA.a(ADC_AMux.o)
 .debug_line    0x00000d96      0x1bd .\CortexM3\ARM_GCC_484\Debug\DelSig_16Channel-20bit-DMA.a(ADC_Ext_CP_Clk.o)
 .debug_line    0x00000f53      0x169 .\CortexM3\ARM_GCC_484\Debug\DelSig_16Channel-20bit-DMA.a(ADC_IRQ.o)
 .debug_line    0x000010bc      0x1de .\CortexM3\ARM_GCC_484\Debug\DelSig_16Channel-20bit-DMA.a(ADC_theACLK.o)
 .debug_line    0x0000129a       0x68 .\CortexM3\ARM_GCC_484\Debug\DelSig_16Channel-20bit-DMA.a(CyBootAsmGnu.o)
 .debug_line    0x00001302      0x2af .\CortexM3\ARM_GCC_484\Debug\DelSig_16Channel-20bit-DMA.a(CyDmac.o)
 .debug_line    0x000015b1      0x705 .\CortexM3\ARM_GCC_484\Debug\DelSig_16Channel-20bit-DMA.a(CyLib.o)
 .debug_line    0x00001cb6      0x33f .\CortexM3\ARM_GCC_484\Debug\DelSig_16Channel-20bit-DMA.a(cyPm.o)
 .debug_line    0x00001ff5      0x182 .\CortexM3\ARM_GCC_484\Debug\DelSig_16Channel-20bit-DMA.a(Filter.o)
 .debug_line    0x00002177       0x78 .\CortexM3\ARM_GCC_484\Debug\DelSig_16Channel-20bit-DMA.a(Filter_PVT.o)
 .debug_line    0x000021ef       0x58 .\CortexM3\ARM_GCC_484\Debug\DelSig_16Channel-20bit-DMA.a(Filter_RAM_Data.o)
 .debug_line    0x00002247       0x9a .\CortexM3\ARM_GCC_484\Debug\DelSig_16Channel-20bit-DMA.a(DMA_Filter2Mem_dma.o)
 .debug_line    0x000022e1       0x9d .\CortexM3\ARM_GCC_484\Debug\DelSig_16Channel-20bit-DMA.a(DMA_FilterMem2Mem_dma.o)
 .debug_line    0x0000237e       0x9a .\CortexM3\ARM_GCC_484\Debug\DelSig_16Channel-20bit-DMA.a(DMA_ADC2Filter_dma.o)
 .debug_line    0x00002418      0x1ad .\CortexM3\ARM_GCC_484\Debug\DelSig_16Channel-20bit-DMA.a(CyFlash.o)
 .debug_line    0x000025c5      0x1a3 .\CortexM3\ARM_GCC_484\Debug\DelSig_16Channel-20bit-DMA.a(CySpc.o)

.debug_frame    0x00000000     0x1f2c
 *(.debug_frame)
 .debug_frame   0x00000000       0x50 .\CortexM3\ARM_GCC_484\Debug\main.o
 .debug_frame   0x00000050       0xa4 .\CortexM3\ARM_GCC_484\Debug\Cm3Start.o
 .debug_frame   0x000000f4      0x158 .\CortexM3\ARM_GCC_484\Debug\DelSig_16Channel-20bit-DMA.a(cyfitter_cfg.o)
 .debug_frame   0x0000024c      0x1e0 .\CortexM3\ARM_GCC_484\Debug\DelSig_16Channel-20bit-DMA.a(LCD.o)
 .debug_frame   0x0000042c       0x4c .\CortexM3\ARM_GCC_484\Debug\DelSig_16Channel-20bit-DMA.a(DMA_ADC2Mem_dma.o)
 .debug_frame   0x00000478      0x31c .\CortexM3\ARM_GCC_484\Debug\DelSig_16Channel-20bit-DMA.a(ADC.o)
 .debug_frame   0x00000794       0x80 .\CortexM3\ARM_GCC_484\Debug\DelSig_16Channel-20bit-DMA.a(ADC_INT.o)
 .debug_frame   0x00000814       0x4c .\CortexM3\ARM_GCC_484\Debug\DelSig_16Channel-20bit-DMA.a(DMA_Mem2Mem_dma.o)
 .debug_frame   0x00000860       0x70 .\CortexM3\ARM_GCC_484\Debug\DelSig_16Channel-20bit-DMA.a(ADC_AMux.o)
 .debug_frame   0x000008d0      0x14c .\CortexM3\ARM_GCC_484\Debug\DelSig_16Channel-20bit-DMA.a(ADC_Ext_CP_Clk.o)
 .debug_frame   0x00000a1c      0x180 .\CortexM3\ARM_GCC_484\Debug\DelSig_16Channel-20bit-DMA.a(ADC_IRQ.o)
 .debug_frame   0x00000b9c      0x184 .\CortexM3\ARM_GCC_484\Debug\DelSig_16Channel-20bit-DMA.a(ADC_theACLK.o)
 .debug_frame   0x00000d20      0x2c0 .\CortexM3\ARM_GCC_484\Debug\DelSig_16Channel-20bit-DMA.a(CyDmac.o)
 .debug_frame   0x00000fe0      0x778 .\CortexM3\ARM_GCC_484\Debug\DelSig_16Channel-20bit-DMA.a(CyLib.o)
 .debug_frame   0x00001758      0x1d0 .\CortexM3\ARM_GCC_484\Debug\DelSig_16Channel-20bit-DMA.a(cyPm.o)
 .debug_frame   0x00001928      0x188 .\CortexM3\ARM_GCC_484\Debug\DelSig_16Channel-20bit-DMA.a(Filter.o)
 .debug_frame   0x00001ab0       0x48 .\CortexM3\ARM_GCC_484\Debug\DelSig_16Channel-20bit-DMA.a(Filter_PVT.o)
 .debug_frame   0x00001af8       0x4c .\CortexM3\ARM_GCC_484\Debug\DelSig_16Channel-20bit-DMA.a(DMA_Filter2Mem_dma.o)
 .debug_frame   0x00001b44       0x4c .\CortexM3\ARM_GCC_484\Debug\DelSig_16Channel-20bit-DMA.a(DMA_FilterMem2Mem_dma.o)
 .debug_frame   0x00001b90       0x4c .\CortexM3\ARM_GCC_484\Debug\DelSig_16Channel-20bit-DMA.a(DMA_ADC2Filter_dma.o)
 .debug_frame   0x00001bdc      0x178 .\CortexM3\ARM_GCC_484\Debug\DelSig_16Channel-20bit-DMA.a(CyFlash.o)
 .debug_frame   0x00001d54      0x13c .\CortexM3\ARM_GCC_484\Debug\DelSig_16Channel-20bit-DMA.a(CySpc.o)
 .debug_frame   0x00001e90       0x28 c:/program files/cypress/psoc creator/3.2/psoc creator/import/gnu/arm/4.8.4/bin/../lib/gcc/arm-none-eabi/4.8.4/../../../../arm-none-eabi/lib/armv7-m\libg_s.a(lib_a-exit.o)
 .debug_frame   0x00001eb8       0x2c c:/program files/cypress/psoc creator/3.2/psoc creator/import/gnu/arm/4.8.4/bin/../lib/gcc/arm-none-eabi/4.8.4/../../../../arm-none-eabi/lib/armv7-m\libg_s.a(lib_a-init.o)
 .debug_frame   0x00001ee4       0x28 c:/program files/cypress/psoc creator/3.2/psoc creator/import/gnu/arm/4.8.4/bin/../lib/gcc/arm-none-eabi/4.8.4/../../../../arm-none-eabi/lib/armv7-m\libg_s.a(lib_a-memcpy-stub.o)
 .debug_frame   0x00001f0c       0x20 c:/program files/cypress/psoc creator/3.2/psoc creator/import/gnu/arm/4.8.4/bin/../lib/gcc/arm-none-eabi/4.8.4/../../../../arm-none-eabi/lib/armv7-m\libg_s.a(lib_a-memset.o)

.debug_str      0x00000000     0x22bd
 *(.debug_str)
 .debug_str     0x00000000      0x282 .\CortexM3\ARM_GCC_484\Debug\main.o
                                0x2db (size before relaxing)
 .debug_str     0x00000282       0x77 .\CortexM3\ARM_GCC_484\Debug\cymetadata.o
                                0x212 (size before relaxing)
 .debug_str     0x000002f9      0x108 .\CortexM3\ARM_GCC_484\Debug\Cm3Start.o
                                0x2ce (size before relaxing)
 .debug_str     0x00000401      0x1cd .\CortexM3\ARM_GCC_484\Debug\DelSig_16Channel-20bit-DMA.a(cyfitter_cfg.o)
                                0x387 (size before relaxing)
 .debug_str     0x000005ce      0x168 .\CortexM3\ARM_GCC_484\Debug\DelSig_16Channel-20bit-DMA.a(LCD.o)
                                0x314 (size before relaxing)
 .debug_str     0x00000736       0xad .\CortexM3\ARM_GCC_484\Debug\DelSig_16Channel-20bit-DMA.a(DMA_ADC2Mem_dma.o)
                                0x24f (size before relaxing)
 .debug_str     0x000007e3      0x2fc .\CortexM3\ARM_GCC_484\Debug\DelSig_16Channel-20bit-DMA.a(ADC.o)
                                0x4fb (size before relaxing)
 .debug_str     0x00000adf       0x47 .\CortexM3\ARM_GCC_484\Debug\DelSig_16Channel-20bit-DMA.a(ADC_INT.o)
                                0x1dc (size before relaxing)
 .debug_str     0x00000b26       0x72 .\CortexM3\ARM_GCC_484\Debug\DelSig_16Channel-20bit-DMA.a(DMA_Mem2Mem_dma.o)
                                0x24f (size before relaxing)
 .debug_str     0x00000b98       0x71 .\CortexM3\ARM_GCC_484\Debug\DelSig_16Channel-20bit-DMA.a(ADC_AMux.o)
                                0x20b (size before relaxing)
 .debug_str     0x00000c09      0x1b6 .\CortexM3\ARM_GCC_484\Debug\DelSig_16Channel-20bit-DMA.a(ADC_Ext_CP_Clk.o)
                                0x36a (size before relaxing)
 .debug_str     0x00000dbf      0x11c .\CortexM3\ARM_GCC_484\Debug\DelSig_16Channel-20bit-DMA.a(ADC_IRQ.o)
                                0x2de (size before relaxing)
 .debug_str     0x00000edb      0x18c .\CortexM3\ARM_GCC_484\Debug\DelSig_16Channel-20bit-DMA.a(ADC_theACLK.o)
                                0x389 (size before relaxing)
 .debug_str     0x00001067      0x360 .\CortexM3\ARM_GCC_484\Debug\DelSig_16Channel-20bit-DMA.a(CyDmac.o)
                                0x539 (size before relaxing)
 .debug_str     0x000013c7      0x5f6 .\CortexM3\ARM_GCC_484\Debug\DelSig_16Channel-20bit-DMA.a(CyLib.o)
                                0x834 (size before relaxing)
 .debug_str     0x000019bd      0x371 .\CortexM3\ARM_GCC_484\Debug\DelSig_16Channel-20bit-DMA.a(cyPm.o)
                                0x543 (size before relaxing)
 .debug_str     0x00001d2e      0x159 .\CortexM3\ARM_GCC_484\Debug\DelSig_16Channel-20bit-DMA.a(Filter.o)
                                0x327 (size before relaxing)
 .debug_str     0x00001e87       0x57 .\CortexM3\ARM_GCC_484\Debug\DelSig_16Channel-20bit-DMA.a(Filter_PVT.o)
                                0x1f7 (size before relaxing)
 .debug_str     0x00001ede       0x2b .\CortexM3\ARM_GCC_484\Debug\DelSig_16Channel-20bit-DMA.a(Filter_RAM_Data.o)
                                0x208 (size before relaxing)
 .debug_str     0x00001f09       0x7e .\CortexM3\ARM_GCC_484\Debug\DelSig_16Channel-20bit-DMA.a(DMA_Filter2Mem_dma.o)
                                0x25b (size before relaxing)
 .debug_str     0x00001f87       0x8a .\CortexM3\ARM_GCC_484\Debug\DelSig_16Channel-20bit-DMA.a(DMA_FilterMem2Mem_dma.o)
                                0x267 (size before relaxing)
 .debug_str     0x00002011       0x7e .\CortexM3\ARM_GCC_484\Debug\DelSig_16Channel-20bit-DMA.a(DMA_ADC2Filter_dma.o)
                                0x25b (size before relaxing)
 .debug_str     0x0000208f      0x130 .\CortexM3\ARM_GCC_484\Debug\DelSig_16Channel-20bit-DMA.a(CyFlash.o)
                                0x309 (size before relaxing)
 .debug_str     0x000021bf       0xfe .\CortexM3\ARM_GCC_484\Debug\DelSig_16Channel-20bit-DMA.a(CySpc.o)
                                0x2e5 (size before relaxing)

.debug_loc
 *(.debug_loc)

.debug_macinfo
 *(.debug_macinfo)

.debug_ranges   0x00000000      0x898
 *(.debug_ranges)
 .debug_ranges  0x00000000       0x18 .\CortexM3\ARM_GCC_484\Debug\main.o
 .debug_ranges  0x00000018       0x30 .\CortexM3\ARM_GCC_484\Debug\Cm3Start.o
 .debug_ranges  0x00000048       0x60 .\CortexM3\ARM_GCC_484\Debug\DelSig_16Channel-20bit-DMA.a(cyfitter_cfg.o)
 .debug_ranges  0x000000a8       0x80 .\CortexM3\ARM_GCC_484\Debug\DelSig_16Channel-20bit-DMA.a(LCD.o)
 .debug_ranges  0x00000128       0x18 .\CortexM3\ARM_GCC_484\Debug\DelSig_16Channel-20bit-DMA.a(DMA_ADC2Mem_dma.o)
 .debug_ranges  0x00000140       0xd8 .\CortexM3\ARM_GCC_484\Debug\DelSig_16Channel-20bit-DMA.a(ADC.o)
 .debug_ranges  0x00000218       0x28 .\CortexM3\ARM_GCC_484\Debug\DelSig_16Channel-20bit-DMA.a(ADC_INT.o)
 .debug_ranges  0x00000240       0x18 .\CortexM3\ARM_GCC_484\Debug\DelSig_16Channel-20bit-DMA.a(DMA_Mem2Mem_dma.o)
 .debug_ranges  0x00000258       0x20 .\CortexM3\ARM_GCC_484\Debug\DelSig_16Channel-20bit-DMA.a(ADC_AMux.o)
 .debug_ranges  0x00000278       0x60 .\CortexM3\ARM_GCC_484\Debug\DelSig_16Channel-20bit-DMA.a(ADC_Ext_CP_Clk.o)
 .debug_ranges  0x000002d8       0x70 .\CortexM3\ARM_GCC_484\Debug\DelSig_16Channel-20bit-DMA.a(ADC_IRQ.o)
 .debug_ranges  0x00000348       0x70 .\CortexM3\ARM_GCC_484\Debug\DelSig_16Channel-20bit-DMA.a(ADC_theACLK.o)
 .debug_ranges  0x000003b8       0xc8 .\CortexM3\ARM_GCC_484\Debug\DelSig_16Channel-20bit-DMA.a(CyDmac.o)
 .debug_ranges  0x00000480      0x208 .\CortexM3\ARM_GCC_484\Debug\DelSig_16Channel-20bit-DMA.a(CyLib.o)
 .debug_ranges  0x00000688       0x80 .\CortexM3\ARM_GCC_484\Debug\DelSig_16Channel-20bit-DMA.a(cyPm.o)
 .debug_ranges  0x00000708       0x70 .\CortexM3\ARM_GCC_484\Debug\DelSig_16Channel-20bit-DMA.a(Filter.o)
 .debug_ranges  0x00000778       0x18 .\CortexM3\ARM_GCC_484\Debug\DelSig_16Channel-20bit-DMA.a(Filter_PVT.o)
 .debug_ranges  0x00000790       0x18 .\CortexM3\ARM_GCC_484\Debug\DelSig_16Channel-20bit-DMA.a(DMA_Filter2Mem_dma.o)
 .debug_ranges  0x000007a8       0x18 .\CortexM3\ARM_GCC_484\Debug\DelSig_16Channel-20bit-DMA.a(DMA_FilterMem2Mem_dma.o)
 .debug_ranges  0x000007c0       0x18 .\CortexM3\ARM_GCC_484\Debug\DelSig_16Channel-20bit-DMA.a(DMA_ADC2Filter_dma.o)
 .debug_ranges  0x000007d8       0x68 .\CortexM3\ARM_GCC_484\Debug\DelSig_16Channel-20bit-DMA.a(CyFlash.o)
 .debug_ranges  0x00000840       0x58 .\CortexM3\ARM_GCC_484\Debug\DelSig_16Channel-20bit-DMA.a(CySpc.o)

.comment        0x00000000       0x70
 .comment       0x00000000       0x70 .\CortexM3\ARM_GCC_484\Debug\main.o
                                 0x71 (size before relaxing)
 .comment       0x00000000       0x71 .\CortexM3\ARM_GCC_484\Debug\cymetadata.o
 .comment       0x00000000       0x71 .\CortexM3\ARM_GCC_484\Debug\Cm3Start.o
 .comment       0x00000000       0x71 .\CortexM3\ARM_GCC_484\Debug\DelSig_16Channel-20bit-DMA.a(cyfitter_cfg.o)
 .comment       0x00000000       0x71 .\CortexM3\ARM_GCC_484\Debug\DelSig_16Channel-20bit-DMA.a(LCD.o)
 .comment       0x00000000       0x71 .\CortexM3\ARM_GCC_484\Debug\DelSig_16Channel-20bit-DMA.a(DMA_ADC2Mem_dma.o)
 .comment       0x00000000       0x71 .\CortexM3\ARM_GCC_484\Debug\DelSig_16Channel-20bit-DMA.a(ADC.o)
 .comment       0x00000000       0x71 .\CortexM3\ARM_GCC_484\Debug\DelSig_16Channel-20bit-DMA.a(ADC_INT.o)
 .comment       0x00000000       0x71 .\CortexM3\ARM_GCC_484\Debug\DelSig_16Channel-20bit-DMA.a(DMA_Mem2Mem_dma.o)
 .comment       0x00000000       0x71 .\CortexM3\ARM_GCC_484\Debug\DelSig_16Channel-20bit-DMA.a(ADC_AMux.o)
 .comment       0x00000000       0x71 .\CortexM3\ARM_GCC_484\Debug\DelSig_16Channel-20bit-DMA.a(ADC_Ext_CP_Clk.o)
 .comment       0x00000000       0x71 .\CortexM3\ARM_GCC_484\Debug\DelSig_16Channel-20bit-DMA.a(ADC_IRQ.o)
 .comment       0x00000000       0x71 .\CortexM3\ARM_GCC_484\Debug\DelSig_16Channel-20bit-DMA.a(ADC_theACLK.o)
 .comment       0x00000000       0x71 .\CortexM3\ARM_GCC_484\Debug\DelSig_16Channel-20bit-DMA.a(CyDmac.o)
 .comment       0x00000000       0x71 .\CortexM3\ARM_GCC_484\Debug\DelSig_16Channel-20bit-DMA.a(CyLib.o)
 .comment       0x00000000       0x71 .\CortexM3\ARM_GCC_484\Debug\DelSig_16Channel-20bit-DMA.a(cyPm.o)
 .comment       0x00000000       0x71 .\CortexM3\ARM_GCC_484\Debug\DelSig_16Channel-20bit-DMA.a(Filter.o)
 .comment       0x00000000       0x71 .\CortexM3\ARM_GCC_484\Debug\DelSig_16Channel-20bit-DMA.a(Filter_PVT.o)
 .comment       0x00000000       0x71 .\CortexM3\ARM_GCC_484\Debug\DelSig_16Channel-20bit-DMA.a(Filter_RAM_Data.o)
 .comment       0x00000000       0x71 .\CortexM3\ARM_GCC_484\Debug\DelSig_16Channel-20bit-DMA.a(DMA_Filter2Mem_dma.o)
 .comment       0x00000000       0x71 .\CortexM3\ARM_GCC_484\Debug\DelSig_16Channel-20bit-DMA.a(DMA_FilterMem2Mem_dma.o)
 .comment       0x00000000       0x71 .\CortexM3\ARM_GCC_484\Debug\DelSig_16Channel-20bit-DMA.a(DMA_ADC2Filter_dma.o)
 .comment       0x00000000       0x71 .\CortexM3\ARM_GCC_484\Debug\DelSig_16Channel-20bit-DMA.a(CyFlash.o)
 .comment       0x00000000       0x71 .\CortexM3\ARM_GCC_484\Debug\DelSig_16Channel-20bit-DMA.a(CySpc.o)

.debug_weaknames
 *(.debug_weaknames)

.debug_funcnames
 *(.debug_funcnames)

.debug_typenames
 *(.debug_typenames)

.debug_varnames
 *(.debug_varnames)

.note.gnu.arm.ident
 *(.note.gnu.arm.ident)

.ARM.attributes
                0x00000000       0x29
 *(.ARM.attributes)
 .ARM.attributes
                0x00000000       0x1d c:/program files/cypress/psoc creator/3.2/psoc creator/import/gnu/arm/4.8.4/bin/../lib/gcc/arm-none-eabi/4.8.4/armv7-m/crti.o
 .ARM.attributes
                0x0000001d       0x2d c:/program files/cypress/psoc creator/3.2/psoc creator/import/gnu/arm/4.8.4/bin/../lib/gcc/arm-none-eabi/4.8.4/armv7-m/crtbegin.o
 .ARM.attributes
                0x0000004a       0x1b c:/program files/cypress/psoc creator/3.2/psoc creator/import/gnu/arm/4.8.4/bin/../lib/gcc/arm-none-eabi/4.8.4/../../../../arm-none-eabi/lib/armv7-m/crt0.o
 .ARM.attributes
                0x00000065       0x33 .\CortexM3\ARM_GCC_484\Debug\main.o
 .ARM.attributes
                0x00000098       0x33 .\CortexM3\ARM_GCC_484\Debug\cymetadata.o
 .ARM.attributes
                0x000000cb       0x33 .\CortexM3\ARM_GCC_484\Debug\Cm3Start.o
 .ARM.attributes
                0x000000fe       0x33 .\CortexM3\ARM_GCC_484\Debug\DelSig_16Channel-20bit-DMA.a(cyfitter_cfg.o)
 .ARM.attributes
                0x00000131       0x33 .\CortexM3\ARM_GCC_484\Debug\DelSig_16Channel-20bit-DMA.a(LCD.o)
 .ARM.attributes
                0x00000164       0x33 .\CortexM3\ARM_GCC_484\Debug\DelSig_16Channel-20bit-DMA.a(DMA_ADC2Mem_dma.o)
 .ARM.attributes
                0x00000197       0x33 .\CortexM3\ARM_GCC_484\Debug\DelSig_16Channel-20bit-DMA.a(ADC.o)
 .ARM.attributes
                0x000001ca       0x33 .\CortexM3\ARM_GCC_484\Debug\DelSig_16Channel-20bit-DMA.a(ADC_INT.o)
 .ARM.attributes
                0x000001fd       0x33 .\CortexM3\ARM_GCC_484\Debug\DelSig_16Channel-20bit-DMA.a(DMA_Mem2Mem_dma.o)
 .ARM.attributes
                0x00000230       0x33 .\CortexM3\ARM_GCC_484\Debug\DelSig_16Channel-20bit-DMA.a(ADC_AMux.o)
 .ARM.attributes
                0x00000263       0x33 .\CortexM3\ARM_GCC_484\Debug\DelSig_16Channel-20bit-DMA.a(ADC_Ext_CP_Clk.o)
 .ARM.attributes
                0x00000296       0x33 .\CortexM3\ARM_GCC_484\Debug\DelSig_16Channel-20bit-DMA.a(ADC_IRQ.o)
 .ARM.attributes
                0x000002c9       0x33 .\CortexM3\ARM_GCC_484\Debug\DelSig_16Channel-20bit-DMA.a(ADC_theACLK.o)
 .ARM.attributes
                0x000002fc       0x21 .\CortexM3\ARM_GCC_484\Debug\DelSig_16Channel-20bit-DMA.a(CyBootAsmGnu.o)
 .ARM.attributes
                0x0000031d       0x33 .\CortexM3\ARM_GCC_484\Debug\DelSig_16Channel-20bit-DMA.a(CyDmac.o)
 .ARM.attributes
                0x00000350       0x33 .\CortexM3\ARM_GCC_484\Debug\DelSig_16Channel-20bit-DMA.a(CyLib.o)
 .ARM.attributes
                0x00000383       0x33 .\CortexM3\ARM_GCC_484\Debug\DelSig_16Channel-20bit-DMA.a(cyPm.o)
 .ARM.attributes
                0x000003b6       0x33 .\CortexM3\ARM_GCC_484\Debug\DelSig_16Channel-20bit-DMA.a(Filter.o)
 .ARM.attributes
                0x000003e9       0x33 .\CortexM3\ARM_GCC_484\Debug\DelSig_16Channel-20bit-DMA.a(Filter_PVT.o)
 .ARM.attributes
                0x0000041c       0x33 .\CortexM3\ARM_GCC_484\Debug\DelSig_16Channel-20bit-DMA.a(Filter_RAM_Data.o)
 .ARM.attributes
                0x0000044f       0x33 .\CortexM3\ARM_GCC_484\Debug\DelSig_16Channel-20bit-DMA.a(DMA_Filter2Mem_dma.o)
 .ARM.attributes
                0x00000482       0x33 .\CortexM3\ARM_GCC_484\Debug\DelSig_16Channel-20bit-DMA.a(DMA_FilterMem2Mem_dma.o)
 .ARM.attributes
                0x000004b5       0x33 .\CortexM3\ARM_GCC_484\Debug\DelSig_16Channel-20bit-DMA.a(DMA_ADC2Filter_dma.o)
 .ARM.attributes
                0x000004e8       0x33 .\CortexM3\ARM_GCC_484\Debug\DelSig_16Channel-20bit-DMA.a(CyFlash.o)
 .ARM.attributes
                0x0000051b       0x33 .\CortexM3\ARM_GCC_484\Debug\DelSig_16Channel-20bit-DMA.a(CySpc.o)
 .ARM.attributes
                0x0000054e       0x1d c:/program files/cypress/psoc creator/3.2/psoc creator/import/gnu/arm/4.8.4/bin/../lib/gcc/arm-none-eabi/4.8.4/armv7-m\libgcc.a(_arm_addsubdf3.o)
 .ARM.attributes
                0x0000056b       0x1d c:/program files/cypress/psoc creator/3.2/psoc creator/import/gnu/arm/4.8.4/bin/../lib/gcc/arm-none-eabi/4.8.4/armv7-m\libgcc.a(_arm_cmpdf2.o)
 .ARM.attributes
                0x00000588       0x1d c:/program files/cypress/psoc creator/3.2/psoc creator/import/gnu/arm/4.8.4/bin/../lib/gcc/arm-none-eabi/4.8.4/armv7-m\libgcc.a(_arm_addsubsf3.o)
 .ARM.attributes
                0x000005a5       0x1d c:/program files/cypress/psoc creator/3.2/psoc creator/import/gnu/arm/4.8.4/bin/../lib/gcc/arm-none-eabi/4.8.4/armv7-m\libgcc.a(_arm_muldivsf3.o)
 .ARM.attributes
                0x000005c2       0x1d c:/program files/cypress/psoc creator/3.2/psoc creator/import/gnu/arm/4.8.4/bin/../lib/gcc/arm-none-eabi/4.8.4/armv7-m\libgcc.a(_arm_fixunssfsi.o)
 .ARM.attributes
                0x000005df       0x2d c:/program files/cypress/psoc creator/3.2/psoc creator/import/gnu/arm/4.8.4/bin/../lib/gcc/arm-none-eabi/4.8.4/../../../../arm-none-eabi/lib/armv7-m\libg_s.a(lib_a-exit.o)
 .ARM.attributes
                0x0000060c       0x2d c:/program files/cypress/psoc creator/3.2/psoc creator/import/gnu/arm/4.8.4/bin/../lib/gcc/arm-none-eabi/4.8.4/../../../../arm-none-eabi/lib/armv7-m\libg_s.a(lib_a-impure.o)
 .ARM.attributes
                0x00000639       0x2d c:/program files/cypress/psoc creator/3.2/psoc creator/import/gnu/arm/4.8.4/bin/../lib/gcc/arm-none-eabi/4.8.4/../../../../arm-none-eabi/lib/armv7-m\libg_s.a(lib_a-init.o)
 .ARM.attributes
                0x00000666       0x2d c:/program files/cypress/psoc creator/3.2/psoc creator/import/gnu/arm/4.8.4/bin/../lib/gcc/arm-none-eabi/4.8.4/../../../../arm-none-eabi/lib/armv7-m\libg_s.a(lib_a-memcpy-stub.o)
 .ARM.attributes
                0x00000693       0x2d c:/program files/cypress/psoc creator/3.2/psoc creator/import/gnu/arm/4.8.4/bin/../lib/gcc/arm-none-eabi/4.8.4/../../../../arm-none-eabi/lib/armv7-m\libg_s.a(lib_a-memset.o)
 .ARM.attributes
                0x000006c0       0x2d c:/program files/cypress/psoc creator/3.2/psoc creator/import/gnu/arm/4.8.4/bin/../lib/gcc/arm-none-eabi/4.8.4/armv7-m/crtend.o
 .ARM.attributes
                0x000006ed       0x1d c:/program files/cypress/psoc creator/3.2/psoc creator/import/gnu/arm/4.8.4/bin/../lib/gcc/arm-none-eabi/4.8.4/armv7-m/crtn.o

/DISCARD/
 *(.note.GNU-stack)
OUTPUT(.\CortexM3\ARM_GCC_484\Debug\DelSig_16Channel-20bit-DMA.elf elf32-littlearm)
