Archive member included because of file (symbol)

.\CortexM3\ARM_GCC_484\Debug\Design01.a(cyfitter_cfg.o)
                              .\CortexM3\ARM_GCC_484\Debug\Cm3Start.o (cyfitter_cfg)
.\CortexM3\ARM_GCC_484\Debug\Design01.a(CyBootAsmGnu.o)
                              .\CortexM3\ARM_GCC_484\Debug\Design01.a(cyfitter_cfg.o) (CyDelayCycles)
.\CortexM3\ARM_GCC_484\Debug\Design01.a(CyDmac.o)
                              .\CortexM3\ARM_GCC_484\Debug\Cm3Start.o (CyDmacConfigure)
.\CortexM3\ARM_GCC_484\Debug\Design01.a(CyLib.o)
                              .\CortexM3\ARM_GCC_484\Debug\Cm3Start.o (CyResetStatus)
.\CortexM3\ARM_GCC_484\Debug\Design01.a(cyPm.o)
                              .\CortexM3\ARM_GCC_484\Debug\Design01.a(CyLib.o) (CyPmReadStatus)
.\CortexM3\ARM_GCC_484\Debug\Design01.a(LCD_Char_1.o)
                              .\CortexM3\ARM_GCC_484\Debug\main.o (LCD_Char_1_Start)
.\CortexM3\ARM_GCC_484\Debug\Design01.a(ADC_DelSig_1.o)
                              .\CortexM3\ARM_GCC_484\Debug\main.o (ADC_DelSig_1_Start)
.\CortexM3\ARM_GCC_484\Debug\Design01.a(ADC_DelSig_1_INT.o)
                              .\CortexM3\ARM_GCC_484\Debug\Design01.a(ADC_DelSig_1.o) (ADC_DelSig_1_ISR1)
.\CortexM3\ARM_GCC_484\Debug\Design01.a(DMA_1_dma.o)
                              .\CortexM3\ARM_GCC_484\Debug\main.o (DMA_1_DmaInitialize)
.\CortexM3\ARM_GCC_484\Debug\Design01.a(ADC_DelSig_1_AMux.o)
                              .\CortexM3\ARM_GCC_484\Debug\Design01.a(ADC_DelSig_1.o) (ADC_DelSig_1_AMux_Select)
.\CortexM3\ARM_GCC_484\Debug\Design01.a(ADC_DelSig_1_Ext_CP_Clk.o)
                              .\CortexM3\ARM_GCC_484\Debug\Design01.a(ADC_DelSig_1.o) (ADC_DelSig_1_Ext_CP_Clk_SetDividerRegister)
.\CortexM3\ARM_GCC_484\Debug\Design01.a(ADC_DelSig_1_IRQ.o)
                              .\CortexM3\ARM_GCC_484\Debug\main.o (ADC_DelSig_1_IRQ_Disable)
.\CortexM3\ARM_GCC_484\Debug\Design01.a(ADC_DelSig_1_theACLK.o)
                              .\CortexM3\ARM_GCC_484\Debug\Design01.a(ADC_DelSig_1.o) (ADC_DelSig_1_theACLK_SetDividerRegister)
.\CortexM3\ARM_GCC_484\Debug\Design01.a(DMA_2_dma.o)
                              .\CortexM3\ARM_GCC_484\Debug\main.o (DMA_2_DmaInitialize)
.\CortexM3\ARM_GCC_484\Debug\Design01.a(isr_1.o)
                              .\CortexM3\ARM_GCC_484\Debug\main.o (isr_1_StartEx)
.\CortexM3\ARM_GCC_484\Debug\Design01.a(isr_2.o)
                              .\CortexM3\ARM_GCC_484\Debug\main.o (isr_2_StartEx)
.\CortexM3\ARM_GCC_484\Debug\Design01.a(Filter.o)
                              .\CortexM3\ARM_GCC_484\Debug\main.o (Filter_Start)
.\CortexM3\ARM_GCC_484\Debug\Design01.a(Filter_PVT.o)
                              .\CortexM3\ARM_GCC_484\Debug\Design01.a(Filter.o) (Filter_SetInterruptMode)
.\CortexM3\ARM_GCC_484\Debug\Design01.a(Filter_RAM_Data.o)
                              .\CortexM3\ARM_GCC_484\Debug\Design01.a(Filter.o) (Filter_control)
.\CortexM3\ARM_GCC_484\Debug\Design01.a(ADC2Filter_DMA_dma.o)
                              .\CortexM3\ARM_GCC_484\Debug\main.o (ADC2Filter_DMA_DmaInitialize)
.\CortexM3\ARM_GCC_484\Debug\Design01.a(DMA_4_dma.o)
                              .\CortexM3\ARM_GCC_484\Debug\main.o (DMA_4_DmaInitialize)
.\CortexM3\ARM_GCC_484\Debug\Design01.a(DMA_3_dma.o)
                              .\CortexM3\ARM_GCC_484\Debug\main.o (DMA_3_DmaInitialize)
.\CortexM3\ARM_GCC_484\Debug\Design01.a(CyFlash.o)
                              .\CortexM3\ARM_GCC_484\Debug\Design01.a(cyPm.o) (CyFlash_SetWaitCycles)
.\CortexM3\ARM_GCC_484\Debug\Design01.a(CySpc.o)
                              .\CortexM3\ARM_GCC_484\Debug\Design01.a(CyFlash.o) (CySpcStart)
Z:\scottcarlson On My Mac\Code\repos\LED_controller\CMSISfile\CMSIS\Lib\GCC\libarm_cortexM3l_math.a(arm_const_structs.o)
                              .\CortexM3\ARM_GCC_484\Debug\main.o (arm_cfft_sR_q15_len256)
Z:\scottcarlson On My Mac\Code\repos\LED_controller\CMSISfile\CMSIS\Lib\GCC\libarm_cortexM3l_math.a(arm_common_tables.o)
                              Z:\scottcarlson On My Mac\Code\repos\LED_controller\CMSISfile\CMSIS\Lib\GCC\libarm_cortexM3l_math.a(arm_const_structs.o) (armBitRevIndexTable_fixed_4096)
Z:\scottcarlson On My Mac\Code\repos\LED_controller\CMSISfile\CMSIS\Lib\GCC\libarm_cortexM3l_math.a(arm_cfft_q31.o)
                              .\CortexM3\ARM_GCC_484\Debug\main.o (arm_cfft_q31)
Z:\scottcarlson On My Mac\Code\repos\LED_controller\CMSISfile\CMSIS\Lib\GCC\libarm_cortexM3l_math.a(arm_bitreversal2.o)
                              Z:\scottcarlson On My Mac\Code\repos\LED_controller\CMSISfile\CMSIS\Lib\GCC\libarm_cortexM3l_math.a(arm_cfft_q31.o) (arm_bitreversal_32)
Z:\scottcarlson On My Mac\Code\repos\LED_controller\CMSISfile\CMSIS\Lib\GCC\libarm_cortexM3l_math.a(arm_cfft_radix4_q31.o)
[...]
Memory Configuration

Name             Origin             Length             Attributes
rom              0x00000000         0x00040000         xr
ram              0x1fff8000         0x00010000         xrw
*default*        0x00000000         0xffffffff

Linker script and memory map

LOAD c:/program files/cypress/psoc creator/3.2/psoc creator/import/gnu/arm/4.8.4/bin/../lib/gcc/arm-none-eabi/4.8.4/armv7-m/crti.o
LOAD c:/program files/cypress/psoc creator/3.2/psoc creator/import/gnu/arm/4.8.4/bin/../lib/gcc/arm-none-eabi/4.8.4/armv7-m/crtbegin.o
LOAD c:/program files/cypress/psoc creator/3.2/psoc creator/import/gnu/arm/4.8.4/bin/../lib/gcc/arm-none-eabi/4.8.4/../../../../arm-none-eabi/lib/armv7-m/crt0.o
START GROUP
LOAD .\CortexM3\ARM_GCC_484\Debug\main.o
LOAD .\CortexM3\ARM_GCC_484\Debug\math_helper.o
LOAD .\CortexM3\ARM_GCC_484\Debug\cymetadata.o
LOAD .\CortexM3\ARM_GCC_484\Debug\Cm3Start.o
LOAD .\CortexM3\ARM_GCC_484\Debug\Design01.a
LOAD C:\Program Files\Cypress\PSoC Creator\3.2\PSoC Creator\psoc\content\cycomponentlibrary\CyComponentLibrary.cylib\CortexM3\ARM_GCC_484\Debug\CyComponentLibrary.a
LOAD Z:\scottcarlson On My Mac\Code\repos\LED_controller\CMSISfile\CMSIS\Lib\GCC\libarm_cortexM3l_math.a
LOAD c:/program files/cypress/psoc creator/3.2/psoc creator/import/gnu/arm/4.8.4/bin/../lib/gcc/arm-none-eabi/4.8.4/../../../../arm-none-eabi/lib/armv7-m\libm.a
END GROUP
START GROUP
LOAD c:/program files/cypress/psoc creator/3.2/psoc creator/import/gnu/arm/4.8.4/bin/../lib/gcc/arm-none-eabi/4.8.4/armv7-m\libgcc.a
LOAD c:/program files/cypress/psoc creator/3.2/psoc creator/import/gnu/arm/4.8.4/bin/../lib/gcc/arm-none-eabi/4.8.4/../../../../arm-none-eabi/lib/armv7-m\libg_s.a
LOAD c:/program files/cypress/psoc creator/3.2/psoc creator/import/gnu/arm/4.8.4/bin/../lib/gcc/arm-none-eabi/4.8.4/../../../../arm-none-eabi/lib/armv7-m\libc_s.a
END GROUP
START GROUP
LOAD c:/program files/cypress/psoc creator/3.2/psoc creator/import/gnu/arm/4.8.4/bin/../lib/gcc/arm-none-eabi/4.8.4/armv7-m\libgcc.a
LOAD c:/program files/cypress/psoc creator/3.2/psoc creator/import/gnu/arm/4.8.4/bin/../lib/gcc/arm-none-eabi/4.8.4/../../../../arm-none-eabi/lib/armv7-m\libc_s.a
END GROUP
LOAD c:/program files/cypress/psoc creator/3.2/psoc creator/import/gnu/arm/4.8.4/bin/../lib/gcc/arm-none-eabi/4.8.4/armv7-m/crtend.o
LOAD c:/program files/cypress/psoc creator/3.2/psoc creator/import/gnu/arm/4.8.4/bin/../lib/gcc/arm-none-eabi/4.8.4/armv7-m/crtn.o
START GROUP
LOAD c:/program files/cypress/psoc creator/3.2/psoc creator/import/gnu/arm/4.8.4/bin/../lib/gcc/arm-none-eabi/4.8.4/armv7-m\libgcc.a
LOAD c:/program files/cypress/psoc creator/3.2/psoc creator/import/gnu/arm/4.8.4/bin/../lib/gcc/arm-none-eabi/4.8.4/../../../../arm-none-eabi/lib/armv7-m\libc.a
LOAD c:/program files/cypress/psoc creator/3.2/psoc creator/import/gnu/arm/4.8.4/bin/../lib/gcc/arm-none-eabi/4.8.4/../../../../arm-none-eabi/lib/armv7-m\libnosys.a
END GROUP
                0x00000000                CY_APPL_ORIGIN = 0x0
                0x00000100                CY_FLASH_ROW_SIZE = 0x100
                0x00000020                CY_ECC_ROW_SIZE = 0x20
                0x00000000                CY_EE_IN_BTLDR = 0x0
                0x00000000                CY_APPL_LOADABLE = 0x0
                0x00000800                CY_EE_SIZE = 0x800
                0x00000001                CY_APPL_NUM = 0x1
                0x00000001                CY_APPL_MAX = 0x1
                0x00000040                CY_METADATA_SIZE = 0x40
                0x1fff9380                PROVIDE (__cy_heap_start, _end)
                0x00000001                PROVIDE (__cy_region_num, ((__cy_regions_end - __cy_regions) / 0x10))
                0x20008000                PROVIDE (__cy_stack, (ORIGIN (ram) + 0x10000))
                0x20004000                PROVIDE (__cy_heap_end, (__cy_stack - 0x4000))

.cybootloader   0x00000000        0x0
 *(.cybootloader)
                0x00000000                appl1_start = CY_APPL_ORIGIN?CY_APPL_ORIGIN:ALIGN (CY_FLASH_ROW_SIZE)
                0x0001ff00                appl2_start = (appl1_start + ALIGN ((((0x40000 - appl1_start) - (0x2 * CY_FLASH_ROW_SIZE)) / 0x2), CY_FLASH_ROW_SIZE))
                0x00000000                appl_start = (CY_APPL_NUM == 0x1)?appl1_start:appl2_start
                0x00000000                ecc_offset = ((appl_start / CY_FLASH_ROW_SIZE) * CY_ECC_ROW_SIZE)
                0x00000000                ee_offset = (CY_APPL_LOADABLE && ! (CY_EE_IN_BTLDR))?((CY_EE_SIZE / CY_APPL_MAX) * (CY_APPL_NUM - 0x1)):0x0
                0x00000800                ee_size = (CY_APPL_LOADABLE && ! (CY_EE_IN_BTLDR))?(CY_EE_SIZE / CY_APPL_MAX):CY_EE_SIZE
                0x00000000                PROVIDE (CY_ECC_OFFSET, ecc_offset)

.text           0x00000000     0x3c4a
 CREATE_OBJECT_SYMBOLS
                0x00000000                PROVIDE (__cy_interrupt_vector, RomVectors)
 *(.romvectors)
 .romvectors    0x00000000       0x10 .\CortexM3\ARM_GCC_484\Debug\Cm3Start.o
                0x00000000                RomVectors
                0x00000001                ASSERT ((. != __cy_interrupt_vector), No interrupt vector)
                0x00000001                ASSERT (CY_APPL_ORIGIN?(SIZEOF (.cybootloader) <= CY_APPL_ORIGIN):0x1, Wrong image location)
                0x00000010                PROVIDE (__cy_reset, Reset)
 *(.text.Reset)
 .text.Reset    0x00000010       0x18 .\CortexM3\ARM_GCC_484\Debug\Cm3Start.o
                0x00000010                Reset
                0x00000001                ASSERT ((. != __cy_reset), No reset code)
 *(.dma_init)
                0x00000001                ASSERT ((((appl_start + .) <= 0x10000) || 0x1), DMA Init must be within the first 64k of flash)
 *(.text .text.* .gnu.linkonce.t.*)
 .text          0x00000028       0x54 c:/program files/cypress/psoc creator/3.2/psoc creator/import/gnu/arm/4.8.4/bin/../lib/gcc/arm-none-eabi/4.8.4/armv7-m/crtbegin.o
 .text.Buffer_complete
                0x0000007c       0x20 .\CortexM3\ARM_GCC_484\Debug\main.o
                0x0000007c                Buffer_complete
 .text.LPF_buffer_complete
                0x0000009c       0x20 .\CortexM3\ARM_GCC_484\Debug\main.o
                0x0000009c                LPF_buffer_complete
 .text.main     0x000000bc      0x118 .\CortexM3\ARM_GCC_484\Debug\main.o
                0x000000bc                main
 .text.Configure_DMA
                0x000001d4      0x27c .\CortexM3\ARM_GCC_484\Debug\main.o
                0x000001d4                Configure_DMA
 .text.IntDefaultHandler
                0x00000450        0x8 .\CortexM3\ARM_GCC_484\Debug\Cm3Start.o
                0x00000450                IntDefaultHandler
 .text.Start_c  0x00000458       0x98 .\CortexM3\ARM_GCC_484\Debug\Cm3Start.o
                0x00000458                Start_c
 .text.initialize_psoc
                0x000004f0       0x90 .\CortexM3\ARM_GCC_484\Debug\Cm3Start.o
                0x000004f0                initialize_psoc
 .text.CYMEMZERO
                0x00000580       0x1c .\CortexM3\ARM_GCC_484\Debug\Design01.a(cyfitter_cfg.o)
 .text.CYCONFIGCPY
                0x0000059c       0x1c .\CortexM3\ARM_GCC_484\Debug\Design01.a(cyfitter_cfg.o)
 .text.cfg_write_bytes32
                0x000005b8       0x74 .\CortexM3\ARM_GCC_484\Debug\Design01.a(cyfitter_cfg.o)
 .text.ClockSetup
                0x0000062c      0x184 .\CortexM3\ARM_GCC_484\Debug\Design01.a(cyfitter_cfg.o)
 .text.AnalogSetDefault
                0x000007b0       0x58 .\CortexM3\ARM_GCC_484\Debug\Design01.a(cyfitter_cfg.o)
 .text.ADC_DelSig_1_AMux_Set
                0x00000808       0x40 .\CortexM3\ARM_GCC_484\Debug\Design01.a(cyfitter_cfg.o)
                0x00000808                ADC_DelSig_1_AMux_Set
 .text.ADC_DelSig_1_AMux_Unset
                0x00000848       0x44 .\CortexM3\ARM_GCC_484\Debug\Design01.a(cyfitter_cfg.o)
                0x00000848                ADC_DelSig_1_AMux_Unset
 .text.cyfitter_cfg
                0x0000088c      0x170 .\CortexM3\ARM_GCC_484\Debug\Design01.a(cyfitter_cfg.o)
                0x0000088c                cyfitter_cfg
 *fill*         0x000009fc        0x4 
 .text          0x00000a00       0x28 .\CortexM3\ARM_GCC_484\Debug\Design01.a(CyBootAsmGnu.o)
                0x00000a00                CyDelayCycles
                0x00000a14                CyEnterCriticalSection
                0x00000a1c                CyExitCriticalSection
 .text.CyDmacConfigure
                0x00000a28       0x5c .\CortexM3\ARM_GCC_484\Debug\Design01.a(CyDmac.o)
                0x00000a28                CyDmacConfigure
 .text.CyDmaChEnable
                0x00000a84       0x8c .\CortexM3\ARM_GCC_484\Debug\Design01.a(CyDmac.o)
                0x00000a84                CyDmaChEnable
 .text.CyDmaChDisable
                0x00000b10       0x64 .\CortexM3\ARM_GCC_484\Debug\Design01.a(CyDmac.o)
                0x00000b10                CyDmaChDisable
 .text.CyDmaChPriority
                0x00000b74       0x5c .\CortexM3\ARM_GCC_484\Debug\Design01.a(CyDmac.o)
                0x00000b74                CyDmaChPriority
 .text.CyDmaChSetExtendedAddress
                0x00000bd0       0x7c .\CortexM3\ARM_GCC_484\Debug\Design01.a(CyDmac.o)
                0x00000bd0                CyDmaChSetExtendedAddress
 .text.CyDmaChSetInitialTd
                0x00000c4c       0x3c .\CortexM3\ARM_GCC_484\Debug\Design01.a(CyDmac.o)
                0x00000c4c                CyDmaChSetInitialTd
 .text.CyDmaChSetConfiguration
                0x00000c88       0x90 .\CortexM3\ARM_GCC_484\Debug\Design01.a(CyDmac.o)
                0x00000c88                CyDmaChSetConfiguration
 .text.CyDmaTdAllocate
                0x00000d18       0x5c .\CortexM3\ARM_GCC_484\Debug\Design01.a(CyDmac.o)
                0x00000d18                CyDmaTdAllocate
 .text.CyDmaTdSetConfiguration
                0x00000d74       0x70 .\CortexM3\ARM_GCC_484\Debug\Design01.a(CyDmac.o)
                0x00000d74                CyDmaTdSetConfiguration
 .text.CyDmaTdSetAddress
                0x00000de4       0x5c .\CortexM3\ARM_GCC_484\Debug\Design01.a(CyDmac.o)
                0x00000de4                CyDmaTdSetAddress
 .text.CyHalt   0x00000e40       0x18 .\CortexM3\ARM_GCC_484\Debug\Design01.a(CyLib.o)
                0x00000e40                CyHalt
 .text.CyDelay  0x00000e58       0x44 .\CortexM3\ARM_GCC_484\Debug\Design01.a(CyLib.o)
                0x00000e58                CyDelay
 .text.CyDelayUs
                0x00000e9c       0x24 .\CortexM3\ARM_GCC_484\Debug\Design01.a(CyLib.o)
                0x00000e9c                CyDelayUs
 .text.CyIntSetVector
                0x00000ec0       0x50 .\CortexM3\ARM_GCC_484\Debug\Design01.a(CyLib.o)
                0x00000ec0                CyIntSetVector
 .text.CyIntSetPriority
                0x00000f10       0x44 .\CortexM3\ARM_GCC_484\Debug\Design01.a(CyLib.o)
                0x00000f10                CyIntSetPriority
 .text.LCD_Char_1_Init
                0x00000f54       0x6c .\CortexM3\ARM_GCC_484\Debug\Design01.a(LCD_Char_1.o)
                0x00000f54                LCD_Char_1_Init
 .text.LCD_Char_1_Enable
                0x00000fc0       0x18 .\CortexM3\ARM_GCC_484\Debug\Design01.a(LCD_Char_1.o)
                0x00000fc0                LCD_Char_1_Enable
 .text.LCD_Char_1_Start
                0x00000fd8       0x20 .\CortexM3\ARM_GCC_484\Debug\Design01.a(LCD_Char_1.o)
                0x00000fd8                LCD_Char_1_Start
 .text.LCD_Char_1_Position
                0x00000ff8       0x6c .\CortexM3\ARM_GCC_484\Debug\Design01.a(LCD_Char_1.o)
                0x00000ff8                LCD_Char_1_Position
 .text.LCD_Char_1_PrintString
                0x00001064       0x38 .\CortexM3\ARM_GCC_484\Debug\Design01.a(LCD_Char_1.o)
                0x00001064                LCD_Char_1_PrintString
 .text.LCD_Char_1_PutChar
                0x0000109c       0x18 .\CortexM3\ARM_GCC_484\Debug\Design01.a(LCD_Char_1.o)
                0x0000109c                LCD_Char_1_PutChar
 .text.LCD_Char_1_WriteData
                0x000010b4       0x34 .\CortexM3\ARM_GCC_484\Debug\Design01.a(LCD_Char_1.o)
                0x000010b4                LCD_Char_1_WriteData
 .text.LCD_Char_1_WriteControl
                0x000010e8       0x34 .\CortexM3\ARM_GCC_484\Debug\Design01.a(LCD_Char_1.o)
                0x000010e8                LCD_Char_1_WriteControl
 .text.LCD_Char_1_IsReady
                0x0000111c      0x178 .\CortexM3\ARM_GCC_484\Debug\Design01.a(LCD_Char_1.o)
                0x0000111c                LCD_Char_1_IsReady
 .text.LCD_Char_1_WrDatNib
                0x00001294       0x78 .\CortexM3\ARM_GCC_484\Debug\Design01.a(LCD_Char_1.o)
 .text.LCD_Char_1_WrCntrlNib
                0x0000130c       0x60 .\CortexM3\ARM_GCC_484\Debug\Design01.a(LCD_Char_1.o)
 .text.LCD_Char_1_PrintInt8
                0x0000136c       0x34 .\CortexM3\ARM_GCC_484\Debug\Design01.a(LCD_Char_1.o)
                0x0000136c                LCD_Char_1_PrintInt8
 .text.LCD_Char_1_PrintInt32
                0x000013a0       0x30 .\CortexM3\ARM_GCC_484\Debug\Design01.a(LCD_Char_1.o)
                0x000013a0                LCD_Char_1_PrintInt32
 .text.LCD_Char_1_PrintU32Number
                0x000013d0       0xa4 .\CortexM3\ARM_GCC_484\Debug\Design01.a(LCD_Char_1.o)
                0x000013d0                LCD_Char_1_PrintU32Number
 .text.ADC_DelSig_1_Init
                0x00001474      0x11c .\CortexM3\ARM_GCC_484\Debug\Design01.a(ADC_DelSig_1.o)
                0x00001474                ADC_DelSig_1_Init
 .text.ADC_DelSig_1_Enable
                0x00001590      0x158 .\CortexM3\ARM_GCC_484\Debug\Design01.a(ADC_DelSig_1.o)
                0x00001590                ADC_DelSig_1_Enable
 .text.ADC_DelSig_1_Start
                0x000016e8       0x30 .\CortexM3\ARM_GCC_484\Debug\Design01.a(ADC_DelSig_1.o)
                0x000016e8                ADC_DelSig_1_Start
 .text.ADC_DelSig_1_StartConvert
                0x00001718       0x20 .\CortexM3\ARM_GCC_484\Debug\Design01.a(ADC_DelSig_1.o)
                0x00001718                ADC_DelSig_1_StartConvert
 .text.ADC_DelSig_1_GetResult32
                0x00001738       0xa8 .\CortexM3\ARM_GCC_484\Debug\Design01.a(ADC_DelSig_1.o)
                0x00001738                ADC_DelSig_1_GetResult32
 .text.ADC_DelSig_1_InitConfig
                0x000017e0      0x164 .\CortexM3\ARM_GCC_484\Debug\Design01.a(ADC_DelSig_1.o)
 .text.ADC_DelSig_1_GainCompensation
                0x00001944      0x15c .\CortexM3\ARM_GCC_484\Debug\Design01.a(ADC_DelSig_1.o)
 .text.ADC_DelSig_1_SetDSMRef0Reg
                0x00001aa0       0x78 .\CortexM3\ARM_GCC_484\Debug\Design01.a(ADC_DelSig_1.o)
 .text.ADC_DelSig_1_ISR1
                0x00001b18        0xc .\CortexM3\ARM_GCC_484\Debug\Design01.a(ADC_DelSig_1_INT.o)
                0x00001b18                ADC_DelSig_1_ISR1
 .text.DMA_1_DmaInitialize
                0x00001b24       0x60 .\CortexM3\ARM_GCC_484\Debug\Design01.a(DMA_1_dma.o)
                0x00001b24                DMA_1_DmaInitialize
 .text.ADC_DelSig_1_AMux_Start
                0x00001b84       0x30 .\CortexM3\ARM_GCC_484\Debug\Design01.a(ADC_DelSig_1_AMux.o)
                0x00001b84                ADC_DelSig_1_AMux_Start
 .text.ADC_DelSig_1_AMux_Select
                0x00001bb4       0x28 .\CortexM3\ARM_GCC_484\Debug\Design01.a(ADC_DelSig_1_AMux.o)
                0x00001bb4                ADC_DelSig_1_AMux_Select
 .text.ADC_DelSig_1_Ext_CP_Clk_SetDividerRegister
                0x00001bdc      0x15c .\CortexM3\ARM_GCC_484\Debug\Design01.a(ADC_DelSig_1_Ext_CP_Clk.o)
                0x00001bdc                ADC_DelSig_1_Ext_CP_Clk_SetDividerRegister
 .text.ADC_DelSig_1_Ext_CP_Clk_GetDividerRegister
                0x00001d38       0x18 .\CortexM3\ARM_GCC_484\Debug\Design01.a(ADC_DelSig_1_Ext_CP_Clk.o)
                0x00001d38                ADC_DelSig_1_Ext_CP_Clk_GetDividerRegister
 .text.ADC_DelSig_1_Ext_CP_Clk_SetModeRegister
                0x00001d50       0x34 .\CortexM3\ARM_GCC_484\Debug\Design01.a(ADC_DelSig_1_Ext_CP_Clk.o)
                0x00001d50                ADC_DelSig_1_Ext_CP_Clk_SetModeRegister
 .text.ADC_DelSig_1_Ext_CP_Clk_GetSourceRegister
                0x00001d84       0x20 .\CortexM3\ARM_GCC_484\Debug\Design01.a(ADC_DelSig_1_Ext_CP_Clk.o)
                0x00001d84                ADC_DelSig_1_Ext_CP_Clk_GetSourceRegister
 .text.ADC_DelSig_1_IRQ_Disable
                0x00001da4       0x18 .\CortexM3\ARM_GCC_484\Debug\Design01.a(ADC_DelSig_1_IRQ.o)
                0x00001da4                ADC_DelSig_1_IRQ_Disable
 .text.ADC_DelSig_1_theACLK_SetDividerRegister
                0x00001dbc      0x15c .\CortexM3\ARM_GCC_484\Debug\Design01.a(ADC_DelSig_1_theACLK.o)
                0x00001dbc                ADC_DelSig_1_theACLK_SetDividerRegister
 .text.ADC_DelSig_1_theACLK_GetDividerRegister
                0x00001f18       0x18 .\CortexM3\ARM_GCC_484\Debug\Design01.a(ADC_DelSig_1_theACLK.o)
                0x00001f18                ADC_DelSig_1_theACLK_GetDividerRegister
 .text.ADC_DelSig_1_theACLK_SetModeRegister
                0x00001f30       0x34 .\CortexM3\ARM_GCC_484\Debug\Design01.a(ADC_DelSig_1_theACLK.o)
                0x00001f30                ADC_DelSig_1_theACLK_SetModeRegister
 .text.ADC_DelSig_1_theACLK_GetSourceRegister
                0x00001f64       0x20 .\CortexM3\ARM_GCC_484\Debug\Design01.a(ADC_DelSig_1_theACLK.o)
                0x00001f64                ADC_DelSig_1_theACLK_GetSourceRegister
 .text.DMA_2_DmaInitialize
                0x00001f84       0x60 .\CortexM3\ARM_GCC_484\Debug\Design01.a(DMA_2_dma.o)
                0x00001f84                DMA_2_DmaInitialize
 .text.isr_1_StartEx
                0x00001fe4       0x24 .\CortexM3\ARM_GCC_484\Debug\Design01.a(isr_1.o)
                0x00001fe4                isr_1_StartEx
 .text.isr_1_SetVector
                0x00002008       0x24 .\CortexM3\ARM_GCC_484\Debug\Design01.a(isr_1.o)
                0x00002008                isr_1_SetVector
 .text.isr_1_SetPriority
                0x0000202c       0x24 .\CortexM3\ARM_GCC_484\Debug\Design01.a(isr_1.o)
                0x0000202c                isr_1_SetPriority
 .text.isr_1_Enable
                0x00002050       0x18 .\CortexM3\ARM_GCC_484\Debug\Design01.a(isr_1.o)
                0x00002050                isr_1_Enable
 .text.isr_1_Disable
                0x00002068       0x18 .\CortexM3\ARM_GCC_484\Debug\Design01.a(isr_1.o)
                0x00002068                isr_1_Disable
 .text.isr_1_ClearPending
                0x00002080       0x18 .\CortexM3\ARM_GCC_484\Debug\Design01.a(isr_1.o)
                0x00002080                isr_1_ClearPending
 .text.isr_2_StartEx
                0x00002098       0x24 .\CortexM3\ARM_GCC_484\Debug\Design01.a(isr_2.o)
                0x00002098                isr_2_StartEx
 .text.isr_2_SetVector
                0x000020bc       0x24 .\CortexM3\ARM_GCC_484\Debug\Design01.a(isr_2.o)
                0x000020bc                isr_2_SetVector
 .text.isr_2_SetPriority
                0x000020e0       0x24 .\CortexM3\ARM_GCC_484\Debug\Design01.a(isr_2.o)
                0x000020e0                isr_2_SetPriority
 .text.isr_2_Enable
                0x00002104       0x18 .\CortexM3\ARM_GCC_484\Debug\Design01.a(isr_2.o)
                0x00002104                isr_2_Enable
 .text.isr_2_Disable
                0x0000211c       0x18 .\CortexM3\ARM_GCC_484\Debug\Design01.a(isr_2.o)
                0x0000211c                isr_2_Disable
 .text.Filter_Init
                0x00002134      0x11c .\CortexM3\ARM_GCC_484\Debug\Design01.a(Filter.o)
                0x00002134                Filter_Init
 .text.Filter_Enable
                0x00002250       0x48 .\CortexM3\ARM_GCC_484\Debug\Design01.a(Filter.o)
                0x00002250                Filter_Enable
 .text.Filter_Start
                0x00002298       0x20 .\CortexM3\ARM_GCC_484\Debug\Design01.a(Filter.o)
                0x00002298                Filter_Start
 .text.Filter_SetCoherency
                0x000022b8       0x98 .\CortexM3\ARM_GCC_484\Debug\Design01.a(Filter.o)
                0x000022b8                Filter_SetCoherency
 .text.Filter_SetDalign
                0x00002350       0x50 .\CortexM3\ARM_GCC_484\Debug\Design01.a(Filter.o)
                0x00002350                Filter_SetDalign
 .text.Filter_SetInterruptMode
                0x000023a0       0x28 .\CortexM3\ARM_GCC_484\Debug\Design01.a(Filter_PVT.o)
                0x000023a0                Filter_SetInterruptMode
 .text.Filter_SetDMAMode
                0x000023c8       0x28 .\CortexM3\ARM_GCC_484\Debug\Design01.a(Filter_PVT.o)
                0x000023c8                Filter_SetDMAMode
 .text.ADC2Filter_DMA_DmaInitialize
                0x000023f0       0x60 .\CortexM3\ARM_GCC_484\Debug\Design01.a(ADC2Filter_DMA_dma.o)
                0x000023f0                ADC2Filter_DMA_DmaInitialize
 .text.DMA_4_DmaInitialize
                0x00002450       0x60 .\CortexM3\ARM_GCC_484\Debug\Design01.a(DMA_4_dma.o)
                0x00002450                DMA_4_DmaInitialize
 .text.DMA_3_DmaInitialize
                0x000024b0       0x60 .\CortexM3\ARM_GCC_484\Debug\Design01.a(DMA_3_dma.o)
                0x000024b0                DMA_3_DmaInitialize
 .text.arm_cfft_radix4by2_q31
                0x00002510      0x170 Z:\scottcarlson On My Mac\Code\repos\LED_controller\CMSISfile\CMSIS\Lib\GCC\libarm_cortexM3l_math.a(arm_cfft_q31.o)
                0x00002510                arm_cfft_radix4by2_q31
 .text.arm_cfft_radix4by2_inverse_q31
                0x00002680      0x178 Z:\scottcarlson On My Mac\Code\repos\LED_controller\CMSISfile\CMSIS\Lib\GCC\libarm_cortexM3l_math.a(arm_cfft_q31.o)
                0x00002680                arm_cfft_radix4by2_inverse_q31
 .text.arm_cfft_q31
                0x000027f8       0xbc Z:\scottcarlson On My Mac\Code\repos\LED_controller\CMSISfile\CMSIS\Lib\GCC\libarm_cortexM3l_math.a(arm_cfft_q31.o)
                0x000027f8                arm_cfft_q31
 .text          0x000028b4       0xc4 Z:\scottcarlson On My Mac\Code\repos\LED_controller\CMSISfile\CMSIS\Lib\GCC\libarm_cortexM3l_math.a(arm_bitreversal2.o)
                0x000028b4                arm_bitreversal_32
                0x00002920                arm_bitreversal_16
 .text.arm_radix4_butterfly_q31
                0x00002978      0x588 Z:\scottcarlson On My Mac\Code\repos\LED_controller\CMSISfile\CMSIS\Lib\GCC\libarm_cortexM3l_math.a(arm_cfft_radix4_q31.o)
                0x00002978                arm_radix4_butterfly_q31
 .text.arm_radix4_butterfly_inverse_q31
                0x00002f00      0x598 Z:\scottcarlson On My Mac\Code\repos\LED_controller\CMSISfile\CMSIS\Lib\GCC\libarm_cortexM3l_math.a(arm_cfft_radix4_q31.o)
                0x00002f00                arm_radix4_butterfly_inverse_q31
 .text.arm_cmplx_mag_q31
                0x00003498      0x138 Z:\scottcarlson On My Mac\Code\repos\LED_controller\CMSISfile\CMSIS\Lib\GCC\libarm_cortexM3l_math.a(arm_cmplx_mag_q31.o)
                0x00003498                arm_cmplx_mag_q31
 .text.arm_sqrt_q31
                0x000035d0      0x104 Z:\scottcarlson On My Mac\Code\repos\LED_controller\CMSISfile\CMSIS\Lib\GCC\libarm_cortexM3l_math.a(arm_sqrt_q31.o)
                0x000035d0                arm_sqrt_q31
 .text          0x000036d4      0x21c c:/program files/cypress/psoc creator/3.2/psoc creator/import/gnu/arm/4.8.4/bin/../lib/gcc/arm-none-eabi/4.8.4/armv7-m\libgcc.a(_arm_addsubsf3.o)
                0x000036d4                __aeabi_frsub
                0x000036dc                __subsf3
                0x000036dc                __aeabi_fsub
                0x000036e0                __aeabi_fadd
                0x000036e0                __addsf3
                0x00003840                __aeabi_ui2f
                0x00003840                __floatunsisf
                0x00003848                __aeabi_i2f
                0x00003848                __floatsisf
                0x00003864                __aeabi_ul2f
                0x00003864                __floatundisf
                0x00003874                __aeabi_l2f
                0x00003874                __floatdisf
 .text          0x000038f0      0x2a0 c:/program files/cypress/psoc creator/3.2/psoc creator/import/gnu/arm/4.8.4/bin/../lib/gcc/arm-none-eabi/4.8.4/armv7-m\libgcc.a(_arm_muldivsf3.o)
                0x000038f0                __mulsf3
                0x000038f0                __aeabi_fmul
                0x00003a58                __aeabi_fdiv
                0x00003a58                __divsf3
 .text          0x00003b90       0x4c c:/program files/cypress/psoc creator/3.2/psoc creator/import/gnu/arm/4.8.4/bin/../lib/gcc/arm-none-eabi/4.8.4/armv7-m\libgcc.a(_arm_fixsfsi.o)
                0x00003b90                __aeabi_f2iz
                0x00003b90                __fixsfsi
 .text.__libc_init_array
                0x00003bdc       0x4c c:/program files/cypress/psoc creator/3.2/psoc creator/import/gnu/arm/4.8.4/bin/../lib/gcc/arm-none-eabi/4.8.4/../../../../arm-none-eabi/lib/armv7-m\libg_s.a(lib_a-init.o)
                0x00003bdc                __libc_init_array
 .text.memcpy   0x00003c28       0x12 c:/program files/cypress/psoc creator/3.2/psoc creator/import/gnu/arm/4.8.4/bin/../lib/gcc/arm-none-eabi/4.8.4/../../../../arm-none-eabi/lib/armv7-m\libg_s.a(lib_a-memcpy-stub.o)
                0x00003c28                memcpy
 .text.memset   0x00003c3a       0x10 c:/program files/cypress/psoc creator/3.2/psoc creator/import/gnu/arm/4.8.4/bin/../lib/gcc/arm-none-eabi/4.8.4/../../../../arm-none-eabi/lib/armv7-m\libg_s.a(lib_a-memset.o)
                0x00003c3a                memset
 *(.plt)
 *(.gnu.warning)
 *(.glue_7t)
 .glue_7t       0x00000000        0x0 linker stubs
 *(.glue_7)
 .glue_7        0x00000000        0x0 linker stubs
 *(.vfp11_veneer)
 .vfp11_veneer  0x00000000        0x0 linker stubs
 *(.bootloader)
 *(.ARM.extab* .gnu.linkonce.armextab.*)
 *(.gcc_except_table)

.v4_bx          0x00003c4c        0x0
 .v4_bx         0x00000000        0x0 linker stubs

.iplt           0x00003c4c        0x0
 .iplt          0x00000000        0x0 c:/program files/cypress/psoc creator/3.2/psoc creator/import/gnu/arm/4.8.4/bin/../lib/gcc/arm-none-eabi/4.8.4/armv7-m/crtbegin.o

.eh_frame_hdr
 *(.eh_frame_hdr)

.eh_frame       0x00003c4c        0x4
 *(.eh_frame)
 .eh_frame      0x00003c4c        0x0 c:/program files/cypress/psoc creator/3.2/psoc creator/import/gnu/arm/4.8.4/bin/../lib/gcc/arm-none-eabi/4.8.4/armv7-m/crtbegin.o
 .eh_frame      0x00003c4c        0x4 c:/program files/cypress/psoc creator/3.2/psoc creator/import/gnu/arm/4.8.4/bin/../lib/gcc/arm-none-eabi/4.8.4/armv7-m/crtend.o
                0x00003c50                PROVIDE (__exidx_start, .)

.ARM.exidx
 *(.ARM.exidx* .gnu.linkonce.armexidx.*)
                0x00003c50                __exidx_end = .

.rodata         0x00003c50      0xbb8
 *(.rodata .rodata.* .gnu.linkonce.r.*)
 .rodata        0x00003c50       0x44 .\CortexM3\ARM_GCC_484\Debug\Design01.a(cyfitter_cfg.o)
                0x00003c50                ADC_DelSig_1_AMux__addrTable
                0x00003c58                ADC_DelSig_1_AMux__maskTable
 .rodata        0x00003c94       0x10 .\CortexM3\ARM_GCC_484\Debug\Design01.a(LCD_Char_1.o)
 .rodata        0x00003ca4      0x640 .\CortexM3\ARM_GCC_484\Debug\Design01.a(Filter_RAM_Data.o)
                0x00003ca4                Filter_control
                0x00003da4                Filter_data_a
                0x00003fa4                Filter_data_b
                0x000041a4                Filter_acu
                0x000041e4                Filter_cfsm
 .rodata.arm_cfft_sR_q15_len256
                0x000042e4       0x10 Z:\scottcarlson On My Mac\Code\repos\LED_controller\CMSISfile\CMSIS\Lib\GCC\libarm_cortexM3l_math.a(arm_const_structs.o)
                0x000042e4                arm_cfft_sR_q15_len256
 .rodata.twiddleCoef_256_q15
                0x000042f4      0x300 Z:\scottcarlson On My Mac\Code\repos\LED_controller\CMSISfile\CMSIS\Lib\GCC\libarm_cortexM3l_math.a(arm_common_tables.o)
                0x000042f4                twiddleCoef_256_q15
 .rodata.armBitRevIndexTable_fixed_256
                0x000045f4      0x1e0 Z:\scottcarlson On My Mac\Code\repos\LED_controller\CMSISfile\CMSIS\Lib\GCC\libarm_cortexM3l_math.a(arm_common_tables.o)
                0x000045f4                armBitRevIndexTable_fixed_256
                0x000047d4                . = ALIGN (0x4)
 *(.init)
 .init          0x000047d4        0x4 c:/program files/cypress/psoc creator/3.2/psoc creator/import/gnu/arm/4.8.4/bin/../lib/gcc/arm-none-eabi/4.8.4/armv7-m/crti.o
                0x000047d4                _init
 .init          0x000047d8        0x8 c:/program files/cypress/psoc creator/3.2/psoc creator/import/gnu/arm/4.8.4/bin/../lib/gcc/arm-none-eabi/4.8.4/armv7-m/crtn.o
                0x000047e0                . = ALIGN (0x4)
                0x000047e0                __preinit_array_start = .
 *(.preinit_array)
                0x000047e0                __preinit_array_end = .
                0x000047e0                . = ALIGN (0x4)
                0x000047e0                __init_array_start = .
 *(SORT(.init_array.*))
 *(.init_array)
 .init_array    0x000047e0        0x4 c:/program files/cypress/psoc creator/3.2/psoc creator/import/gnu/arm/4.8.4/bin/../lib/gcc/arm-none-eabi/4.8.4/armv7-m/crtbegin.o
 .init_array    0x000047e4        0x4 .\CortexM3\ARM_GCC_484\Debug\Cm3Start.o
                0x000047e8                __init_array_end = .
                0x000047e8                . = ALIGN (0x4)
 *(.fini)
 .fini          0x000047e8        0x4 c:/program files/cypress/psoc creator/3.2/psoc creator/import/gnu/arm/4.8.4/bin/../lib/gcc/arm-none-eabi/4.8.4/armv7-m/crti.o
                0x000047e8                _fini
 .fini          0x000047ec        0x8 c:/program files/cypress/psoc creator/3.2/psoc creator/import/gnu/arm/4.8.4/bin/../lib/gcc/arm-none-eabi/4.8.4/armv7-m/crtn.o
                0x000047f4                . = ALIGN (0x4)
                0x000047f4                __fini_array_start = .
 *(.fini_array)
 .fini_array    0x000047f4        0x4 c:/program files/cypress/psoc creator/3.2/psoc creator/import/gnu/arm/4.8.4/bin/../lib/gcc/arm-none-eabi/4.8.4/armv7-m/crtbegin.o
 *(SORT(.fini_array.*))
                0x000047f8                __fini_array_end = .
                0x000047f8                . = ALIGN (0x4)
 *crtbegin.o(.ctors)
 *(EXCLUDE_FILE(*crtend.o) .ctors)
 *(SORT(.ctors.*))
 *crtend.o(.ctors)
                0x000047f8                . = ALIGN (0x4)
 *crtbegin.o(.dtors)
 *(EXCLUDE_FILE(*crtend.o) .dtors)
 *(SORT(.dtors.*))
 *crtend.o(.dtors)
                0x000047f8                . = ALIGN (0x4)
                0x000047f8                __cy_regions = .
                0x000047f8        0x4 LONG 0x4808 __cy_region_init_ram
                0x000047fc        0x4 LONG 0x1fff8108 __cy_region_start_data
                0x00004800        0x4 LONG 0x28 __cy_region_init_size_ram
                0x00004804        0x4 LONG 0x1250 __cy_region_zero_size_ram
                0x00004808                __cy_regions_end = .
                0x00004808                . = ALIGN (0x8)
                0x00004808                _etext = .

.ramvectors     0x1fff8000      0x100
                0x1fff8000                __cy_region_start_ram = .
 *(.ramvectors)
 .ramvectors    0x1fff8000      0x100 .\CortexM3\ARM_GCC_484\Debug\Cm3Start.o
                0x1fff8000                CyRamVectors

.noinit         0x1fff8100        0x5
 *(.noinit)
 .noinit        0x1fff8100        0x4 .\CortexM3\ARM_GCC_484\Debug\Cm3Start.o
 .noinit        0x1fff8104        0x1 .\CortexM3\ARM_GCC_484\Debug\Design01.a(CyLib.o)
                0x1fff8104                CyResetStatus

.data           0x1fff8108       0x28 load address 0x00004808
                0x1fff8108                __cy_region_start_data = .
 *(.jcr)
 .jcr           0x1fff8108        0x0 c:/program files/cypress/psoc creator/3.2/psoc creator/import/gnu/arm/4.8.4/bin/../lib/gcc/arm-none-eabi/4.8.4/armv7-m/crtbegin.o
 .jcr           0x1fff8108        0x4 c:/program files/cypress/psoc creator/3.2/psoc creator/import/gnu/arm/4.8.4/bin/../lib/gcc/arm-none-eabi/4.8.4/armv7-m/crtend.o
 *(.got.plt)
 *(.got)
 *(.shdata)
 *(.data .data.* .gnu.linkonce.d.*)
 .data          0x1fff810c        0x4 .\CortexM3\ARM_GCC_484\Debug\main.o
 .data          0x1fff8110        0x8 .\CortexM3\ARM_GCC_484\Debug\Design01.a(CyDmac.o)
 .data          0x1fff8118       0x10 .\CortexM3\ARM_GCC_484\Debug\Design01.a(CyLib.o)
                0x1fff8118                cydelay_freq_hz
                0x1fff811c                cydelay_freq_khz
                0x1fff8120                cydelay_freq_mhz
                0x1fff8124                cydelay_32k_ms
 .data          0x1fff8128        0x1 .\CortexM3\ARM_GCC_484\Debug\Design01.a(ADC_DelSig_1.o)
                0x1fff8128                ADC_DelSig_1_Config
 .data          0x1fff8129        0x1 .\CortexM3\ARM_GCC_484\Debug\Design01.a(DMA_1_dma.o)
                0x1fff8129                DMA_1_DmaHandle
 .data          0x1fff812a        0x1 .\CortexM3\ARM_GCC_484\Debug\Design01.a(ADC_DelSig_1_AMux.o)
 .data          0x1fff812b        0x1 .\CortexM3\ARM_GCC_484\Debug\Design01.a(DMA_2_dma.o)
                0x1fff812b                DMA_2_DmaHandle
 .data          0x1fff812c        0x1 .\CortexM3\ARM_GCC_484\Debug\Design01.a(ADC2Filter_DMA_dma.o)
                0x1fff812c                ADC2Filter_DMA_DmaHandle
 .data          0x1fff812d        0x1 .\CortexM3\ARM_GCC_484\Debug\Design01.a(DMA_4_dma.o)
                0x1fff812d                DMA_4_DmaHandle
 .data          0x1fff812e        0x1 .\CortexM3\ARM_GCC_484\Debug\Design01.a(DMA_3_dma.o)
                0x1fff812e                DMA_3_DmaHandle
                0x1fff8130                . = ALIGN (0x8)
 *fill*         0x1fff812f        0x1 
 *(.ram)
                0x1fff8130                _edata = .

.igot.plt       0x1fff8130        0x0 load address 0x00004830
 .igot.plt      0x00000000        0x0 c:/program files/cypress/psoc creator/3.2/psoc creator/import/gnu/arm/4.8.4/bin/../lib/gcc/arm-none-eabi/4.8.4/armv7-m/crtbegin.o

.bss            0x1fff8130     0x1250 load address 0x00004830
                0x1fff8130                PROVIDE (__bss_start__, .)
 *(.shbss)
 *(.bss .bss.* .gnu.linkonce.b.*)
 .bss           0x1fff8130       0x1c c:/program files/cypress/psoc creator/3.2/psoc creator/import/gnu/arm/4.8.4/bin/../lib/gcc/arm-none-eabi/4.8.4/armv7-m/crtbegin.o
 .bss           0x1fff814c        0x2 .\CortexM3\ARM_GCC_484\Debug\main.o
 .bss           0x1fff814e        0x2 .\CortexM3\ARM_GCC_484\Debug\Design01.a(LCD_Char_1.o)
                0x1fff814e                LCD_Char_1_enableState
                0x1fff814f                LCD_Char_1_initVar
 .bss           0x1fff8150        0x8 .\CortexM3\ARM_GCC_484\Debug\Design01.a(ADC_DelSig_1.o)
                0x1fff8150                ADC_DelSig_1_convDone
                0x1fff8151                ADC_DelSig_1_stopConversion
                0x1fff8152                ADC_DelSig_1_initVar
                0x1fff8153                ADC_DelSig_1_started
 .bss           0x1fff8158        0x1 .\CortexM3\ARM_GCC_484\Debug\Design01.a(Filter.o)
                0x1fff8158                Filter_initVar
 *(COMMON)
 *fill*         0x1fff8159        0x3 
 COMMON         0x1fff815c     0x1219 .\CortexM3\ARM_GCC_484\Debug\main.o
                0x1fff815c                DMA_1_TD
                0x1fff8160                LPF_buffer
                0x1fff8560                DMA_3_Chan
                0x1fff8564                ADC2Filter_DMA_TD
                0x1fff8566                ADC2Filter_DMA_Chan
                0x1fff8568                DMA_2_TD
                0x1fff856c                DMA_3_TD
                0x1fff856d                DMA_2_Chan
                0x1fff856e                DMA_4_Chan
                0x1fff8570                magoutput
                0x1fff8770                DMA_1_Chan
                0x1fff8774                LPF_samples
                0x1fff8b74                ADC_samples
                0x1fff8f74                Buffer_samples
                0x1fff9374                DMA_4_TD
 *fill*         0x1fff9375        0x3 
 COMMON         0x1fff9378        0x8 .\CortexM3\ARM_GCC_484\Debug\Design01.a(ADC_DelSig_1.o)
                0x1fff9378                ADC_DelSig_1_CountsPerVolt
                0x1fff937c                ADC_DelSig_1_Offset
                0x1fff9380                . = ALIGN (0x8)
 *(.ram.b)
                0x1fff9380                _end = .
                0x1fff9380                __end = .
                0x1fff9380                PROVIDE (end, .)
                0x1fff9380                PROVIDE (__bss_end__, .)
                0x00004808                __cy_region_init_ram = LOADADDR (.data)
                0x00000028                __cy_region_init_size_ram = (_edata - ADDR (.data))
                0x00001250                __cy_region_zero_size_ram = (_end - _edata)

.heap           0x1fff9380     0x1000 load address 0x00004830
                0x1fff9380                . = _end
                0x1fffa380                . = (. + 0x1000)
 *fill*         0x1fff9380     0x1000 
                0x1fffa380                __cy_heap_limit = .

.stack          0x20004000     0x4000
                0x20004000                __cy_stack_limit = .
                0x20008000                . = (. + 0x4000)
 *fill*         0x20004000     0x4000 
                0x00000001                ASSERT ((__cy_stack_limit >= __cy_heap_limit), region RAM overflowed with stack)

.cyloadermeta
 *(.cyloadermeta)

.cyloadablemeta
 *(.cyloadablemeta)

.cyconfigecc    0x80000000      0x114
 *(.cyconfigecc)
 .cyconfigecc   0x80000000      0x114 .\CortexM3\ARM_GCC_484\Debug\cymetadata.o
                0x80000000                cy_meta_configecc

.cycustnvl      0x90000000        0x4
 *(.cycustnvl)
 .cycustnvl     0x90000000        0x4 .\CortexM3\ARM_GCC_484\Debug\cymetadata.o
                0x90000000                cy_meta_custnvl

.cywolatch      0x90100000        0x4
 *(.cywolatch)
 .cywolatch     0x90100000        0x4 .\CortexM3\ARM_GCC_484\Debug\cymetadata.o
                0x90100000                cy_meta_wonvl

.cyeeprom       0x90200000        0x0
 *(.cyeeprom)
                0x00000001                ASSERT ((. <= ((0x90200000 + ee_offset) + ee_size)), .cyeeprom data will not fit in EEPROM)

.cyflashprotect
                0x90400000      0x100
 *(.cyflashprotect)
 .cyflashprotect
                0x90400000      0x100 .\CortexM3\ARM_GCC_484\Debug\cymetadata.o
                0x90400000                cy_meta_flashprotect

.cymeta         0x90500000        0xc
 *(.cymeta)
 .cymeta        0x90500000        0xc .\CortexM3\ARM_GCC_484\Debug\cymetadata.o
                0x90500000                cy_metadata

.rel.dyn        0x00004830        0x0 load address 0x9050000c
 .rel.iplt      0x00000000        0x0 c:/program files/cypress/psoc creator/3.2/psoc creator/import/gnu/arm/4.8.4/bin/../lib/gcc/arm-none-eabi/4.8.4/armv7-m/crtbegin.o

.stab
 *(.stab)

.stabstr
 *(.stabstr)

.debug
 *(.debug)

.line
 *(.line)

.debug_srcinfo
 *(.debug_srcinfo)

.debug_sfnames
 *(.debug_sfnames)

.debug_aranges  0x00000000      0xda0
 *(.debug_aranges)
 .debug_aranges
                0x00000000       0x38 .\CortexM3\ARM_GCC_484\Debug\main.o
 .debug_aranges
                0x00000038       0x90 .\CortexM3\ARM_GCC_484\Debug\math_helper.o
 .debug_aranges
                0x000000c8       0x18 .\CortexM3\ARM_GCC_484\Debug\cymetadata.o
 .debug_aranges
                0x000000e0       0x48 .\CortexM3\ARM_GCC_484\Debug\Cm3Start.o
 .debug_aranges
                0x00000128       0x68 .\CortexM3\ARM_GCC_484\Debug\Design01.a(cyfitter_cfg.o)
 .debug_aranges
                0x00000190       0x20 .\CortexM3\ARM_GCC_484\Debug\Design01.a(CyBootAsmGnu.o)
 .debug_aranges
                0x000001b0       0xd8 .\CortexM3\ARM_GCC_484\Debug\Design01.a(CyDmac.o)
 .debug_aranges
                0x00000288      0x290 .\CortexM3\ARM_GCC_484\Debug\Design01.a(CyLib.o)
 .debug_aranges
                0x00000518       0x90 .\CortexM3\ARM_GCC_484\Debug\Design01.a(cyPm.o)
 .debug_aranges
                0x000005a8       0x98 .\CortexM3\ARM_GCC_484\Debug\Design01.a(LCD_Char_1.o)
 .debug_aranges
                0x00000640       0xe8 .\CortexM3\ARM_GCC_484\Debug\Design01.a(ADC_DelSig_1.o)
 .debug_aranges
                0x00000728       0x38 .\CortexM3\ARM_GCC_484\Debug\Design01.a(ADC_DelSig_1_INT.o)
 .debug_aranges
                0x00000760       0x28 .\CortexM3\ARM_GCC_484\Debug\Design01.a(DMA_1_dma.o)
 .debug_aranges
                0x00000788       0x30 .\CortexM3\ARM_GCC_484\Debug\Design01.a(ADC_DelSig_1_AMux.o)
 .debug_aranges
                0x000007b8       0x70 .\CortexM3\ARM_GCC_484\Debug\Design01.a(ADC_DelSig_1_Ext_CP_Clk.o)
 .debug_aranges
                0x00000828       0x80 .\CortexM3\ARM_GCC_484\Debug\Design01.a(ADC_DelSig_1_IRQ.o)
 .debug_aranges
                0x000008a8       0x80 .\CortexM3\ARM_GCC_484\Debug\Design01.a(ADC_DelSig_1_theACLK.o)
 .debug_aranges
                0x00000928       0x28 .\CortexM3\ARM_GCC_484\Debug\Design01.a(DMA_2_dma.o)
 .debug_aranges
                0x00000950       0x80 .\CortexM3\ARM_GCC_484\Debug\Design01.a(isr_1.o)
 .debug_aranges
                0x000009d0       0x80 .\CortexM3\ARM_GCC_484\Debug\Design01.a(isr_2.o)
 .debug_aranges
                0x00000a50       0x80 .\CortexM3\ARM_GCC_484\Debug\Design01.a(Filter.o)
 .debug_aranges
                0x00000ad0       0x28 .\CortexM3\ARM_GCC_484\Debug\Design01.a(Filter_PVT.o)
 .debug_aranges
                0x00000af8       0x18 .\CortexM3\ARM_GCC_484\Debug\Design01.a(Filter_RAM_Data.o)
 .debug_aranges
                0x00000b10       0x28 .\CortexM3\ARM_GCC_484\Debug\Design01.a(ADC2Filter_DMA_dma.o)
 .debug_aranges
                0x00000b38       0x28 .\CortexM3\ARM_GCC_484\Debug\Design01.a(DMA_4_dma.o)
 .debug_aranges
                0x00000b60       0x28 .\CortexM3\ARM_GCC_484\Debug\Design01.a(DMA_3_dma.o)
 .debug_aranges
                0x00000b88       0x80 .\CortexM3\ARM_GCC_484\Debug\Design01.a(CyFlash.o)
 .debug_aranges
                0x00000c08       0x78 .\CortexM3\ARM_GCC_484\Debug\Design01.a(CySpc.o)
 .debug_aranges
                0x00000c80       0x18 Z:\scottcarlson On My Mac\Code\repos\LED_controller\CMSISfile\CMSIS\Lib\GCC\libarm_cortexM3l_math.a(arm_const_structs.o)
 .debug_aranges
                0x00000c98       0x18 Z:\scottcarlson On My Mac\Code\repos\LED_controller\CMSISfile\CMSIS\Lib\GCC\libarm_cortexM3l_math.a(arm_common_tables.o)
 .debug_aranges
                0x00000cb0       0x30 Z:\scottcarlson On My Mac\Code\repos\LED_controller\CMSISfile\CMSIS\Lib\GCC\libarm_cortexM3l_math.a(arm_cfft_q31.o)
 .debug_aranges
                0x00000ce0       0x20 Z:\scottcarlson On My Mac\Code\repos\LED_controller\CMSISfile\CMSIS\Lib\GCC\libarm_cortexM3l_math.a(arm_bitreversal2.o)
 .debug_aranges
                0x00000d00       0x30 Z:\scottcarlson On My Mac\Code\repos\LED_controller\CMSISfile\CMSIS\Lib\GCC\libarm_cortexM3l_math.a(arm_cfft_radix4_q31.o)
 .debug_aranges
                0x00000d30       0x20 Z:\scottcarlson On My Mac\Code\repos\LED_controller\CMSISfile\CMSIS\Lib\GCC\libarm_cortexM3l_math.a(arm_cmplx_mag_q31.o)
 .debug_aranges
                0x00000d50       0x20 Z:\scottcarlson On My Mac\Code\repos\LED_controller\CMSISfile\CMSIS\Lib\GCC\libarm_cortexM3l_math.a(arm_sqrt_q31.o)
 .debug_aranges
                0x00000d70       0x30 Z:\scottcarlson On My Mac\Code\repos\LED_controller\CMSISfile\CMSIS\Lib\GCC\libarm_cortexM3l_math.a(arm_bitreversal.o)

.debug_pubnames
 *(.debug_pubnames)

.debug_info     0x00000000     0x83c0
 *(.debug_info .gnu.linkonce.wi.*)
 .debug_info    0x00000000      0x35d .\CortexM3\ARM_GCC_484\Debug\main.o
 .debug_info    0x0000035d      0x667 .\CortexM3\ARM_GCC_484\Debug\math_helper.o
 .debug_info    0x000009c4      0x13a .\CortexM3\ARM_GCC_484\Debug\cymetadata.o
 .debug_info    0x00000afe      0x323 .\CortexM3\ARM_GCC_484\Debug\Cm3Start.o
 .debug_info    0x00000e21      0x410 .\CortexM3\ARM_GCC_484\Debug\Design01.a(cyfitter_cfg.o)
 .debug_info    0x00001231       0xad .\CortexM3\ARM_GCC_484\Debug\Design01.a(CyBootAsmGnu.o)
 .debug_info    0x000012de      0x8b1 .\CortexM3\ARM_GCC_484\Debug\Design01.a(CyDmac.o)
 .debug_info    0x00001b8f      0xd85 .\CortexM3\ARM_GCC_484\Debug\Design01.a(CyLib.o)
 .debug_info    0x00002914      0x536 .\CortexM3\ARM_GCC_484\Debug\Design01.a(cyPm.o)
 .debug_info    0x00002e4a      0x3c4 .\CortexM3\ARM_GCC_484\Debug\Design01.a(LCD_Char_1.o)
 .debug_info    0x0000320e      0x71e .\CortexM3\ARM_GCC_484\Debug\Design01.a(ADC_DelSig_1.o)
 .debug_info    0x0000392c       0xcc .\CortexM3\ARM_GCC_484\Debug\Design01.a(ADC_DelSig_1_INT.o)
 .debug_info    0x000039f8      0x112 .\CortexM3\ARM_GCC_484\Debug\Design01.a(DMA_1_dma.o)
 .debug_info    0x00003b0a      0x109 .\CortexM3\ARM_GCC_484\Debug\Design01.a(ADC_DelSig_1_AMux.o)
 .debug_info    0x00003c13      0x25b .\CortexM3\ARM_GCC_484\Debug\Design01.a(ADC_DelSig_1_Ext_CP_Clk.o)
 .debug_info    0x00003e6e      0x236 .\CortexM3\ARM_GCC_484\Debug\Design01.a(ADC_DelSig_1_IRQ.o)
 .debug_info    0x000040a4      0x297 .\CortexM3\ARM_GCC_484\Debug\Design01.a(ADC_DelSig_1_theACLK.o)
 .debug_info    0x0000433b      0x112 .\CortexM3\ARM_GCC_484\Debug\Design01.a(DMA_2_dma.o)
 .debug_info    0x0000444d      0x236 .\CortexM3\ARM_GCC_484\Debug\Design01.a(isr_1.o)
 .debug_info    0x00004683      0x236 .\CortexM3\ARM_GCC_484\Debug\Design01.a(isr_2.o)
 .debug_info    0x000048b9      0x3a7 .\CortexM3\ARM_GCC_484\Debug\Design01.a(Filter.o)
 .debug_info    0x00004c60       0xe8 .\CortexM3\ARM_GCC_484\Debug\Design01.a(Filter_PVT.o)
 .debug_info    0x00004d48      0x12a .\CortexM3\ARM_GCC_484\Debug\Design01.a(Filter_RAM_Data.o)
 .debug_info    0x00004e72      0x112 .\CortexM3\ARM_GCC_484\Debug\Design01.a(ADC2Filter_DMA_dma.o)
 .debug_info    0x00004f84      0x112 .\CortexM3\ARM_GCC_484\Debug\Design01.a(DMA_4_dma.o)
 .debug_info    0x00005096      0x112 .\CortexM3\ARM_GCC_484\Debug\Design01.a(DMA_3_dma.o)
 .debug_info    0x000051a8      0x36a .\CortexM3\ARM_GCC_484\Debug\Design01.a(CyFlash.o)
 .debug_info    0x00005512      0x456 .\CortexM3\ARM_GCC_484\Debug\Design01.a(CySpc.o)
 .debug_info    0x00005968      0x9f5 Z:\scottcarlson On My Mac\Code\repos\LED_controller\CMSISfile\CMSIS\Lib\GCC\libarm_cortexM3l_math.a(arm_const_structs.o)
 .debug_info    0x0000635d      0x99d Z:\scottcarlson On My Mac\Code\repos\LED_controller\CMSISfile\CMSIS\Lib\GCC\libarm_cortexM3l_math.a(arm_common_tables.o)
 .debug_info    0x00006cfa      0x595 Z:\scottcarlson On My Mac\Code\repos\LED_controller\CMSISfile\CMSIS\Lib\GCC\libarm_cortexM3l_math.a(arm_cfft_q31.o)
 .debug_info    0x0000728f       0x85 Z:\scottcarlson On My Mac\Code\repos\LED_controller\CMSISfile\CMSIS\Lib\GCC\libarm_cortexM3l_math.a(arm_bitreversal2.o)
 .debug_info    0x00007314      0x821 Z:\scottcarlson On My Mac\Code\repos\LED_controller\CMSISfile\CMSIS\Lib\GCC\libarm_cortexM3l_math.a(arm_cfft_radix4_q31.o)
 .debug_info    0x00007b35      0x321 Z:\scottcarlson On My Mac\Code\repos\LED_controller\CMSISfile\CMSIS\Lib\GCC\libarm_cortexM3l_math.a(arm_cmplx_mag_q31.o)
 .debug_info    0x00007e56      0x26f Z:\scottcarlson On My Mac\Code\repos\LED_controller\CMSISfile\CMSIS\Lib\GCC\libarm_cortexM3l_math.a(arm_sqrt_q31.o)
 .debug_info    0x000080c5      0x2fb Z:\scottcarlson On My Mac\Code\repos\LED_controller\CMSISfile\CMSIS\Lib\GCC\libarm_cortexM3l_math.a(arm_bitreversal.o)

.debug_abbrev   0x00000000     0x23b2
 *(.debug_abbrev)
 .debug_abbrev  0x00000000       0xf9 .\CortexM3\ARM_GCC_484\Debug\main.o
 .debug_abbrev  0x000000f9      0x170 .\CortexM3\ARM_GCC_484\Debug\math_helper.o
 .debug_abbrev  0x00000269       0x66 .\CortexM3\ARM_GCC_484\Debug\cymetadata.o
 .debug_abbrev  0x000002cf      0x1c5 .\CortexM3\ARM_GCC_484\Debug\Cm3Start.o
 .debug_abbrev  0x00000494      0x1b0 .\CortexM3\ARM_GCC_484\Debug\Design01.a(cyfitter_cfg.o)
 .debug_abbrev  0x00000644       0x14 .\CortexM3\ARM_GCC_484\Debug\Design01.a(CyBootAsmGnu.o)
 .debug_abbrev  0x00000658      0x194 .\CortexM3\ARM_GCC_484\Debug\Design01.a(CyDmac.o)
 .debug_abbrev  0x000007ec      0x217 .\CortexM3\ARM_GCC_484\Debug\Design01.a(CyLib.o)
 .debug_abbrev  0x00000a03      0x16e .\CortexM3\ARM_GCC_484\Debug\Design01.a(cyPm.o)
 .debug_abbrev  0x00000b71      0x12d .\CortexM3\ARM_GCC_484\Debug\Design01.a(LCD_Char_1.o)
 .debug_abbrev  0x00000c9e      0x19d .\CortexM3\ARM_GCC_484\Debug\Design01.a(ADC_DelSig_1.o)
 .debug_abbrev  0x00000e3b       0x42 .\CortexM3\ARM_GCC_484\Debug\Design01.a(ADC_DelSig_1_INT.o)
 .debug_abbrev  0x00000e7d       0x8b .\CortexM3\ARM_GCC_484\Debug\Design01.a(DMA_1_dma.o)
 .debug_abbrev  0x00000f08       0x6f .\CortexM3\ARM_GCC_484\Debug\Design01.a(ADC_DelSig_1_AMux.o)
 .debug_abbrev  0x00000f77      0x12a .\CortexM3\ARM_GCC_484\Debug\Design01.a(ADC_DelSig_1_Ext_CP_Clk.o)
 .debug_abbrev  0x000010a1      0x156 .\CortexM3\ARM_GCC_484\Debug\Design01.a(ADC_DelSig_1_IRQ.o)
 .debug_abbrev  0x000011f7      0x12a .\CortexM3\ARM_GCC_484\Debug\Design01.a(ADC_DelSig_1_theACLK.o)
 .debug_abbrev  0x00001321       0x8b .\CortexM3\ARM_GCC_484\Debug\Design01.a(DMA_2_dma.o)
 .debug_abbrev  0x000013ac      0x156 .\CortexM3\ARM_GCC_484\Debug\Design01.a(isr_1.o)
 .debug_abbrev  0x00001502      0x156 .\CortexM3\ARM_GCC_484\Debug\Design01.a(isr_2.o)
 .debug_abbrev  0x00001658      0x16b .\CortexM3\ARM_GCC_484\Debug\Design01.a(Filter.o)
 .debug_abbrev  0x000017c3       0x8c .\CortexM3\ARM_GCC_484\Debug\Design01.a(Filter_PVT.o)
 .debug_abbrev  0x0000184f       0x66 .\CortexM3\ARM_GCC_484\Debug\Design01.a(Filter_RAM_Data.o)
 .debug_abbrev  0x000018b5       0x8b .\CortexM3\ARM_GCC_484\Debug\Design01.a(ADC2Filter_DMA_dma.o)
 .debug_abbrev  0x00001940       0x8b .\CortexM3\ARM_GCC_484\Debug\Design01.a(DMA_4_dma.o)
 .debug_abbrev  0x000019cb       0x8b .\CortexM3\ARM_GCC_484\Debug\Design01.a(DMA_3_dma.o)
 .debug_abbrev  0x00001a56      0x12d .\CortexM3\ARM_GCC_484\Debug\Design01.a(CyFlash.o)
 .debug_abbrev  0x00001b83      0x179 .\CortexM3\ARM_GCC_484\Debug\Design01.a(CySpc.o)
 .debug_abbrev  0x00001cfc       0xa9 Z:\scottcarlson On My Mac\Code\repos\LED_controller\CMSISfile\CMSIS\Lib\GCC\libarm_cortexM3l_math.a(arm_const_structs.o)
 .debug_abbrev  0x00001da5       0x84 Z:\scottcarlson On My Mac\Code\repos\LED_controller\CMSISfile\CMSIS\Lib\GCC\libarm_cortexM3l_math.a(arm_common_tables.o)
 .debug_abbrev  0x00001e29      0x140 Z:\scottcarlson On My Mac\Code\repos\LED_controller\CMSISfile\CMSIS\Lib\GCC\libarm_cortexM3l_math.a(arm_cfft_q31.o)
 .debug_abbrev  0x00001f69       0x14 Z:\scottcarlson On My Mac\Code\repos\LED_controller\CMSISfile\CMSIS\Lib\GCC\libarm_cortexM3l_math.a(arm_bitreversal2.o)
 .debug_abbrev  0x00001f7d      0x155 Z:\scottcarlson On My Mac\Code\repos\LED_controller\CMSISfile\CMSIS\Lib\GCC\libarm_cortexM3l_math.a(arm_cfft_radix4_q31.o)
 .debug_abbrev  0x000020d2       0xea Z:\scottcarlson On My Mac\Code\repos\LED_controller\CMSISfile\CMSIS\Lib\GCC\libarm_cortexM3l_math.a(arm_cmplx_mag_q31.o)
 .debug_abbrev  0x000021bc      0x12a Z:\scottcarlson On My Mac\Code\repos\LED_controller\CMSISfile\CMSIS\Lib\GCC\libarm_cortexM3l_math.a(arm_sqrt_q31.o)
 .debug_abbrev  0x000022e6       0xcc Z:\scottcarlson On My Mac\Code\repos\LED_controller\CMSISfile\CMSIS\Lib\GCC\libarm_cortexM3l_math.a(arm_bitreversal.o)

.debug_line     0x00000000     0x4ed8
 *(.debug_line)
 .debug_line    0x00000000      0x23e .\CortexM3\ARM_GCC_484\Debug\main.o
 .debug_line    0x0000023e      0x40e .\CortexM3\ARM_GCC_484\Debug\math_helper.o
 .debug_line    0x0000064c       0x53 .\CortexM3\ARM_GCC_484\Debug\cymetadata.o
 .debug_line    0x0000069f      0x1c6 .\CortexM3\ARM_GCC_484\Debug\Cm3Start.o
 .debug_line    0x00000865      0x213 .\CortexM3\ARM_GCC_484\Debug\Design01.a(cyfitter_cfg.o)
 .debug_line    0x00000a78       0x68 .\CortexM3\ARM_GCC_484\Debug\Design01.a(CyBootAsmGnu.o)
 .debug_line    0x00000ae0      0x2af .\CortexM3\ARM_GCC_484\Debug\Design01.a(CyDmac.o)
 .debug_line    0x00000d8f      0x839 .\CortexM3\ARM_GCC_484\Debug\Design01.a(CyLib.o)
 .debug_line    0x000015c8      0x366 .\CortexM3\ARM_GCC_484\Debug\Design01.a(cyPm.o)
 .debug_line    0x0000192e      0x1f6 .\CortexM3\ARM_GCC_484\Debug\Design01.a(LCD_Char_1.o)
 .debug_line    0x00001b24      0x373 .\CortexM3\ARM_GCC_484\Debug\Design01.a(ADC_DelSig_1.o)
 .debug_line    0x00001e97       0x97 .\CortexM3\ARM_GCC_484\Debug\Design01.a(ADC_DelSig_1_INT.o)
 .debug_line    0x00001f2e       0x91 .\CortexM3\ARM_GCC_484\Debug\Design01.a(DMA_1_dma.o)
 .debug_line    0x00001fbf       0xa8 .\CortexM3\ARM_GCC_484\Debug\Design01.a(ADC_DelSig_1_AMux.o)
 .debug_line    0x00002067      0x1c6 .\CortexM3\ARM_GCC_484\Debug\Design01.a(ADC_DelSig_1_Ext_CP_Clk.o)
 .debug_line    0x0000222d      0x172 .\CortexM3\ARM_GCC_484\Debug\Design01.a(ADC_DelSig_1_IRQ.o)
 .debug_line    0x0000239f      0x1e7 .\CortexM3\ARM_GCC_484\Debug\Design01.a(ADC_DelSig_1_theACLK.o)
 .debug_line    0x00002586       0x91 .\CortexM3\ARM_GCC_484\Debug\Design01.a(DMA_2_dma.o)
 .debug_line    0x00002617      0x157 .\CortexM3\ARM_GCC_484\Debug\Design01.a(isr_1.o)
 .debug_line    0x0000276e      0x167 .\CortexM3\ARM_GCC_484\Debug\Design01.a(isr_2.o)
 .debug_line    0x000028d5      0x182 .\CortexM3\ARM_GCC_484\Debug\Design01.a(Filter.o)
 .debug_line    0x00002a57       0x78 .\CortexM3\ARM_GCC_484\Debug\Design01.a(Filter_PVT.o)
 .debug_line    0x00002acf       0x58 .\CortexM3\ARM_GCC_484\Debug\Design01.a(Filter_RAM_Data.o)
 .debug_line    0x00002b27       0x9a .\CortexM3\ARM_GCC_484\Debug\Design01.a(ADC2Filter_DMA_dma.o)
 .debug_line    0x00002bc1       0x91 .\CortexM3\ARM_GCC_484\Debug\Design01.a(DMA_4_dma.o)
 .debug_line    0x00002c52       0x91 .\CortexM3\ARM_GCC_484\Debug\Design01.a(DMA_3_dma.o)
 .debug_line    0x00002ce3      0x217 .\CortexM3\ARM_GCC_484\Debug\Design01.a(CyFlash.o)
 .debug_line    0x00002efa      0x20c .\CortexM3\ARM_GCC_484\Debug\Design01.a(CySpc.o)
 .debug_line    0x00003106      0x140 Z:\scottcarlson On My Mac\Code\repos\LED_controller\CMSISfile\CMSIS\Lib\GCC\libarm_cortexM3l_math.a(arm_const_structs.o)
 .debug_line    0x00003246      0x129 Z:\scottcarlson On My Mac\Code\repos\LED_controller\CMSISfile\CMSIS\Lib\GCC\libarm_cortexM3l_math.a(arm_common_tables.o)
 .debug_line    0x0000336f      0x3f0 Z:\scottcarlson On My Mac\Code\repos\LED_controller\CMSISfile\CMSIS\Lib\GCC\libarm_cortexM3l_math.a(arm_cfft_q31.o)
 .debug_line    0x0000375f       0x98 Z:\scottcarlson On My Mac\Code\repos\LED_controller\CMSISfile\CMSIS\Lib\GCC\libarm_cortexM3l_math.a(arm_bitreversal2.o)
 .debug_line    0x000037f7     0x1186 Z:\scottcarlson On My Mac\Code\repos\LED_controller\CMSISfile\CMSIS\Lib\GCC\libarm_cortexM3l_math.a(arm_cfft_radix4_q31.o)
 .debug_line    0x0000497d      0x1be Z:\scottcarlson On My Mac\Code\repos\LED_controller\CMSISfile\CMSIS\Lib\GCC\libarm_cortexM3l_math.a(arm_cmplx_mag_q31.o)
 .debug_line    0x00004b3b      0x19a Z:\scottcarlson On My Mac\Code\repos\LED_controller\CMSISfile\CMSIS\Lib\GCC\libarm_cortexM3l_math.a(arm_sqrt_q31.o)
 .debug_line    0x00004cd5      0x203 Z:\scottcarlson On My Mac\Code\repos\LED_controller\CMSISfile\CMSIS\Lib\GCC\libarm_cortexM3l_math.a(arm_bitreversal.o)

.debug_frame    0x00000000     0x29b4
 *(.debug_frame)
 .debug_frame   0x00000000       0x80 .\CortexM3\ARM_GCC_484\Debug\main.o
 .debug_frame   0x00000080      0x208 .\CortexM3\ARM_GCC_484\Debug\math_helper.o
 .debug_frame   0x00000288       0xc4 .\CortexM3\ARM_GCC_484\Debug\Cm3Start.o
 .debug_frame   0x0000034c      0x13c .\CortexM3\ARM_GCC_484\Debug\Design01.a(cyfitter_cfg.o)
 .debug_frame   0x00000488      0x2c0 .\CortexM3\ARM_GCC_484\Debug\Design01.a(CyDmac.o)
 .debug_frame   0x00000748      0x924 .\CortexM3\ARM_GCC_484\Debug\Design01.a(CyLib.o)
 .debug_frame   0x0000106c      0x1d0 .\CortexM3\ARM_GCC_484\Debug\Design01.a(cyPm.o)
 .debug_frame   0x0000123c      0x200 .\CortexM3\ARM_GCC_484\Debug\Design01.a(LCD_Char_1.o)
 .debug_frame   0x0000143c      0x31c .\CortexM3\ARM_GCC_484\Debug\Design01.a(ADC_DelSig_1.o)
 .debug_frame   0x00001758       0x80 .\CortexM3\ARM_GCC_484\Debug\Design01.a(ADC_DelSig_1_INT.o)
 .debug_frame   0x000017d8       0x4c .\CortexM3\ARM_GCC_484\Debug\Design01.a(DMA_1_dma.o)
 .debug_frame   0x00001824       0x70 .\CortexM3\ARM_GCC_484\Debug\Design01.a(ADC_DelSig_1_AMux.o)
 .debug_frame   0x00001894      0x14c .\CortexM3\ARM_GCC_484\Debug\Design01.a(ADC_DelSig_1_Ext_CP_Clk.o)
 .debug_frame   0x000019e0      0x180 .\CortexM3\ARM_GCC_484\Debug\Design01.a(ADC_DelSig_1_IRQ.o)
 .debug_frame   0x00001b60      0x184 .\CortexM3\ARM_GCC_484\Debug\Design01.a(ADC_DelSig_1_theACLK.o)
 .debug_frame   0x00001ce4       0x4c .\CortexM3\ARM_GCC_484\Debug\Design01.a(DMA_2_dma.o)
 .debug_frame   0x00001d30      0x180 .\CortexM3\ARM_GCC_484\Debug\Design01.a(isr_1.o)
 .debug_frame   0x00001eb0      0x180 .\CortexM3\ARM_GCC_484\Debug\Design01.a(isr_2.o)
 .debug_frame   0x00002030      0x188 .\CortexM3\ARM_GCC_484\Debug\Design01.a(Filter.o)
 .debug_frame   0x000021b8       0x48 .\CortexM3\ARM_GCC_484\Debug\Design01.a(Filter_PVT.o)
 .debug_frame   0x00002200       0x4c .\CortexM3\ARM_GCC_484\Debug\Design01.a(ADC2Filter_DMA_dma.o)
 .debug_frame   0x0000224c       0x4c .\CortexM3\ARM_GCC_484\Debug\Design01.a(DMA_4_dma.o)
 .debug_frame   0x00002298       0x4c .\CortexM3\ARM_GCC_484\Debug\Design01.a(DMA_3_dma.o)
 .debug_frame   0x000022e4      0x1a8 .\CortexM3\ARM_GCC_484\Debug\Design01.a(CyFlash.o)
 .debug_frame   0x0000248c      0x174 .\CortexM3\ARM_GCC_484\Debug\Design01.a(CySpc.o)
 .debug_frame   0x00002600       0x7c Z:\scottcarlson On My Mac\Code\repos\LED_controller\CMSISfile\CMSIS\Lib\GCC\libarm_cortexM3l_math.a(arm_cfft_q31.o)
 .debug_frame   0x0000267c       0x7c Z:\scottcarlson On My Mac\Code\repos\LED_controller\CMSISfile\CMSIS\Lib\GCC\libarm_cortexM3l_math.a(arm_cfft_radix4_q31.o)
 .debug_frame   0x000026f8       0x3c Z:\scottcarlson On My Mac\Code\repos\LED_controller\CMSISfile\CMSIS\Lib\GCC\libarm_cortexM3l_math.a(arm_cmplx_mag_q31.o)
 .debug_frame   0x00002734       0x38 Z:\scottcarlson On My Mac\Code\repos\LED_controller\CMSISfile\CMSIS\Lib\GCC\libarm_cortexM3l_math.a(arm_sqrt_q31.o)
 .debug_frame   0x0000276c       0x84 Z:\scottcarlson On My Mac\Code\repos\LED_controller\CMSISfile\CMSIS\Lib\GCC\libarm_cortexM3l_math.a(arm_bitreversal.o)
 .debug_frame   0x000027f0       0x34 c:/program files/cypress/psoc creator/3.2/psoc creator/import/gnu/arm/4.8.4/bin/../lib/gcc/arm-none-eabi/4.8.4/../../../../arm-none-eabi/lib/armv7-m\libm.a(lib_a-w_log10.o)
 .debug_frame   0x00002824       0x34 c:/program files/cypress/psoc creator/3.2/psoc creator/import/gnu/arm/4.8.4/bin/../lib/gcc/arm-none-eabi/4.8.4/../../../../arm-none-eabi/lib/armv7-m\libm.a(lib_a-e_log10.o)
 .debug_frame   0x00002858       0x28 c:/program files/cypress/psoc creator/3.2/psoc creator/import/gnu/arm/4.8.4/bin/../lib/gcc/arm-none-eabi/4.8.4/../../../../arm-none-eabi/lib/armv7-m\libm.a(lib_a-s_fpclassify.o)
 .debug_frame   0x00002880       0x20 c:/program files/cypress/psoc creator/3.2/psoc creator/import/gnu/arm/4.8.4/bin/../lib/gcc/arm-none-eabi/4.8.4/../../../../arm-none-eabi/lib/armv7-m\libm.a(lib_a-s_matherr.o)
 .debug_frame   0x000028a0       0x20 c:/program files/cypress/psoc creator/3.2/psoc creator/import/gnu/arm/4.8.4/bin/../lib/gcc/arm-none-eabi/4.8.4/../../../../arm-none-eabi/lib/armv7-m\libm.a(lib_a-s_nan.o)
 .debug_frame   0x000028c0       0x38 c:/program files/cypress/psoc creator/3.2/psoc creator/import/gnu/arm/4.8.4/bin/../lib/gcc/arm-none-eabi/4.8.4/../../../../arm-none-eabi/lib/armv7-m\libm.a(lib_a-e_log.o)
 .debug_frame   0x000028f8       0x20 c:/program files/cypress/psoc creator/3.2/psoc creator/import/gnu/arm/4.8.4/bin/../lib/gcc/arm-none-eabi/4.8.4/../../../../arm-none-eabi/lib/armv7-m\libg_s.a(lib_a-errno.o)
 .debug_frame   0x00002918       0x28 c:/program files/cypress/psoc creator/3.2/psoc creator/import/gnu/arm/4.8.4/bin/../lib/gcc/arm-none-eabi/4.8.4/../../../../arm-none-eabi/lib/armv7-m\libg_s.a(lib_a-exit.o)
 .debug_frame   0x00002940       0x2c c:/program files/cypress/psoc creator/3.2/psoc creator/import/gnu/arm/4.8.4/bin/../lib/gcc/arm-none-eabi/4.8.4/../../../../arm-none-eabi/lib/armv7-m\libg_s.a(lib_a-init.o)
 .debug_frame   0x0000296c       0x28 c:/program files/cypress/psoc creator/3.2/psoc creator/import/gnu/arm/4.8.4/bin/../lib/gcc/arm-none-eabi/4.8.4/../../../../arm-none-eabi/lib/armv7-m\libg_s.a(lib_a-memcpy-stub.o)
 .debug_frame   0x00002994       0x20 c:/program files/cypress/psoc creator/3.2/psoc creator/import/gnu/arm/4.8.4/bin/../lib/gcc/arm-none-eabi/4.8.4/../../../../arm-none-eabi/lib/armv7-m\libg_s.a(lib_a-memset.o)

.debug_str      0x00000000     0x38cd
 *(.debug_str)
 .debug_str     0x00000000      0x31c .\CortexM3\ARM_GCC_484\Debug\main.o
                                0x37b (size before relaxing)
 .debug_str     0x0000031c      0x1db .\CortexM3\ARM_GCC_484\Debug\math_helper.o
                                0x3c2 (size before relaxing)
 .debug_str     0x000004f7       0xd4 .\CortexM3\ARM_GCC_484\Debug\cymetadata.o
                                0x1f5 (size before relaxing)
 .debug_str     0x000005cb      0x132 .\CortexM3\ARM_GCC_484\Debug\Cm3Start.o
                                0x2d6 (size before relaxing)
 .debug_str     0x000006fd      0x1a9 .\CortexM3\ARM_GCC_484\Debug\Design01.a(cyfitter_cfg.o)
                                0x354 (size before relaxing)
 .debug_str     0x000008a6      0x36f .\CortexM3\ARM_GCC_484\Debug\Design01.a(CyDmac.o)
                                0x51c (size before relaxing)
 .debug_str     0x00000c15      0x78d .\CortexM3\ARM_GCC_484\Debug\Design01.a(CyLib.o)
                                0x996 (size before relaxing)
 .debug_str     0x000013a2      0x371 .\CortexM3\ARM_GCC_484\Debug\Design01.a(cyPm.o)
                                0x526 (size before relaxing)
 .debug_str     0x00001713      0x1f6 .\CortexM3\ARM_GCC_484\Debug\Design01.a(LCD_Char_1.o)
                                0x3a4 (size before relaxing)
 .debug_str     0x00001909      0x440 .\CortexM3\ARM_GCC_484\Debug\Design01.a(ADC_DelSig_1.o)
                                0x62d (size before relaxing)
 .debug_str     0x00001d49       0x74 .\CortexM3\ARM_GCC_484\Debug\Design01.a(ADC_DelSig_1_INT.o)
                                0x1f7 (size before relaxing)
 .debug_str     0x00001dbd       0x95 .\CortexM3\ARM_GCC_484\Debug\Design01.a(DMA_1_dma.o)
                                0x21a (size before relaxing)
 .debug_str     0x00001e52       0x9e .\CortexM3\ARM_GCC_484\Debug\Design01.a(ADC_DelSig_1_AMux.o)
                                0x21b (size before relaxing)
 .debug_str     0x00001ef0      0x21c .\CortexM3\ARM_GCC_484\Debug\Design01.a(ADC_DelSig_1_Ext_CP_Clk.o)
                                0x3b9 (size before relaxing)
 .debug_str     0x0000210c      0x182 .\CortexM3\ARM_GCC_484\Debug\Design01.a(ADC_DelSig_1_IRQ.o)
                                0x33f (size before relaxing)
 .debug_str     0x0000228e      0x20a .\CortexM3\ARM_GCC_484\Debug\Design01.a(ADC_DelSig_1_theACLK.o)
                                0x3ea (size before relaxing)
 .debug_str     0x00002498       0x5a .\CortexM3\ARM_GCC_484\Debug\Design01.a(DMA_2_dma.o)
                                0x21a (size before relaxing)
 .debug_str     0x000024f2       0xe8 .\CortexM3\ARM_GCC_484\Debug\Design01.a(isr_1.o)
                                0x2a5 (size before relaxing)
 .debug_str     0x000025da       0xe8 .\CortexM3\ARM_GCC_484\Debug\Design01.a(isr_2.o)
                                0x2a5 (size before relaxing)
 .debug_str     0x000026c2      0x159 .\CortexM3\ARM_GCC_484\Debug\Design01.a(Filter.o)
                                0x30a (size before relaxing)
 .debug_str     0x0000281b       0x57 .\CortexM3\ARM_GCC_484\Debug\Design01.a(Filter_PVT.o)
                                0x1da (size before relaxing)
 .debug_str     0x00002872       0x2b .\CortexM3\ARM_GCC_484\Debug\Design01.a(Filter_RAM_Data.o)
                                0x1eb (size before relaxing)
 .debug_str     0x0000289d       0x7e .\CortexM3\ARM_GCC_484\Debug\Design01.a(ADC2Filter_DMA_dma.o)
                                0x23e (size before relaxing)
 .debug_str     0x0000291b       0x5a .\CortexM3\ARM_GCC_484\Debug\Design01.a(DMA_4_dma.o)
                                0x21a (size before relaxing)
 .debug_str     0x00002975       0x5a .\CortexM3\ARM_GCC_484\Debug\Design01.a(DMA_3_dma.o)
                                0x21a (size before relaxing)
 .debug_str     0x000029cf      0x140 .\CortexM3\ARM_GCC_484\Debug\Design01.a(CyFlash.o)
                                0x2f5 (size before relaxing)
 .debug_str     0x00002b0f      0x116 .\CortexM3\ARM_GCC_484\Debug\Design01.a(CySpc.o)
                                0x2f2 (size before relaxing)
 .debug_str     0x00002c25      0x757 Z:\scottcarlson On My Mac\Code\repos\LED_controller\CMSISfile\CMSIS\Lib\GCC\libarm_cortexM3l_math.a(arm_const_structs.o)
                                0x8a7 (size before relaxing)
 .debug_str     0x0000337c      0x125 Z:\scottcarlson On My Mac\Code\repos\LED_controller\CMSISfile\CMSIS\Lib\GCC\libarm_cortexM3l_math.a(arm_common_tables.o)
                                0x6cf (size before relaxing)
 .debug_str     0x000034a1      0x100 Z:\scottcarlson On My Mac\Code\repos\LED_controller\CMSISfile\CMSIS\Lib\GCC\libarm_cortexM3l_math.a(arm_cfft_q31.o)
                                0x317 (size before relaxing)
 .debug_str     0x000035a1       0xf4 Z:\scottcarlson On My Mac\Code\repos\LED_controller\CMSISfile\CMSIS\Lib\GCC\libarm_cortexM3l_math.a(arm_cfft_radix4_q31.o)
                                0x35f (size before relaxing)
 .debug_str     0x00003695      0x144 Z:\scottcarlson On My Mac\Code\repos\LED_controller\CMSISfile\CMSIS\Lib\GCC\libarm_cortexM3l_math.a(arm_cmplx_mag_q31.o)
                                0x31f (size before relaxing)
 .debug_str     0x000037d9       0x74 Z:\scottcarlson On My Mac\Code\repos\LED_controller\CMSISfile\CMSIS\Lib\GCC\libarm_cortexM3l_math.a(arm_sqrt_q31.o)
                                0x31a (size before relaxing)
 .debug_str     0x0000384d       0x80 Z:\scottcarlson On My Mac\Code\repos\LED_controller\CMSISfile\CMSIS\Lib\GCC\libarm_cortexM3l_math.a(arm_bitreversal.o)
                                0x2a3 (size before relaxing)

.debug_loc      0x00000000     0x248b
 *(.debug_loc)
 .debug_loc     0x00000000      0x787 Z:\scottcarlson On My Mac\Code\repos\LED_controller\CMSISfile\CMSIS\Lib\GCC\libarm_cortexM3l_math.a(arm_cfft_q31.o)
 .debug_loc     0x00000787     0x1236 Z:\scottcarlson On My Mac\Code\repos\LED_controller\CMSISfile\CMSIS\Lib\GCC\libarm_cortexM3l_math.a(arm_cfft_radix4_q31.o)
 .debug_loc     0x000019bd      0x4fc Z:\scottcarlson On My Mac\Code\repos\LED_controller\CMSISfile\CMSIS\Lib\GCC\libarm_cortexM3l_math.a(arm_cmplx_mag_q31.o)
 .debug_loc     0x00001eb9      0x1e8 Z:\scottcarlson On My Mac\Code\repos\LED_controller\CMSISfile\CMSIS\Lib\GCC\libarm_cortexM3l_math.a(arm_sqrt_q31.o)
 .debug_loc     0x000020a1      0x3ea Z:\scottcarlson On My Mac\Code\repos\LED_controller\CMSISfile\CMSIS\Lib\GCC\libarm_cortexM3l_math.a(arm_bitreversal.o)

.debug_macinfo
 *(.debug_macinfo)

.debug_ranges   0x00000000      0xb20
 *(.debug_ranges)
 .debug_ranges  0x00000000       0x28 .\CortexM3\ARM_GCC_484\Debug\main.o
 .debug_ranges  0x00000028       0x80 .\CortexM3\ARM_GCC_484\Debug\math_helper.o
 .debug_ranges  0x000000a8       0x38 .\CortexM3\ARM_GCC_484\Debug\Cm3Start.o
 .debug_ranges  0x000000e0       0x58 .\CortexM3\ARM_GCC_484\Debug\Design01.a(cyfitter_cfg.o)
 .debug_ranges  0x00000138       0xc8 .\CortexM3\ARM_GCC_484\Debug\Design01.a(CyDmac.o)
 .debug_ranges  0x00000200      0x280 .\CortexM3\ARM_GCC_484\Debug\Design01.a(CyLib.o)
 .debug_ranges  0x00000480       0x80 .\CortexM3\ARM_GCC_484\Debug\Design01.a(cyPm.o)
 .debug_ranges  0x00000500       0x88 .\CortexM3\ARM_GCC_484\Debug\Design01.a(LCD_Char_1.o)
 .debug_ranges  0x00000588       0xd8 .\CortexM3\ARM_GCC_484\Debug\Design01.a(ADC_DelSig_1.o)
 .debug_ranges  0x00000660       0x28 .\CortexM3\ARM_GCC_484\Debug\Design01.a(ADC_DelSig_1_INT.o)
 .debug_ranges  0x00000688       0x18 .\CortexM3\ARM_GCC_484\Debug\Design01.a(DMA_1_dma.o)
 .debug_ranges  0x000006a0       0x20 .\CortexM3\ARM_GCC_484\Debug\Design01.a(ADC_DelSig_1_AMux.o)
 .debug_ranges  0x000006c0       0x60 .\CortexM3\ARM_GCC_484\Debug\Design01.a(ADC_DelSig_1_Ext_CP_Clk.o)
 .debug_ranges  0x00000720       0x70 .\CortexM3\ARM_GCC_484\Debug\Design01.a(ADC_DelSig_1_IRQ.o)
 .debug_ranges  0x00000790       0x70 .\CortexM3\ARM_GCC_484\Debug\Design01.a(ADC_DelSig_1_theACLK.o)
 .debug_ranges  0x00000800       0x18 .\CortexM3\ARM_GCC_484\Debug\Design01.a(DMA_2_dma.o)
 .debug_ranges  0x00000818       0x70 .\CortexM3\ARM_GCC_484\Debug\Design01.a(isr_1.o)
 .debug_ranges  0x00000888       0x70 .\CortexM3\ARM_GCC_484\Debug\Design01.a(isr_2.o)
 .debug_ranges  0x000008f8       0x70 .\CortexM3\ARM_GCC_484\Debug\Design01.a(Filter.o)
 .debug_ranges  0x00000968       0x18 .\CortexM3\ARM_GCC_484\Debug\Design01.a(Filter_PVT.o)
 .debug_ranges  0x00000980       0x18 .\CortexM3\ARM_GCC_484\Debug\Design01.a(ADC2Filter_DMA_dma.o)
 .debug_ranges  0x00000998       0x18 .\CortexM3\ARM_GCC_484\Debug\Design01.a(DMA_4_dma.o)
 .debug_ranges  0x000009b0       0x18 .\CortexM3\ARM_GCC_484\Debug\Design01.a(DMA_3_dma.o)
 .debug_ranges  0x000009c8       0x70 .\CortexM3\ARM_GCC_484\Debug\Design01.a(CyFlash.o)
 .debug_ranges  0x00000a38       0x68 .\CortexM3\ARM_GCC_484\Debug\Design01.a(CySpc.o)
 .debug_ranges  0x00000aa0       0x20 Z:\scottcarlson On My Mac\Code\repos\LED_controller\CMSISfile\CMSIS\Lib\GCC\libarm_cortexM3l_math.a(arm_cfft_q31.o)
 .debug_ranges  0x00000ac0       0x20 Z:\scottcarlson On My Mac\Code\repos\LED_controller\CMSISfile\CMSIS\Lib\GCC\libarm_cortexM3l_math.a(arm_cfft_radix4_q31.o)
 .debug_ranges  0x00000ae0       0x10 Z:\scottcarlson On My Mac\Code\repos\LED_controller\CMSISfile\CMSIS\Lib\GCC\libarm_cortexM3l_math.a(arm_cmplx_mag_q31.o)
 .debug_ranges  0x00000af0       0x10 Z:\scottcarlson On My Mac\Code\repos\LED_controller\CMSISfile\CMSIS\Lib\GCC\libarm_cortexM3l_math.a(arm_sqrt_q31.o)
 .debug_ranges  0x00000b00       0x20 Z:\scottcarlson On My Mac\Code\repos\LED_controller\CMSISfile\CMSIS\Lib\GCC\libarm_cortexM3l_math.a(arm_bitreversal.o)

.comment        0x00000000       0xe0
 .comment       0x00000000       0x70 .\CortexM3\ARM_GCC_484\Debug\main.o
                                 0x71 (size before relaxing)
 .comment       0x00000000       0x71 .\CortexM3\ARM_GCC_484\Debug\math_helper.o
 .comment       0x00000000       0x71 .\CortexM3\ARM_GCC_484\Debug\cymetadata.o
 .comment       0x00000000       0x71 .\CortexM3\ARM_GCC_484\Debug\Cm3Start.o
 .comment       0x00000000       0x71 .\CortexM3\ARM_GCC_484\Debug\Design01.a(cyfitter_cfg.o)
 .comment       0x00000000       0x71 .\CortexM3\ARM_GCC_484\Debug\Design01.a(CyDmac.o)
 .comment       0x00000000       0x71 .\CortexM3\ARM_GCC_484\Debug\Design01.a(CyLib.o)
 .comment       0x00000000       0x71 .\CortexM3\ARM_GCC_484\Debug\Design01.a(cyPm.o)
 .comment       0x00000000       0x71 .\CortexM3\ARM_GCC_484\Debug\Design01.a(LCD_Char_1.o)
 .comment       0x00000000       0x71 .\CortexM3\ARM_GCC_484\Debug\Design01.a(ADC_DelSig_1.o)
 .comment       0x00000000       0x71 .\CortexM3\ARM_GCC_484\Debug\Design01.a(ADC_DelSig_1_INT.o)
 .comment       0x00000000       0x71 .\CortexM3\ARM_GCC_484\Debug\Design01.a(DMA_1_dma.o)
 .comment       0x00000000       0x71 .\CortexM3\ARM_GCC_484\Debug\Design01.a(ADC_DelSig_1_AMux.o)
 .comment       0x00000000       0x71 .\CortexM3\ARM_GCC_484\Debug\Design01.a(ADC_DelSig_1_Ext_CP_Clk.o)
 .comment       0x00000000       0x71 .\CortexM3\ARM_GCC_484\Debug\Design01.a(ADC_DelSig_1_IRQ.o)
 .comment       0x00000000       0x71 .\CortexM3\ARM_GCC_484\Debug\Design01.a(ADC_DelSig_1_theACLK.o)
 .comment       0x00000000       0x71 .\CortexM3\ARM_GCC_484\Debug\Design01.a(DMA_2_dma.o)
 .comment       0x00000000       0x71 .\CortexM3\ARM_GCC_484\Debug\Design01.a(isr_1.o)
 .comment       0x00000000       0x71 .\CortexM3\ARM_GCC_484\Debug\Design01.a(isr_2.o)
 .comment       0x00000000       0x71 .\CortexM3\ARM_GCC_484\Debug\Design01.a(Filter.o)
 .comment       0x00000000       0x71 .\CortexM3\ARM_GCC_484\Debug\Design01.a(Filter_PVT.o)
 .comment       0x00000000       0x71 .\CortexM3\ARM_GCC_484\Debug\Design01.a(Filter_RAM_Data.o)
 .comment       0x00000000       0x71 .\CortexM3\ARM_GCC_484\Debug\Design01.a(ADC2Filter_DMA_dma.o)
 .comment       0x00000000       0x71 .\CortexM3\ARM_GCC_484\Debug\Design01.a(DMA_4_dma.o)
 .comment       0x00000000       0x71 .\CortexM3\ARM_GCC_484\Debug\Design01.a(DMA_3_dma.o)
 .comment       0x00000000       0x71 .\CortexM3\ARM_GCC_484\Debug\Design01.a(CyFlash.o)
 .comment       0x00000000       0x71 .\CortexM3\ARM_GCC_484\Debug\Design01.a(CySpc.o)
 .comment       0x00000070       0x70 Z:\scottcarlson On My Mac\Code\repos\LED_controller\CMSISfile\CMSIS\Lib\GCC\libarm_cortexM3l_math.a(arm_const_structs.o)
                                 0x71 (size before relaxing)
 .comment       0x00000000       0x71 Z:\scottcarlson On My Mac\Code\repos\LED_controller\CMSISfile\CMSIS\Lib\GCC\libarm_cortexM3l_math.a(arm_common_tables.o)
 .comment       0x00000000       0x71 Z:\scottcarlson On My Mac\Code\repos\LED_controller\CMSISfile\CMSIS\Lib\GCC\libarm_cortexM3l_math.a(arm_cfft_q31.o)
 .comment       0x00000000       0x71 Z:\scottcarlson On My Mac\Code\repos\LED_controller\CMSISfile\CMSIS\Lib\GCC\libarm_cortexM3l_math.a(arm_cfft_radix4_q31.o)
 .comment       0x00000000       0x71 Z:\scottcarlson On My Mac\Code\repos\LED_controller\CMSISfile\CMSIS\Lib\GCC\libarm_cortexM3l_math.a(arm_cmplx_mag_q31.o)
 .comment       0x00000000       0x71 Z:\scottcarlson On My Mac\Code\repos\LED_controller\CMSISfile\CMSIS\Lib\GCC\libarm_cortexM3l_math.a(arm_sqrt_q31.o)
 .comment       0x00000000       0x71 Z:\scottcarlson On My Mac\Code\repos\LED_controller\CMSISfile\CMSIS\Lib\GCC\libarm_cortexM3l_math.a(arm_bitreversal.o)

.debug_weaknames
 *(.debug_weaknames)

.debug_funcnames
 *(.debug_funcnames)

.debug_typenames
 *(.debug_typenames)

.debug_varnames
 *(.debug_varnames)

.note.gnu.arm.ident
 *(.note.gnu.arm.ident)

.ARM.attributes
                0x00000000       0x29
 *(.ARM.attributes)
 .ARM.attributes
                0x00000000       0x1d c:/program files/cypress/psoc creator/3.2/psoc creator/import/gnu/arm/4.8.4/bin/../lib/gcc/arm-none-eabi/4.8.4/armv7-m/crti.o
 .ARM.attributes
                0x0000001d       0x2d c:/program files/cypress/psoc creator/3.2/psoc creator/import/gnu/arm/4.8.4/bin/../lib/gcc/arm-none-eabi/4.8.4/armv7-m/crtbegin.o
 .ARM.attributes
                0x0000004a       0x1b c:/program files/cypress/psoc creator/3.2/psoc creator/import/gnu/arm/4.8.4/bin/../lib/gcc/arm-none-eabi/4.8.4/../../../../arm-none-eabi/lib/armv7-m/crt0.o
 .ARM.attributes
                0x00000065       0x33 .\CortexM3\ARM_GCC_484\Debug\main.o
 .ARM.attributes
                0x00000098       0x33 .\CortexM3\ARM_GCC_484\Debug\math_helper.o
 .ARM.attributes
                0x000000cb       0x33 .\CortexM3\ARM_GCC_484\Debug\cymetadata.o
 .ARM.attributes
                0x000000fe       0x33 .\CortexM3\ARM_GCC_484\Debug\Cm3Start.o
 .ARM.attributes
                0x00000131       0x33 .\CortexM3\ARM_GCC_484\Debug\Design01.a(cyfitter_cfg.o)
 .ARM.attributes
                0x00000164       0x21 .\CortexM3\ARM_GCC_484\Debug\Design01.a(CyBootAsmGnu.o)
 .ARM.attributes
                0x00000185       0x33 .\CortexM3\ARM_GCC_484\Debug\Design01.a(CyDmac.o)
 .ARM.attributes
                0x000001b8       0x33 .\CortexM3\ARM_GCC_484\Debug\Design01.a(CyLib.o)
 .ARM.attributes
                0x000001eb       0x33 .\CortexM3\ARM_GCC_484\Debug\Design01.a(cyPm.o)
 .ARM.attributes
                0x0000021e       0x33 .\CortexM3\ARM_GCC_484\Debug\Design01.a(LCD_Char_1.o)
 .ARM.attributes
                0x00000251       0x33 .\CortexM3\ARM_GCC_484\Debug\Design01.a(ADC_DelSig_1.o)
 .ARM.attributes
                0x00000284       0x33 .\CortexM3\ARM_GCC_484\Debug\Design01.a(ADC_DelSig_1_INT.o)
 .ARM.attributes
                0x000002b7       0x33 .\CortexM3\ARM_GCC_484\Debug\Design01.a(DMA_1_dma.o)
 .ARM.attributes
                0x000002ea       0x33 .\CortexM3\ARM_GCC_484\Debug\Design01.a(ADC_DelSig_1_AMux.o)
 .ARM.attributes
                0x0000031d       0x33 .\CortexM3\ARM_GCC_484\Debug\Design01.a(ADC_DelSig_1_Ext_CP_Clk.o)
 .ARM.attributes
                0x00000350       0x33 .\CortexM3\ARM_GCC_484\Debug\Design01.a(ADC_DelSig_1_IRQ.o)
 .ARM.attributes
                0x00000383       0x33 .\CortexM3\ARM_GCC_484\Debug\Design01.a(ADC_DelSig_1_theACLK.o)
 .ARM.attributes
                0x000003b6       0x33 .\CortexM3\ARM_GCC_484\Debug\Design01.a(DMA_2_dma.o)
 .ARM.attributes
                0x000003e9       0x33 .\CortexM3\ARM_GCC_484\Debug\Design01.a(isr_1.o)
 .ARM.attributes
                0x0000041c       0x33 .\CortexM3\ARM_GCC_484\Debug\Design01.a(isr_2.o)
 .ARM.attributes
                0x0000044f       0x33 .\CortexM3\ARM_GCC_484\Debug\Design01.a(Filter.o)
 .ARM.attributes
                0x00000482       0x33 .\CortexM3\ARM_GCC_484\Debug\Design01.a(Filter_PVT.o)
 .ARM.attributes
                0x000004b5       0x33 .\CortexM3\ARM_GCC_484\Debug\Design01.a(Filter_RAM_Data.o)
 .ARM.attributes
                0x000004e8       0x33 .\CortexM3\ARM_GCC_484\Debug\Design01.a(ADC2Filter_DMA_dma.o)
 .ARM.attributes
                0x0000051b       0x33 .\CortexM3\ARM_GCC_484\Debug\Design01.a(DMA_4_dma.o)
 .ARM.attributes
                0x0000054e       0x33 .\CortexM3\ARM_GCC_484\Debug\Design01.a(DMA_3_dma.o)
 .ARM.attributes
                0x00000581       0x33 .\CortexM3\ARM_GCC_484\Debug\Design01.a(CyFlash.o)
 .ARM.attributes
                0x000005b4       0x33 .\CortexM3\ARM_GCC_484\Debug\Design01.a(CySpc.o)
 .ARM.attributes
                0x000005e7       0x33 Z:\scottcarlson On My Mac\Code\repos\LED_controller\CMSISfile\CMSIS\Lib\GCC\libarm_cortexM3l_math.a(arm_const_structs.o)
 .ARM.attributes
                0x0000061a       0x33 Z:\scottcarlson On My Mac\Code\repos\LED_controller\CMSISfile\CMSIS\Lib\GCC\libarm_cortexM3l_math.a(arm_common_tables.o)
 .ARM.attributes
                0x0000064d       0x33 Z:\scottcarlson On My Mac\Code\repos\LED_controller\CMSISfile\CMSIS\Lib\GCC\libarm_cortexM3l_math.a(arm_cfft_q31.o)
 .ARM.attributes
                0x00000680       0x21 Z:\scottcarlson On My Mac\Code\repos\LED_controller\CMSISfile\CMSIS\Lib\GCC\libarm_cortexM3l_math.a(arm_bitreversal2.o)
 .ARM.attributes
                0x000006a1       0x33 Z:\scottcarlson On My Mac\Code\repos\LED_controller\CMSISfile\CMSIS\Lib\GCC\libarm_cortexM3l_math.a(arm_cfft_radix4_q31.o)
 .ARM.attributes
                0x000006d4       0x33 Z:\scottcarlson On My Mac\Code\repos\LED_controller\CMSISfile\CMSIS\Lib\GCC\libarm_cortexM3l_math.a(arm_cmplx_mag_q31.o)
 .ARM.attributes
                0x00000707       0x33 Z:\scottcarlson On My Mac\Code\repos\LED_controller\CMSISfile\CMSIS\Lib\GCC\libarm_cortexM3l_math.a(arm_sqrt_q31.o)
 .ARM.attributes
                0x0000073a       0x33 Z:\scottcarlson On My Mac\Code\repos\LED_controller\CMSISfile\CMSIS\Lib\GCC\libarm_cortexM3l_math.a(arm_bitreversal.o)
 .ARM.attributes
                0x0000076d       0x2d c:/program files/cypress/psoc creator/3.2/psoc creator/import/gnu/arm/4.8.4/bin/../lib/gcc/arm-none-eabi/4.8.4/../../../../arm-none-eabi/lib/armv7-m\libm.a(lib_a-w_log10.o)
 .ARM.attributes
                0x0000079a       0x2d c:/program files/cypress/psoc creator/3.2/psoc creator/import/gnu/arm/4.8.4/bin/../lib/gcc/arm-none-eabi/4.8.4/../../../../arm-none-eabi/lib/armv7-m\libm.a(lib_a-e_log10.o)
 .ARM.attributes
                0x000007c7       0x2d c:/program files/cypress/psoc creator/3.2/psoc creator/import/gnu/arm/4.8.4/bin/../lib/gcc/arm-none-eabi/4.8.4/../../../../arm-none-eabi/lib/armv7-m\libm.a(lib_a-s_fpclassify.o)
 .ARM.attributes
                0x000007f4       0x2d c:/program files/cypress/psoc creator/3.2/psoc creator/import/gnu/arm/4.8.4/bin/../lib/gcc/arm-none-eabi/4.8.4/../../../../arm-none-eabi/lib/armv7-m\libm.a(lib_a-s_lib_ver.o)
 .ARM.attributes
                0x00000821       0x2d c:/program files/cypress/psoc creator/3.2/psoc creator/import/gnu/arm/4.8.4/bin/../lib/gcc/arm-none-eabi/4.8.4/../../../../arm-none-eabi/lib/armv7-m\libm.a(lib_a-s_matherr.o)
 .ARM.attributes
                0x0000084e       0x2d c:/program files/cypress/psoc creator/3.2/psoc creator/import/gnu/arm/4.8.4/bin/../lib/gcc/arm-none-eabi/4.8.4/../../../../arm-none-eabi/lib/armv7-m\libm.a(lib_a-s_nan.o)
 .ARM.attributes
                0x0000087b       0x2d c:/program files/cypress/psoc creator/3.2/psoc creator/import/gnu/arm/4.8.4/bin/../lib/gcc/arm-none-eabi/4.8.4/../../../../arm-none-eabi/lib/armv7-m\libm.a(lib_a-e_log.o)
 .ARM.attributes
                0x000008a8       0x1d c:/program files/cypress/psoc creator/3.2/psoc creator/import/gnu/arm/4.8.4/bin/../lib/gcc/arm-none-eabi/4.8.4/armv7-m\libgcc.a(_arm_addsubdf3.o)
 .ARM.attributes
                0x000008c5       0x1d c:/program files/cypress/psoc creator/3.2/psoc creator/import/gnu/arm/4.8.4/bin/../lib/gcc/arm-none-eabi/4.8.4/armv7-m\libgcc.a(_arm_muldivdf3.o)
 .ARM.attributes
                0x000008e2       0x1d c:/program files/cypress/psoc creator/3.2/psoc creator/import/gnu/arm/4.8.4/bin/../lib/gcc/arm-none-eabi/4.8.4/armv7-m\libgcc.a(_arm_cmpdf2.o)
 .ARM.attributes
                0x000008ff       0x1d c:/program files/cypress/psoc creator/3.2/psoc creator/import/gnu/arm/4.8.4/bin/../lib/gcc/arm-none-eabi/4.8.4/armv7-m\libgcc.a(_arm_fixdfsi.o)
 .ARM.attributes
                0x0000091c       0x1d c:/program files/cypress/psoc creator/3.2/psoc creator/import/gnu/arm/4.8.4/bin/../lib/gcc/arm-none-eabi/4.8.4/armv7-m\libgcc.a(_arm_truncdfsf2.o)
 .ARM.attributes
                0x00000939       0x1d c:/program files/cypress/psoc creator/3.2/psoc creator/import/gnu/arm/4.8.4/bin/../lib/gcc/arm-none-eabi/4.8.4/armv7-m\libgcc.a(_arm_addsubsf3.o)
 .ARM.attributes
                0x00000956       0x1d c:/program files/cypress/psoc creator/3.2/psoc creator/import/gnu/arm/4.8.4/bin/../lib/gcc/arm-none-eabi/4.8.4/armv7-m\libgcc.a(_arm_muldivsf3.o)
 .ARM.attributes
                0x00000973       0x1d c:/program files/cypress/psoc creator/3.2/psoc creator/import/gnu/arm/4.8.4/bin/../lib/gcc/arm-none-eabi/4.8.4/armv7-m\libgcc.a(_arm_cmpsf2.o)
 .ARM.attributes
                0x00000990       0x1d c:/program files/cypress/psoc creator/3.2/psoc creator/import/gnu/arm/4.8.4/bin/../lib/gcc/arm-none-eabi/4.8.4/armv7-m\libgcc.a(_arm_fixsfsi.o)
 .ARM.attributes
                0x000009ad       0x1d c:/program files/cypress/psoc creator/3.2/psoc creator/import/gnu/arm/4.8.4/bin/../lib/gcc/arm-none-eabi/4.8.4/armv7-m\libgcc.a(_arm_fixunssfsi.o)
 .ARM.attributes
                0x000009ca       0x2d c:/program files/cypress/psoc creator/3.2/psoc creator/import/gnu/arm/4.8.4/bin/../lib/gcc/arm-none-eabi/4.8.4/../../../../arm-none-eabi/lib/armv7-m\libg_s.a(lib_a-errno.o)
 .ARM.attributes
                0x000009f7       0x2d c:/program files/cypress/psoc creator/3.2/psoc creator/import/gnu/arm/4.8.4/bin/../lib/gcc/arm-none-eabi/4.8.4/../../../../arm-none-eabi/lib/armv7-m\libg_s.a(lib_a-exit.o)
 .ARM.attributes
                0x00000a24       0x2d c:/program files/cypress/psoc creator/3.2/psoc creator/import/gnu/arm/4.8.4/bin/../lib/gcc/arm-none-eabi/4.8.4/../../../../arm-none-eabi/lib/armv7-m\libg_s.a(lib_a-impure.o)
 .ARM.attributes
                0x00000a51       0x2d c:/program files/cypress/psoc creator/3.2/psoc creator/import/gnu/arm/4.8.4/bin/../lib/gcc/arm-none-eabi/4.8.4/../../../../arm-none-eabi/lib/armv7-m\libg_s.a(lib_a-init.o)
 .ARM.attributes
                0x00000a7e       0x2d c:/program files/cypress/psoc creator/3.2/psoc creator/import/gnu/arm/4.8.4/bin/../lib/gcc/arm-none-eabi/4.8.4/../../../../arm-none-eabi/lib/armv7-m\libg_s.a(lib_a-memcpy-stub.o)
 .ARM.attributes
                0x00000aab       0x2d c:/program files/cypress/psoc creator/3.2/psoc creator/import/gnu/arm/4.8.4/bin/../lib/gcc/arm-none-eabi/4.8.4/../../../../arm-none-eabi/lib/armv7-m\libg_s.a(lib_a-memset.o)
 .ARM.attributes
                0x00000ad8       0x2d c:/program files/cypress/psoc creator/3.2/psoc creator/import/gnu/arm/4.8.4/bin/../lib/gcc/arm-none-eabi/4.8.4/armv7-m/crtend.o
 .ARM.attributes
                0x00000b05       0x1d c:/program files/cypress/psoc creator/3.2/psoc creator/import/gnu/arm/4.8.4/bin/../lib/gcc/arm-none-eabi/4.8.4/armv7-m/crtn.o

/DISCARD/
 *(.note.GNU-stack)
OUTPUT(.\CortexM3\ARM_GCC_484\Debug\Design01.elf elf32-littlearm)
