ARM GAS  C:\Users\SCOTTC~1\AppData\Local\Temp\ccczbWf8.s 			page 1


   1              		.syntax unified
   2              		.cpu cortex-m3
   3              		.fpu softvfp
   4              		.eabi_attribute 20, 1
   5              		.eabi_attribute 21, 1
   6              		.eabi_attribute 23, 3
   7              		.eabi_attribute 24, 1
   8              		.eabi_attribute 25, 1
   9              		.eabi_attribute 26, 1
  10              		.eabi_attribute 30, 6
  11              		.eabi_attribute 34, 1
  12              		.eabi_attribute 18, 4
  13              		.thumb
  14              		.file	"SpectralFlux_q15.c"
  15              		.text
  16              	.Ltext0:
  17              		.cfi_sections	.debug_frame
  18              		.global	isr_BC_flag
  19              		.bss
  20              		.type	isr_BC_flag, %object
  21              		.size	isr_BC_flag, 1
  22              	isr_BC_flag:
  23 0000 00       		.space	1
  24              		.section	.text.SpectralFlux_q15,"ax",%progbits
  25              		.align	2
  26              		.global	SpectralFlux_q15
  27              		.thumb
  28              		.thumb_func
  29              		.type	SpectralFlux_q15, %function
  30              	SpectralFlux_q15:
  31              	.LFB118:
  32              		.file 1 "..\\..\\CMSIS_project\\CMSIS_project.cydsn\\SpectralFlux_q15.c"
   1:..\..\CMSIS_project\CMSIS_project.cydsn/SpectralFlux_q15.c **** /* ----------------------------------------------------------------------
   2:..\..\CMSIS_project\CMSIS_project.cydsn/SpectralFlux_q15.c **** *	Author: Scott Carlson 	Date:07/14/2015
   3:..\..\CMSIS_project\CMSIS_project.cydsn/SpectralFlux_q15.c **** *	Purpose: This code models an onset detector that uses the Spectral Flux.
   4:..\..\CMSIS_project\CMSIS_project.cydsn/SpectralFlux_q15.c **** *		 The spectral flux is calculated from 4 moving windows and the
   5:..\..\CMSIS_project\CMSIS_project.cydsn/SpectralFlux_q15.c **** *		 Onset is determined by looking for the peak in the middle of
   6:..\..\CMSIS_project\CMSIS_project.cydsn/SpectralFlux_q15.c **** *		 the 3 spectral flux values.
   7:..\..\CMSIS_project\CMSIS_project.cydsn/SpectralFlux_q15.c **** *
   8:..\..\CMSIS_project\CMSIS_project.cydsn/SpectralFlux_q15.c **** * Below are the meanings for the status codes:
   9:..\..\CMSIS_project\CMSIS_project.cydsn/SpectralFlux_q15.c **** *   typedef enum
  10:..\..\CMSIS_project\CMSIS_project.cydsn/SpectralFlux_q15.c **** *     {
  11:..\..\CMSIS_project\CMSIS_project.cydsn/SpectralFlux_q15.c **** *       ARM_MATH_SUCCESS = 0,                No error 
  12:..\..\CMSIS_project\CMSIS_project.cydsn/SpectralFlux_q15.c **** *       ARM_MATH_ARGUMENT_ERROR = -1,        One or more arguments are incorrect 
  13:..\..\CMSIS_project\CMSIS_project.cydsn/SpectralFlux_q15.c **** *       ARM_MATH_LENGTH_ERROR = -2,          Length of data buffer is incorrect 
  14:..\..\CMSIS_project\CMSIS_project.cydsn/SpectralFlux_q15.c **** *       ARM_MATH_SIZE_MISMATCH = -3,         Size of matrices is not compatible with the operation.
  15:..\..\CMSIS_project\CMSIS_project.cydsn/SpectralFlux_q15.c **** *       ARM_MATH_NANINF = -4,                Not-a-number (NaN) or infinity is generated 
  16:..\..\CMSIS_project\CMSIS_project.cydsn/SpectralFlux_q15.c **** *       ARM_MATH_SINGULAR = -5,              Generated by matrix inversion if the input matrix is s
  17:..\..\CMSIS_project\CMSIS_project.cydsn/SpectralFlux_q15.c **** *       ARM_MATH_TEST_FAILURE = -6           Test Failed  
  18:..\..\CMSIS_project\CMSIS_project.cydsn/SpectralFlux_q15.c **** *     } arm_status;
  19:..\..\CMSIS_project\CMSIS_project.cydsn/SpectralFlux_q15.c **** *
  20:..\..\CMSIS_project\CMSIS_project.cydsn/SpectralFlux_q15.c **** *
  21:..\..\CMSIS_project\CMSIS_project.cydsn/SpectralFlux_q15.c **** *
  22:..\..\CMSIS_project\CMSIS_project.cydsn/SpectralFlux_q15.c **** *
  23:..\..\CMSIS_project\CMSIS_project.cydsn/SpectralFlux_q15.c **** *
  24:..\..\CMSIS_project\CMSIS_project.cydsn/SpectralFlux_q15.c **** *
  25:..\..\CMSIS_project\CMSIS_project.cydsn/SpectralFlux_q15.c **** *------------------------------------------------------------------------
ARM GAS  C:\Users\SCOTTC~1\AppData\Local\Temp\ccczbWf8.s 			page 2


  26:..\..\CMSIS_project\CMSIS_project.cydsn/SpectralFlux_q15.c **** */
  27:..\..\CMSIS_project\CMSIS_project.cydsn/SpectralFlux_q15.c **** 
  28:..\..\CMSIS_project\CMSIS_project.cydsn/SpectralFlux_q15.c **** 
  29:..\..\CMSIS_project\CMSIS_project.cydsn/SpectralFlux_q15.c **** #include <arm_math.h>
  30:..\..\CMSIS_project\CMSIS_project.cydsn/SpectralFlux_q15.c **** #include <arm_const_structs.h>
  31:..\..\CMSIS_project\CMSIS_project.cydsn/SpectralFlux_q15.c **** #include "InterruptRoutines.h"
  32:..\..\CMSIS_project\CMSIS_project.cydsn/SpectralFlux_q15.c **** 
  33:..\..\CMSIS_project\CMSIS_project.cydsn/SpectralFlux_q15.c **** #define TEST_LENGTH_SAMPLES 1024
  34:..\..\CMSIS_project\CMSIS_project.cydsn/SpectralFlux_q15.c **** 
  35:..\..\CMSIS_project\CMSIS_project.cydsn/SpectralFlux_q15.c **** 
  36:..\..\CMSIS_project\CMSIS_project.cydsn/SpectralFlux_q15.c **** /* ------------------------------------------------------------------
  37:..\..\CMSIS_project\CMSIS_project.cydsn/SpectralFlux_q15.c **** * Global variables for Spectral Flux
  38:..\..\CMSIS_project\CMSIS_project.cydsn/SpectralFlux_q15.c **** * ------------------------------------------------------------------- */
  39:..\..\CMSIS_project\CMSIS_project.cydsn/SpectralFlux_q15.c **** 
  40:..\..\CMSIS_project\CMSIS_project.cydsn/SpectralFlux_q15.c **** 
  41:..\..\CMSIS_project\CMSIS_project.cydsn/SpectralFlux_q15.c **** 
  42:..\..\CMSIS_project\CMSIS_project.cydsn/SpectralFlux_q15.c **** /* ----------------------------------------------------------------------
  43:..\..\CMSIS_project\CMSIS_project.cydsn/SpectralFlux_q15.c **** * Max magnitude Spectral Flux
  44:..\..\CMSIS_project\CMSIS_project.cydsn/SpectralFlux_q15.c **** * ------------------------------------------------------------------- */
  45:..\..\CMSIS_project\CMSIS_project.cydsn/SpectralFlux_q15.c **** 
  46:..\..\CMSIS_project\CMSIS_project.cydsn/SpectralFlux_q15.c **** int8 SpectralFlux_q15(
  47:..\..\CMSIS_project\CMSIS_project.cydsn/SpectralFlux_q15.c **** 	q15_t * testInput0,//current  input
  48:..\..\CMSIS_project\CMSIS_project.cydsn/SpectralFlux_q15.c **** 	q15_t * testInput1,//previous input
  49:..\..\CMSIS_project\CMSIS_project.cydsn/SpectralFlux_q15.c **** 	q15_t * SpectralFlux//outputssss
  50:..\..\CMSIS_project\CMSIS_project.cydsn/SpectralFlux_q15.c **** 	)
  51:..\..\CMSIS_project\CMSIS_project.cydsn/SpectralFlux_q15.c **** {
  33              		.loc 1 51 0
  34              		.cfi_startproc
  35              		@ args = 0, pretend = 0, frame = 4152
  36              		@ frame_needed = 1, uses_anonymous_args = 0
  37 0000 80B5     		push	{r7, lr}
  38              		.cfi_def_cfa_offset 8
  39              		.cfi_offset 7, -8
  40              		.cfi_offset 14, -4
  41 0002 ADF5815D 		sub	sp, sp, #4128
  42              		.cfi_def_cfa_offset 4136
  43 0006 86B0     		sub	sp, sp, #24
  44              		.cfi_def_cfa_offset 4160
  45 0008 00AF     		add	r7, sp, #0
  46              		.cfi_def_cfa_register 7
  47 000a 07F11803 		add	r3, r7, #24
  48 000e 0C3B     		subs	r3, r3, #12
  49 0010 1860     		str	r0, [r3]
  50 0012 07F11803 		add	r3, r7, #24
  51 0016 103B     		subs	r3, r3, #16
  52 0018 1960     		str	r1, [r3]
  53 001a 07F11803 		add	r3, r7, #24
  54 001e 143B     		subs	r3, r3, #20
  55 0020 1A60     		str	r2, [r3]
  52:..\..\CMSIS_project\CMSIS_project.cydsn/SpectralFlux_q15.c ****   //initialize variables used in loop
  53:..\..\CMSIS_project\CMSIS_project.cydsn/SpectralFlux_q15.c ****   uint16 i=0;
  56              		.loc 1 53 0
  57 0022 0023     		movs	r3, #0
  58 0024 07F58152 		add	r2, r7, #4128
  59 0028 02F11602 		add	r2, r2, #22
  60 002c 1380     		strh	r3, [r2]	@ movhi
  54:..\..\CMSIS_project\CMSIS_project.cydsn/SpectralFlux_q15.c ****   arm_status mat_status;
ARM GAS  C:\Users\SCOTTC~1\AppData\Local\Temp\ccczbWf8.s 			page 3


  55:..\..\CMSIS_project\CMSIS_project.cydsn/SpectralFlux_q15.c ****   arm_status fft_status;
  56:..\..\CMSIS_project\CMSIS_project.cydsn/SpectralFlux_q15.c ****   mat_status = ARM_MATH_SUCCESS;
  61              		.loc 1 56 0
  62 002e 0023     		movs	r3, #0
  63 0030 07F58152 		add	r2, r7, #4128
  64 0034 02F11502 		add	r2, r2, #21
  65 0038 1370     		strb	r3, [r2]
  57:..\..\CMSIS_project\CMSIS_project.cydsn/SpectralFlux_q15.c ****   fft_status = ARM_MATH_SUCCESS;
  66              		.loc 1 57 0
  67 003a 0023     		movs	r3, #0
  68 003c 07F58152 		add	r2, r7, #4128
  69 0040 02F11402 		add	r2, r2, #20
  70 0044 1370     		strb	r3, [r2]
  58:..\..\CMSIS_project\CMSIS_project.cydsn/SpectralFlux_q15.c ****   uint32_t srcRows, srcColumns; 
  59:..\..\CMSIS_project\CMSIS_project.cydsn/SpectralFlux_q15.c ****   uint16_t fftSize = 1024;
  71              		.loc 1 59 0
  72 0046 4FF48063 		mov	r3, #1024
  73 004a 07F58152 		add	r2, r7, #4128
  74 004e 02F11202 		add	r2, r2, #18
  75 0052 1380     		strh	r3, [r2]	@ movhi
  60:..\..\CMSIS_project\CMSIS_project.cydsn/SpectralFlux_q15.c ****   uint8_t ifftFlag = 0;
  76              		.loc 1 60 0
  77 0054 0023     		movs	r3, #0
  78 0056 07F58152 		add	r2, r7, #4128
  79 005a 02F11102 		add	r2, r2, #17
  80 005e 1370     		strb	r3, [r2]
  61:..\..\CMSIS_project\CMSIS_project.cydsn/SpectralFlux_q15.c ****   uint8_t doBitReverse = 1;
  81              		.loc 1 61 0
  82 0060 0123     		movs	r3, #1
  83 0062 07F58152 		add	r2, r7, #4128
  84 0066 02F11002 		add	r2, r2, #16
  85 006a 1370     		strb	r3, [r2]
  62:..\..\CMSIS_project\CMSIS_project.cydsn/SpectralFlux_q15.c ****   q15_t testOutput0[TEST_LENGTH_SAMPLES/2];
  63:..\..\CMSIS_project\CMSIS_project.cydsn/SpectralFlux_q15.c ****   q15_t testOutput1[TEST_LENGTH_SAMPLES/2];
  64:..\..\CMSIS_project\CMSIS_project.cydsn/SpectralFlux_q15.c ****     
  65:..\..\CMSIS_project\CMSIS_project.cydsn/SpectralFlux_q15.c **** /**************************************************************************************************
  66:..\..\CMSIS_project\CMSIS_project.cydsn/SpectralFlux_q15.c **** *   In this section there are two paths that can be taken                                          
  67:..\..\CMSIS_project\CMSIS_project.cydsn/SpectralFlux_q15.c **** *       1)  The CMSIS library has a table of predifined initialization definitions in ARM_CONST_STR
  68:..\..\CMSIS_project\CMSIS_project.cydsn/SpectralFlux_q15.c **** *           These can directly be used with the arm_cfft_q15 function found in ARM_CFFT_Q15.c.     
  69:..\..\CMSIS_project\CMSIS_project.cydsn/SpectralFlux_q15.c **** *           Using this method allows the arm_cfft_q15 function to determine whether or not to use r
  70:..\..\CMSIS_project\CMSIS_project.cydsn/SpectralFlux_q15.c **** *       2)  The CMSIS library also allows access to the different radix-2, radix-4, etc. functions 
  71:..\..\CMSIS_project\CMSIS_project.cydsn/SpectralFlux_q15.c **** *           This can be done first by selecting the type of operation you desire (radix-2,-4,etc.) 
  72:..\..\CMSIS_project\CMSIS_project.cydsn/SpectralFlux_q15.c **** *           such as arm_cfft_radix4_init_q15 found in ARM_CFFT_RADIX4_INIT_Q15.c to initialize an a
  73:..\..\CMSIS_project\CMSIS_project.cydsn/SpectralFlux_q15.c **** *           the arm_cfft_radix4_q15 function found in ARM_CFFT_RADIX4_Q15.c with the initialization
  74:..\..\CMSIS_project\CMSIS_project.cydsn/SpectralFlux_q15.c **** *                                                                                                  
  75:..\..\CMSIS_project\CMSIS_project.cydsn/SpectralFlux_q15.c **** *   Both of the above methods can result in the same outcome.                                      
  76:..\..\CMSIS_project\CMSIS_project.cydsn/SpectralFlux_q15.c **** *   For practical purposes it may be simpler to use the first method so there is no need to do any 
  77:..\..\CMSIS_project\CMSIS_project.cydsn/SpectralFlux_q15.c **** *   Throughout this code the first method is used.                                                 
  78:..\..\CMSIS_project\CMSIS_project.cydsn/SpectralFlux_q15.c **** *                                                                                                  
  79:..\..\CMSIS_project\CMSIS_project.cydsn/SpectralFlux_q15.c **** ***************************************************************************************************
  80:..\..\CMSIS_project\CMSIS_project.cydsn/SpectralFlux_q15.c **** * @details                                                                                         
  81:..\..\CMSIS_project\CMSIS_project.cydsn/SpectralFlux_q15.c **** * @brief       Processing function for the Q15 complex FFT.                                        
  82:..\..\CMSIS_project\CMSIS_project.cydsn/SpectralFlux_q15.c **** * @param[in]      const     *S              points to an instance of the Q15 CFFT structure.       
  83:..\..\CMSIS_project\CMSIS_project.cydsn/SpectralFlux_q15.c **** * @param[in, out] q15_t     *p1             points to the complex data buffer of size <code>2*fftLe
  84:..\..\CMSIS_project\CMSIS_project.cydsn/SpectralFlux_q15.c **** * @param[in]      uint8_t   ifftFlag        flag that selects forward (ifftFlag=0) or inverse (ifft
  85:..\..\CMSIS_project\CMSIS_project.cydsn/SpectralFlux_q15.c **** * @param[in]      uint8_t   bitReverseFlag  flag that enables (bitReverseFlag=1) or disables (bitRe
  86:..\..\CMSIS_project\CMSIS_project.cydsn/SpectralFlux_q15.c **** * @return none.                                                                                    
ARM GAS  C:\Users\SCOTTC~1\AppData\Local\Temp\ccczbWf8.s 			page 4


  87:..\..\CMSIS_project\CMSIS_project.cydsn/SpectralFlux_q15.c **** ***************************************************************************************************
  88:..\..\CMSIS_project\CMSIS_project.cydsn/SpectralFlux_q15.c **** *  typedef struct                                                                                  
  89:..\..\CMSIS_project\CMSIS_project.cydsn/SpectralFlux_q15.c **** *  {                                                                                               
  90:..\..\CMSIS_project\CMSIS_project.cydsn/SpectralFlux_q15.c **** *    uint16_t fftLen;                   length of the FFT.                                         
  91:..\..\CMSIS_project\CMSIS_project.cydsn/SpectralFlux_q15.c **** *    const q15_t *pTwiddle;             points to the Twiddle factor table.                        
  92:..\..\CMSIS_project\CMSIS_project.cydsn/SpectralFlux_q15.c **** *    const uint16_t *pBitRevTable;      points to the bit reversal table.                          
  93:..\..\CMSIS_project\CMSIS_project.cydsn/SpectralFlux_q15.c **** *    uint16_t bitRevLength;             bit reversal table length.                                 
  94:..\..\CMSIS_project\CMSIS_project.cydsn/SpectralFlux_q15.c **** *  } arm_cfft_instance_q15;                                                                        
  95:..\..\CMSIS_project\CMSIS_project.cydsn/SpectralFlux_q15.c **** ***************************************************************************************************
  96:..\..\CMSIS_project\CMSIS_project.cydsn/SpectralFlux_q15.c **** * @brief  Q15 complex magnitude                                                                    
  97:..\..\CMSIS_project\CMSIS_project.cydsn/SpectralFlux_q15.c **** * @param  q15_t    *pSrc       points to the complex input vector                                  
  98:..\..\CMSIS_project\CMSIS_project.cydsn/SpectralFlux_q15.c **** * @param  q15_t    *pDst       points to the real output vector                                    
  99:..\..\CMSIS_project\CMSIS_project.cydsn/SpectralFlux_q15.c **** * @param  uint32_t numSamples  number of complex samples in the input vector                       
 100:..\..\CMSIS_project\CMSIS_project.cydsn/SpectralFlux_q15.c **** * @return none.                                                                                    
 101:..\..\CMSIS_project\CMSIS_project.cydsn/SpectralFlux_q15.c **** *                                                                                                  
 102:..\..\CMSIS_project\CMSIS_project.cydsn/SpectralFlux_q15.c **** * Scaling and Overflow Behavior:                                                                   
 103:..\..\CMSIS_project\CMSIS_project.cydsn/SpectralFlux_q15.c **** * The function implements 1.15 by 1.15 multiplications and finally output is converted into 2.14 fo
 104:..\..\CMSIS_project\CMSIS_project.cydsn/SpectralFlux_q15.c **** ***************************************************************************************************
 105:..\..\CMSIS_project\CMSIS_project.cydsn/SpectralFlux_q15.c **** 
 106:..\..\CMSIS_project\CMSIS_project.cydsn/SpectralFlux_q15.c **** //calculate the cfft of the testInput0 and take the absolute value   
 107:..\..\CMSIS_project\CMSIS_project.cydsn/SpectralFlux_q15.c ****     arm_cfft_q15(&arm_cfft_sR_q15_len1024, testInput0, 0, 1); 
  86              		.loc 1 107 0
  87 006c 07F11803 		add	r3, r7, #24
  88 0070 0C3B     		subs	r3, r3, #12
  89 0072 6548     		ldr	r0, .L5
  90 0074 1968     		ldr	r1, [r3]
  91 0076 0022     		movs	r2, #0
  92 0078 0123     		movs	r3, #1
  93 007a FFF7FEFF 		bl	arm_cfft_q15
 108:..\..\CMSIS_project\CMSIS_project.cydsn/SpectralFlux_q15.c ****     arm_cmplx_mag_q15(testInput0, testOutput0, 1024);   
  94              		.loc 1 108 0
  95 007e 07F11803 		add	r3, r7, #24
  96 0082 0C3B     		subs	r3, r3, #12
  97 0084 07F62842 		addw	r2, r7, #3112
  98 0088 1868     		ldr	r0, [r3]
  99 008a 1146     		mov	r1, r2
 100 008c 4FF48062 		mov	r2, #1024
 101 0090 FFF7FEFF 		bl	arm_cmplx_mag_q15
 109:..\..\CMSIS_project\CMSIS_project.cydsn/SpectralFlux_q15.c ****     
 110:..\..\CMSIS_project\CMSIS_project.cydsn/SpectralFlux_q15.c **** //calculate the cfft of the testInput1 and take the absolute value   
 111:..\..\CMSIS_project\CMSIS_project.cydsn/SpectralFlux_q15.c ****     arm_cfft_q15(&arm_cfft_sR_q15_len1024, testInput1, 0, 1); 
 102              		.loc 1 111 0
 103 0094 07F11803 		add	r3, r7, #24
 104 0098 103B     		subs	r3, r3, #16
 105 009a 5B48     		ldr	r0, .L5
 106 009c 1968     		ldr	r1, [r3]
 107 009e 0022     		movs	r2, #0
 108 00a0 0123     		movs	r3, #1
 109 00a2 FFF7FEFF 		bl	arm_cfft_q15
 112:..\..\CMSIS_project\CMSIS_project.cydsn/SpectralFlux_q15.c ****     arm_cmplx_mag_q15(testInput1, testOutput1, 1024); 
 110              		.loc 1 112 0
 111 00a6 07F11803 		add	r3, r7, #24
 112 00aa 103B     		subs	r3, r3, #16
 113 00ac 07F62802 		addw	r2, r7, #2088
 114 00b0 1868     		ldr	r0, [r3]
 115 00b2 1146     		mov	r1, r2
 116 00b4 4FF48062 		mov	r2, #1024
ARM GAS  C:\Users\SCOTTC~1\AppData\Local\Temp\ccczbWf8.s 			page 5


 117 00b8 FFF7FEFF 		bl	arm_cmplx_mag_q15
 113:..\..\CMSIS_project\CMSIS_project.cydsn/SpectralFlux_q15.c ****     
 114:..\..\CMSIS_project\CMSIS_project.cydsn/SpectralFlux_q15.c **** /**************************************************************************************************
 115:..\..\CMSIS_project\CMSIS_project.cydsn/SpectralFlux_q15.c **** *    Create the Matrix initialization structs.                                                     
 116:..\..\CMSIS_project\CMSIS_project.cydsn/SpectralFlux_q15.c **** *    Setting up and using the matrix functions are almost identical to using the cfft functions.   
 117:..\..\CMSIS_project\CMSIS_project.cydsn/SpectralFlux_q15.c **** *    The main difference is the CMSIS library does not have any pre-defined structs in it's ARM_CON
 118:..\..\CMSIS_project\CMSIS_project.cydsn/SpectralFlux_q15.c **** *    file for the matrix functions, this means we will be following the second path as definied abo
 119:..\..\CMSIS_project\CMSIS_project.cydsn/SpectralFlux_q15.c **** *    functions.                                                                                    
 120:..\..\CMSIS_project\CMSIS_project.cydsn/SpectralFlux_q15.c **** *    They are not predefined because rather than defining initilization structs that only contain i
 121:..\..\CMSIS_project\CMSIS_project.cydsn/SpectralFlux_q15.c **** *    what type of operation to perform, the matrix initilization structs contain the actual matrix 
 122:..\..\CMSIS_project\CMSIS_project.cydsn/SpectralFlux_q15.c **** *    the data will be accessed slightly differently. We will be using the arm_mat_init_q15 function
 123:..\..\CMSIS_project\CMSIS_project.cydsn/SpectralFlux_q15.c **** *    to create the initialization structs that are used in the arm_mat_sub_q15 found in ARM_MAT_SUB
 124:..\..\CMSIS_project\CMSIS_project.cydsn/SpectralFlux_q15.c **** *                                                                                                  
 125:..\..\CMSIS_project\CMSIS_project.cydsn/SpectralFlux_q15.c **** *   NOTE:                                                                                          
 126:..\..\CMSIS_project\CMSIS_project.cydsn/SpectralFlux_q15.c **** *   Since we are using the arm_mat_sub_q15 function and it requires const we must manually initiali
 127:..\..\CMSIS_project\CMSIS_project.cydsn/SpectralFlux_q15.c **** *   This method is breifly talked about below and is gone into some detail in the ARM_MATH.h file. 
 128:..\..\CMSIS_project\CMSIS_project.cydsn/SpectralFlux_q15.c **** ***************************************************************************************************
 129:..\..\CMSIS_project\CMSIS_project.cydsn/SpectralFlux_q15.c **** * @brief Q15 matrix subtraction.                                                                   
 130:..\..\CMSIS_project\CMSIS_project.cydsn/SpectralFlux_q15.c **** * @param[in]       const arm_matrix_instance_q15    *pSrcA points to the first input matrix structu
 131:..\..\CMSIS_project\CMSIS_project.cydsn/SpectralFlux_q15.c **** * @param[in]       const arm_matrix_instance_q15    *pSrcB points to the second input matrix struct
 132:..\..\CMSIS_project\CMSIS_project.cydsn/SpectralFlux_q15.c **** * @param[out]      arm_matrix_instance_q15          *pDst points to output matrix structure        
 133:..\..\CMSIS_project\CMSIS_project.cydsn/SpectralFlux_q15.c **** * @return     	   The function returns either      ARM_MATH_SIZE_MISMATCH or ARM_MATH_SUCCESS based
 134:..\..\CMSIS_project\CMSIS_project.cydsn/SpectralFlux_q15.c **** *                                                                                                  
 135:..\..\CMSIS_project\CMSIS_project.cydsn/SpectralFlux_q15.c **** * Scaling and Overflow Behavior:                                                                   
 136:..\..\CMSIS_project\CMSIS_project.cydsn/SpectralFlux_q15.c **** * The function uses saturating arithmetic.                                                         
 137:..\..\CMSIS_project\CMSIS_project.cydsn/SpectralFlux_q15.c **** * Results outside of the allowable Q15 range [0x8000 0x7FFF] will be saturated.                    
 138:..\..\CMSIS_project\CMSIS_project.cydsn/SpectralFlux_q15.c **** ***************************************************************************************************
 139:..\..\CMSIS_project\CMSIS_project.cydsn/SpectralFlux_q15.c **** * @brief  Q15 matrix initialization.                                                               
 140:..\..\CMSIS_project\CMSIS_project.cydsn/SpectralFlux_q15.c **** * @param[in,out] arm_matrix_instance_q15    *S             points to an instance of the floating-po
 141:..\..\CMSIS_project\CMSIS_project.cydsn/SpectralFlux_q15.c **** * @param[in]     uint16_t                   nRows          number of rows in the matrix.           
 142:..\..\CMSIS_project\CMSIS_project.cydsn/SpectralFlux_q15.c **** * @param[in]     uint16_t                   nColumns       number of columns in the matrix.        
 143:..\..\CMSIS_project\CMSIS_project.cydsn/SpectralFlux_q15.c **** * @param[in]     q15_t                      *pData	       points to the matrix data array.         
 144:..\..\CMSIS_project\CMSIS_project.cydsn/SpectralFlux_q15.c **** * @return        none                                                                              
 145:..\..\CMSIS_project\CMSIS_project.cydsn/SpectralFlux_q15.c **** *                                                                                                  
 146:..\..\CMSIS_project\CMSIS_project.cydsn/SpectralFlux_q15.c **** *                                                                                                  
 147:..\..\CMSIS_project\CMSIS_project.cydsn/SpectralFlux_q15.c **** *                                                                                                  
 148:..\..\CMSIS_project\CMSIS_project.cydsn/SpectralFlux_q15.c **** * to manually initialize the matrix struct use:                                                    
 149:..\..\CMSIS_project\CMSIS_project.cydsn/SpectralFlux_q15.c **** * arm_matrix_instance_q15 S = {nRows, nColumns, pData}                                             
 150:..\..\CMSIS_project\CMSIS_project.cydsn/SpectralFlux_q15.c **** *                                                                                                  
 151:..\..\CMSIS_project\CMSIS_project.cydsn/SpectralFlux_q15.c **** * below is the struct definition:                                                                  
 152:..\..\CMSIS_project\CMSIS_project.cydsn/SpectralFlux_q15.c **** *      typedef struct                                                                              
 153:..\..\CMSIS_project\CMSIS_project.cydsn/SpectralFlux_q15.c **** *  {                                                                                               
 154:..\..\CMSIS_project\CMSIS_project.cydsn/SpectralFlux_q15.c **** *    uint16_t numRows;      number of rows of the matrix.                                          
 155:..\..\CMSIS_project\CMSIS_project.cydsn/SpectralFlux_q15.c **** *    uint16_t numCols;      number of columns of the matrix.                                       
 156:..\..\CMSIS_project\CMSIS_project.cydsn/SpectralFlux_q15.c **** *    q15_t *pData;          points to the data of the matrix.                                      
 157:..\..\CMSIS_project\CMSIS_project.cydsn/SpectralFlux_q15.c **** * } arm_matrix_instance_q15;                                                                       
 158:..\..\CMSIS_project\CMSIS_project.cydsn/SpectralFlux_q15.c **** ***************************************************************************************************
 159:..\..\CMSIS_project\CMSIS_project.cydsn/SpectralFlux_q15.c ****  
 160:..\..\CMSIS_project\CMSIS_project.cydsn/SpectralFlux_q15.c **** /****************************************************************
 161:..\..\CMSIS_project\CMSIS_project.cydsn/SpectralFlux_q15.c **** *   Define the number of rows and columns for matrix operations *
 162:..\..\CMSIS_project\CMSIS_project.cydsn/SpectralFlux_q15.c **** *   Since matrices are 1D arrays there is only one row          *
 163:..\..\CMSIS_project\CMSIS_project.cydsn/SpectralFlux_q15.c **** ****************************************************************/  
 164:..\..\CMSIS_project\CMSIS_project.cydsn/SpectralFlux_q15.c ****     srcRows = 1;
 118              		.loc 1 164 0
 119 00bc 0123     		movs	r3, #1
 120 00be 07F58152 		add	r2, r7, #4128
 121 00c2 02F10C02 		add	r2, r2, #12
ARM GAS  C:\Users\SCOTTC~1\AppData\Local\Temp\ccczbWf8.s 			page 6


 122 00c6 1360     		str	r3, [r2]
 165:..\..\CMSIS_project\CMSIS_project.cydsn/SpectralFlux_q15.c ****     srcColumns = TEST_LENGTH_SAMPLES/2;
 123              		.loc 1 165 0
 124 00c8 4FF40073 		mov	r3, #512
 125 00cc 07F58152 		add	r2, r7, #4128
 126 00d0 02F10802 		add	r2, r2, #8
 127 00d4 1360     		str	r3, [r2]
 166:..\..\CMSIS_project\CMSIS_project.cydsn/SpectralFlux_q15.c ****     q15_t Difference[TEST_LENGTH_SAMPLES];
 167:..\..\CMSIS_project\CMSIS_project.cydsn/SpectralFlux_q15.c **** 
 168:..\..\CMSIS_project\CMSIS_project.cydsn/SpectralFlux_q15.c **** //create the matrix structs    
 169:..\..\CMSIS_project\CMSIS_project.cydsn/SpectralFlux_q15.c ****     arm_matrix_instance_q15 DiffMatrix = {srcRows, srcColumns, Difference};
 128              		.loc 1 169 0
 129 00d6 07F58152 		add	r2, r7, #4128
 130 00da 02F10C02 		add	r2, r2, #12
 131 00de 1368     		ldr	r3, [r2]
 132 00e0 9AB2     		uxth	r2, r3
 133 00e2 07F13803 		add	r3, r7, #56
 134 00e6 183B     		subs	r3, r3, #24
 135 00e8 1A80     		strh	r2, [r3]	@ movhi
 136 00ea 07F58152 		add	r2, r7, #4128
 137 00ee 02F10802 		add	r2, r2, #8
 138 00f2 1368     		ldr	r3, [r2]
 139 00f4 9AB2     		uxth	r2, r3
 140 00f6 07F13803 		add	r3, r7, #56
 141 00fa 183B     		subs	r3, r3, #24
 142 00fc 5A80     		strh	r2, [r3, #2]	@ movhi
 143 00fe 07F13803 		add	r3, r7, #56
 144 0102 183B     		subs	r3, r3, #24
 145 0104 07F13802 		add	r2, r7, #56
 146 0108 103A     		subs	r2, r2, #16
 147 010a 5A60     		str	r2, [r3, #4]
 170:..\..\CMSIS_project\CMSIS_project.cydsn/SpectralFlux_q15.c ****     arm_matrix_instance_q15 fftmatrix0 = {srcRows, srcColumns, testOutput0};
 148              		.loc 1 170 0
 149 010c 07F58152 		add	r2, r7, #4128
 150 0110 02F10C02 		add	r2, r2, #12
 151 0114 1368     		ldr	r3, [r2]
 152 0116 9AB2     		uxth	r2, r3
 153 0118 07F11803 		add	r3, r7, #24
 154 011c 1A80     		strh	r2, [r3]	@ movhi
 155 011e 07F58152 		add	r2, r7, #4128
 156 0122 02F10802 		add	r2, r2, #8
 157 0126 1368     		ldr	r3, [r2]
 158 0128 9AB2     		uxth	r2, r3
 159 012a 07F11803 		add	r3, r7, #24
 160 012e 5A80     		strh	r2, [r3, #2]	@ movhi
 161 0130 07F11803 		add	r3, r7, #24
 162 0134 07F62842 		addw	r2, r7, #3112
 163 0138 5A60     		str	r2, [r3, #4]
 171:..\..\CMSIS_project\CMSIS_project.cydsn/SpectralFlux_q15.c ****     arm_matrix_instance_q15 fftmatrix1 = {srcRows, srcColumns, testOutput1};
 164              		.loc 1 171 0
 165 013a 07F58152 		add	r2, r7, #4128
 166 013e 02F10C02 		add	r2, r2, #12
 167 0142 1368     		ldr	r3, [r2]
 168 0144 9AB2     		uxth	r2, r3
 169 0146 07F11803 		add	r3, r7, #24
 170 014a 083B     		subs	r3, r3, #8
 171 014c 1A80     		strh	r2, [r3]	@ movhi
ARM GAS  C:\Users\SCOTTC~1\AppData\Local\Temp\ccczbWf8.s 			page 7


 172 014e 07F58152 		add	r2, r7, #4128
 173 0152 02F10802 		add	r2, r2, #8
 174 0156 1368     		ldr	r3, [r2]
 175 0158 9AB2     		uxth	r2, r3
 176 015a 07F11803 		add	r3, r7, #24
 177 015e 083B     		subs	r3, r3, #8
 178 0160 5A80     		strh	r2, [r3, #2]	@ movhi
 179 0162 07F11803 		add	r3, r7, #24
 180 0166 083B     		subs	r3, r3, #8
 181 0168 07F62802 		addw	r2, r7, #2088
 182 016c 5A60     		str	r2, [r3, #4]
 172:..\..\CMSIS_project\CMSIS_project.cydsn/SpectralFlux_q15.c ****  
 173:..\..\CMSIS_project\CMSIS_project.cydsn/SpectralFlux_q15.c ****     
 174:..\..\CMSIS_project\CMSIS_project.cydsn/SpectralFlux_q15.c **** 
 175:..\..\CMSIS_project\CMSIS_project.cydsn/SpectralFlux_q15.c ****     
 176:..\..\CMSIS_project\CMSIS_project.cydsn/SpectralFlux_q15.c **** //perform the matrix subtraction 
 177:..\..\CMSIS_project\CMSIS_project.cydsn/SpectralFlux_q15.c ****     arm_mat_sub_q15(&fftmatrix1,&fftmatrix0,&DiffMatrix); 
 183              		.loc 1 177 0
 184 016e 07F11802 		add	r2, r7, #24
 185 0172 083A     		subs	r2, r2, #8
 186 0174 07F11801 		add	r1, r7, #24
 187 0178 07F13803 		add	r3, r7, #56
 188 017c 183B     		subs	r3, r3, #24
 189 017e 1046     		mov	r0, r2
 190 0180 1A46     		mov	r2, r3
 191 0182 FFF7FEFF 		bl	arm_mat_sub_q15
 178:..\..\CMSIS_project\CMSIS_project.cydsn/SpectralFlux_q15.c ****      
 179:..\..\CMSIS_project\CMSIS_project.cydsn/SpectralFlux_q15.c **** // for the sake of being literal, create a pointer directly to the matrix data
 180:..\..\CMSIS_project\CMSIS_project.cydsn/SpectralFlux_q15.c ****     *Difference= *DiffMatrix.pData;
 192              		.loc 1 180 0
 193 0186 07F13803 		add	r3, r7, #56
 194 018a 183B     		subs	r3, r3, #24
 195 018c 5B68     		ldr	r3, [r3, #4]
 196 018e 1A88     		ldrh	r2, [r3]
 197 0190 07F13803 		add	r3, r7, #56
 198 0194 103B     		subs	r3, r3, #16
 199 0196 1A80     		strh	r2, [r3]	@ movhi
 181:..\..\CMSIS_project\CMSIS_project.cydsn/SpectralFlux_q15.c ****     
 182:..\..\CMSIS_project\CMSIS_project.cydsn/SpectralFlux_q15.c **** //sum up all the differences 
 183:..\..\CMSIS_project\CMSIS_project.cydsn/SpectralFlux_q15.c **** 	for(i=0; i< TEST_LENGTH_SAMPLES/2; i++)
 200              		.loc 1 183 0
 201 0198 0023     		movs	r3, #0
 202 019a 07F58152 		add	r2, r7, #4128
 203 019e 02F11602 		add	r2, r2, #22
 204 01a2 1380     		strh	r3, [r2]	@ movhi
 205 01a4 1FE0     		b	.L2
 206              	.L3:
 184:..\..\CMSIS_project\CMSIS_project.cydsn/SpectralFlux_q15.c ****   	  {
 185:..\..\CMSIS_project\CMSIS_project.cydsn/SpectralFlux_q15.c ****    	     arm_add_q15(SpectralFlux, &Difference[i], SpectralFlux, 1);
 207              		.loc 1 185 0 discriminator 2
 208 01a6 07F58153 		add	r3, r7, #4128
 209 01aa 03F11603 		add	r3, r3, #22
 210 01ae 1A88     		ldrh	r2, [r3]
 211 01b0 07F13803 		add	r3, r7, #56
 212 01b4 103B     		subs	r3, r3, #16
 213 01b6 5200     		lsls	r2, r2, #1
 214 01b8 9918     		adds	r1, r3, r2
ARM GAS  C:\Users\SCOTTC~1\AppData\Local\Temp\ccczbWf8.s 			page 8


 215 01ba 07F11802 		add	r2, r7, #24
 216 01be 143A     		subs	r2, r2, #20
 217 01c0 07F11803 		add	r3, r7, #24
 218 01c4 143B     		subs	r3, r3, #20
 219 01c6 1068     		ldr	r0, [r2]
 220 01c8 1A68     		ldr	r2, [r3]
 221 01ca 0123     		movs	r3, #1
 222 01cc FFF7FEFF 		bl	arm_add_q15
 183:..\..\CMSIS_project\CMSIS_project.cydsn/SpectralFlux_q15.c **** 	for(i=0; i< TEST_LENGTH_SAMPLES/2; i++)
 223              		.loc 1 183 0 discriminator 2
 224 01d0 07F58152 		add	r2, r7, #4128
 225 01d4 02F11602 		add	r2, r2, #22
 226 01d8 1388     		ldrh	r3, [r2]
 227 01da 0133     		adds	r3, r3, #1
 228 01dc 07F58152 		add	r2, r7, #4128
 229 01e0 02F11602 		add	r2, r2, #22
 230 01e4 1380     		strh	r3, [r2]	@ movhi
 231              	.L2:
 183:..\..\CMSIS_project\CMSIS_project.cydsn/SpectralFlux_q15.c **** 	for(i=0; i< TEST_LENGTH_SAMPLES/2; i++)
 232              		.loc 1 183 0 is_stmt 0 discriminator 1
 233 01e6 07F58152 		add	r2, r7, #4128
 234 01ea 02F11602 		add	r2, r2, #22
 235 01ee 1388     		ldrh	r3, [r2]
 236 01f0 B3F5007F 		cmp	r3, #512
 237 01f4 D7D3     		bcc	.L3
 186:..\..\CMSIS_project\CMSIS_project.cydsn/SpectralFlux_q15.c **** 	  }	          
 187:..\..\CMSIS_project\CMSIS_project.cydsn/SpectralFlux_q15.c ****     return 0;
 238              		.loc 1 187 0 is_stmt 1
 239 01f6 0023     		movs	r3, #0
 240 01f8 5BB2     		sxtb	r3, r3
 188:..\..\CMSIS_project\CMSIS_project.cydsn/SpectralFlux_q15.c **** }
 241              		.loc 1 188 0
 242 01fa 1846     		mov	r0, r3
 243 01fc 07F58157 		add	r7, r7, #4128
 244 0200 1837     		adds	r7, r7, #24
 245 0202 BD46     		mov	sp, r7
 246              		@ sp needed
 247 0204 80BD     		pop	{r7, pc}
 248              	.L6:
 249 0206 00BF     		.align	2
 250              	.L5:
 251 0208 00000000 		.word	arm_cfft_sR_q15_len1024
 252              		.cfi_endproc
 253              	.LFE118:
 254              		.size	SpectralFlux_q15, .-SpectralFlux_q15
 255              		.text
 256              	.Letext0:
 257              		.file 2 "c:\\program files\\cypress\\psoc creator\\3.1\\psoc creator\\import\\gnu_cs\\arm\\4.8.4\\
 258              		.file 3 "c:\\program files\\cypress\\psoc creator\\3.1\\psoc creator\\import\\gnu_cs\\arm\\4.8.4\\
 259              		.file 4 ".\\Generated_Source\\PSoC5/cytypes.h"
 260              		.file 5 "..\\..\\CMSIS_project\\CMSIS_project.cydsn\\CMSISfile\\CMSIS\\Include/arm_math.h"
 261              		.file 6 "..\\..\\CMSIS_project\\CMSIS_project.cydsn\\CMSISfile\\CMSIS\\Include/core_cm3.h"
 262              		.file 7 "..\\..\\CMSIS_project\\CMSIS_project.cydsn\\CMSISfile\\CMSIS\\Include/arm_const_structs.h
 263              		.file 8 "./InterruptRoutines.h"
 264              		.section	.debug_info,"",%progbits
 265              	.Ldebug_info0:
 266 0000 71030000 		.4byte	0x371
ARM GAS  C:\Users\SCOTTC~1\AppData\Local\Temp\ccczbWf8.s 			page 9


 267 0004 0400     		.2byte	0x4
 268 0006 00000000 		.4byte	.Ldebug_abbrev0
 269 000a 04       		.byte	0x4
 270 000b 01       		.uleb128 0x1
 271 000c E2000000 		.4byte	.LASF64
 272 0010 01       		.byte	0x1
 273 0011 59020000 		.4byte	.LASF65
 274 0015 90010000 		.4byte	.LASF66
 275 0019 00000000 		.4byte	.Ldebug_ranges0+0
 276 001d 00000000 		.4byte	0
 277 0021 00000000 		.4byte	.Ldebug_line0
 278 0025 02       		.uleb128 0x2
 279 0026 01       		.byte	0x1
 280 0027 06       		.byte	0x6
 281 0028 94020000 		.4byte	.LASF0
 282 002c 03       		.uleb128 0x3
 283 002d 25020000 		.4byte	.LASF2
 284 0031 02       		.byte	0x2
 285 0032 1C       		.byte	0x1c
 286 0033 37000000 		.4byte	0x37
 287 0037 02       		.uleb128 0x2
 288 0038 01       		.byte	0x1
 289 0039 08       		.byte	0x8
 290 003a 4B020000 		.4byte	.LASF1
 291 003e 03       		.uleb128 0x3
 292 003f A0030000 		.4byte	.LASF3
 293 0043 02       		.byte	0x2
 294 0044 25       		.byte	0x25
 295 0045 49000000 		.4byte	0x49
 296 0049 02       		.uleb128 0x2
 297 004a 02       		.byte	0x2
 298 004b 05       		.byte	0x5
 299 004c 55000000 		.4byte	.LASF4
 300 0050 03       		.uleb128 0x3
 301 0051 B6000000 		.4byte	.LASF5
 302 0055 02       		.byte	0x2
 303 0056 26       		.byte	0x26
 304 0057 5B000000 		.4byte	0x5b
 305 005b 02       		.uleb128 0x2
 306 005c 02       		.byte	0x2
 307 005d 07       		.byte	0x7
 308 005e D6020000 		.4byte	.LASF6
 309 0062 03       		.uleb128 0x3
 310 0063 72030000 		.4byte	.LASF7
 311 0067 02       		.byte	0x2
 312 0068 37       		.byte	0x37
 313 0069 6D000000 		.4byte	0x6d
 314 006d 02       		.uleb128 0x2
 315 006e 04       		.byte	0x4
 316 006f 05       		.byte	0x5
 317 0070 0B020000 		.4byte	.LASF8
 318 0074 03       		.uleb128 0x3
 319 0075 AB000000 		.4byte	.LASF9
 320 0079 02       		.byte	0x2
 321 007a 38       		.byte	0x38
 322 007b 7F000000 		.4byte	0x7f
 323 007f 02       		.uleb128 0x2
ARM GAS  C:\Users\SCOTTC~1\AppData\Local\Temp\ccczbWf8.s 			page 10


 324 0080 04       		.byte	0x4
 325 0081 07       		.byte	0x7
 326 0082 27030000 		.4byte	.LASF10
 327 0086 02       		.uleb128 0x2
 328 0087 08       		.byte	0x8
 329 0088 05       		.byte	0x5
 330 0089 F8010000 		.4byte	.LASF11
 331 008d 02       		.uleb128 0x2
 332 008e 08       		.byte	0x8
 333 008f 07       		.byte	0x7
 334 0090 A0020000 		.4byte	.LASF12
 335 0094 04       		.uleb128 0x4
 336 0095 04       		.byte	0x4
 337 0096 05       		.byte	0x5
 338 0097 696E7400 		.ascii	"int\000"
 339 009b 02       		.uleb128 0x2
 340 009c 04       		.byte	0x4
 341 009d 07       		.byte	0x7
 342 009e C0020000 		.4byte	.LASF13
 343 00a2 03       		.uleb128 0x3
 344 00a3 7F010000 		.4byte	.LASF14
 345 00a7 03       		.byte	0x3
 346 00a8 2A       		.byte	0x2a
 347 00a9 2C000000 		.4byte	0x2c
 348 00ad 03       		.uleb128 0x3
 349 00ae 14030000 		.4byte	.LASF15
 350 00b2 03       		.byte	0x3
 351 00b3 35       		.byte	0x35
 352 00b4 3E000000 		.4byte	0x3e
 353 00b8 03       		.uleb128 0x3
 354 00b9 CD020000 		.4byte	.LASF16
 355 00bd 03       		.byte	0x3
 356 00be 36       		.byte	0x36
 357 00bf 50000000 		.4byte	0x50
 358 00c3 03       		.uleb128 0x3
 359 00c4 04030000 		.4byte	.LASF17
 360 00c8 03       		.byte	0x3
 361 00c9 41       		.byte	0x41
 362 00ca 62000000 		.4byte	0x62
 363 00ce 03       		.uleb128 0x3
 364 00cf B7020000 		.4byte	.LASF18
 365 00d3 03       		.byte	0x3
 366 00d4 42       		.byte	0x42
 367 00d5 74000000 		.4byte	0x74
 368 00d9 03       		.uleb128 0x3
 369 00da D4010000 		.4byte	.LASF19
 370 00de 04       		.byte	0x4
 371 00df A1       		.byte	0xa1
 372 00e0 37000000 		.4byte	0x37
 373 00e4 03       		.uleb128 0x3
 374 00e5 5E010000 		.4byte	.LASF20
 375 00e9 04       		.byte	0x4
 376 00ea A2       		.byte	0xa2
 377 00eb 5B000000 		.4byte	0x5b
 378 00ef 03       		.uleb128 0x3
 379 00f0 06020000 		.4byte	.LASF21
 380 00f4 04       		.byte	0x4
ARM GAS  C:\Users\SCOTTC~1\AppData\Local\Temp\ccczbWf8.s 			page 11


 381 00f5 A4       		.byte	0xa4
 382 00f6 25000000 		.4byte	0x25
 383 00fa 02       		.uleb128 0x2
 384 00fb 04       		.byte	0x4
 385 00fc 04       		.byte	0x4
 386 00fd E9010000 		.4byte	.LASF22
 387 0101 02       		.uleb128 0x2
 388 0102 08       		.byte	0x8
 389 0103 04       		.byte	0x4
 390 0104 50030000 		.4byte	.LASF23
 391 0108 02       		.uleb128 0x2
 392 0109 01       		.byte	0x1
 393 010a 08       		.byte	0x8
 394 010b FF020000 		.4byte	.LASF24
 395 010f 05       		.uleb128 0x5
 396 0110 D9000000 		.4byte	0xd9
 397 0114 02       		.uleb128 0x2
 398 0115 04       		.byte	0x4
 399 0116 07       		.byte	0x7
 400 0117 C2030000 		.4byte	.LASF25
 401 011b 02       		.uleb128 0x2
 402 011c 08       		.byte	0x8
 403 011d 04       		.byte	0x4
 404 011e 37020000 		.4byte	.LASF26
 405 0122 06       		.uleb128 0x6
 406 0123 01       		.byte	0x1
 407 0124 05       		.byte	0x5
 408 0125 6F01     		.2byte	0x16f
 409 0127 56010000 		.4byte	0x156
 410 012b 07       		.uleb128 0x7
 411 012c 9A000000 		.4byte	.LASF27
 412 0130 00       		.sleb128 0
 413 0131 07       		.uleb128 0x7
 414 0132 7C030000 		.4byte	.LASF28
 415 0136 7F       		.sleb128 -1
 416 0137 07       		.uleb128 0x7
 417 0138 FD030000 		.4byte	.LASF29
 418 013c 7E       		.sleb128 -2
 419 013d 07       		.uleb128 0x7
 420 013e 39030000 		.4byte	.LASF30
 421 0142 7D       		.sleb128 -3
 422 0143 07       		.uleb128 0x7
 423 0144 62030000 		.4byte	.LASF31
 424 0148 7C       		.sleb128 -4
 425 0149 07       		.uleb128 0x7
 426 014a 38000000 		.4byte	.LASF32
 427 014e 7B       		.sleb128 -5
 428 014f 07       		.uleb128 0x7
 429 0150 C1000000 		.4byte	.LASF33
 430 0154 7A       		.sleb128 -6
 431 0155 00       		.byte	0
 432 0156 08       		.uleb128 0x8
 433 0157 4A000000 		.4byte	.LASF34
 434 015b 05       		.byte	0x5
 435 015c 7701     		.2byte	0x177
 436 015e 22010000 		.4byte	0x122
 437 0162 08       		.uleb128 0x8
ARM GAS  C:\Users\SCOTTC~1\AppData\Local\Temp\ccczbWf8.s 			page 12


 438 0163 21000000 		.4byte	.LASF35
 439 0167 05       		.byte	0x5
 440 0168 8101     		.2byte	0x181
 441 016a AD000000 		.4byte	0xad
 442 016e 09       		.uleb128 0x9
 443 016f 04       		.byte	0x4
 444 0170 62010000 		.4byte	0x162
 445 0174 0A       		.uleb128 0xa
 446 0175 08       		.byte	0x8
 447 0176 05       		.byte	0x5
 448 0177 BA05     		.2byte	0x5ba
 449 0179 A5010000 		.4byte	0x1a5
 450 017d 0B       		.uleb128 0xb
 451 017e DA010000 		.4byte	.LASF36
 452 0182 05       		.byte	0x5
 453 0183 BC05     		.2byte	0x5bc
 454 0185 B8000000 		.4byte	0xb8
 455 0189 00       		.byte	0
 456 018a 0B       		.uleb128 0xb
 457 018b 2F020000 		.4byte	.LASF37
 458 018f 05       		.byte	0x5
 459 0190 BD05     		.2byte	0x5bd
 460 0192 B8000000 		.4byte	0xb8
 461 0196 02       		.byte	0x2
 462 0197 0B       		.uleb128 0xb
 463 0198 27000000 		.4byte	.LASF38
 464 019c 05       		.byte	0x5
 465 019d BE05     		.2byte	0x5be
 466 019f 6E010000 		.4byte	0x16e
 467 01a3 04       		.byte	0x4
 468 01a4 00       		.byte	0
 469 01a5 08       		.uleb128 0x8
 470 01a6 AA030000 		.4byte	.LASF39
 471 01aa 05       		.byte	0x5
 472 01ab C005     		.2byte	0x5c0
 473 01ad 74010000 		.4byte	0x174
 474 01b1 0A       		.uleb128 0xa
 475 01b2 10       		.byte	0x10
 476 01b3 05       		.byte	0x5
 477 01b4 AD08     		.2byte	0x8ad
 478 01b6 EF010000 		.4byte	0x1ef
 479 01ba 0B       		.uleb128 0xb
 480 01bb E2010000 		.4byte	.LASF40
 481 01bf 05       		.byte	0x5
 482 01c0 AF08     		.2byte	0x8af
 483 01c2 B8000000 		.4byte	0xb8
 484 01c6 00       		.byte	0
 485 01c7 0B       		.uleb128 0xb
 486 01c8 EF010000 		.4byte	.LASF41
 487 01cc 05       		.byte	0x5
 488 01cd B008     		.2byte	0x8b0
 489 01cf EF010000 		.4byte	0x1ef
 490 01d3 04       		.byte	0x4
 491 01d4 0B       		.uleb128 0xb
 492 01d5 72010000 		.4byte	.LASF42
 493 01d9 05       		.byte	0x5
 494 01da B108     		.2byte	0x8b1
ARM GAS  C:\Users\SCOTTC~1\AppData\Local\Temp\ccczbWf8.s 			page 13


 495 01dc FA010000 		.4byte	0x1fa
 496 01e0 08       		.byte	0x8
 497 01e1 0B       		.uleb128 0xb
 498 01e2 77000000 		.4byte	.LASF43
 499 01e6 05       		.byte	0x5
 500 01e7 B208     		.2byte	0x8b2
 501 01e9 B8000000 		.4byte	0xb8
 502 01ed 0C       		.byte	0xc
 503 01ee 00       		.byte	0
 504 01ef 09       		.uleb128 0x9
 505 01f0 04       		.byte	0x4
 506 01f1 F5010000 		.4byte	0x1f5
 507 01f5 0C       		.uleb128 0xc
 508 01f6 62010000 		.4byte	0x162
 509 01fa 09       		.uleb128 0x9
 510 01fb 04       		.byte	0x4
 511 01fc 00020000 		.4byte	0x200
 512 0200 0C       		.uleb128 0xc
 513 0201 B8000000 		.4byte	0xb8
 514 0205 08       		.uleb128 0x8
 515 0206 84000000 		.4byte	.LASF44
 516 020a 05       		.byte	0x5
 517 020b B308     		.2byte	0x8b3
 518 020d B1010000 		.4byte	0x1b1
 519 0211 0C       		.uleb128 0xc
 520 0212 05020000 		.4byte	0x205
 521 0216 0D       		.uleb128 0xd
 522 0217 14020000 		.4byte	.LASF67
 523 021b 01       		.byte	0x1
 524 021c 2E       		.byte	0x2e
 525 021d EF000000 		.4byte	0xef
 526 0221 00000000 		.4byte	.LFB118
 527 0225 0C020000 		.4byte	.LFE118-.LFB118
 528 0229 01       		.uleb128 0x1
 529 022a 9C       		.byte	0x9c
 530 022b 25030000 		.4byte	0x325
 531 022f 0E       		.uleb128 0xe
 532 0230 E9020000 		.4byte	.LASF45
 533 0234 01       		.byte	0x1
 534 0235 2F       		.byte	0x2f
 535 0236 6E010000 		.4byte	0x16e
 536 023a 03       		.uleb128 0x3
 537 023b 91       		.byte	0x91
 538 023c CC5F     		.sleb128 -4148
 539 023e 0E       		.uleb128 0xe
 540 023f F4020000 		.4byte	.LASF46
 541 0243 01       		.byte	0x1
 542 0244 30       		.byte	0x30
 543 0245 6E010000 		.4byte	0x16e
 544 0249 03       		.uleb128 0x3
 545 024a 91       		.byte	0x91
 546 024b C85F     		.sleb128 -4152
 547 024d 0E       		.uleb128 0xe
 548 024e 65010000 		.4byte	.LASF47
 549 0252 01       		.byte	0x1
 550 0253 31       		.byte	0x31
 551 0254 6E010000 		.4byte	0x16e
ARM GAS  C:\Users\SCOTTC~1\AppData\Local\Temp\ccczbWf8.s 			page 14


 552 0258 03       		.uleb128 0x3
 553 0259 91       		.byte	0x91
 554 025a C45F     		.sleb128 -4156
 555 025c 0F       		.uleb128 0xf
 556 025d 6900     		.ascii	"i\000"
 557 025f 01       		.byte	0x1
 558 0260 35       		.byte	0x35
 559 0261 E4000000 		.4byte	0xe4
 560 0265 02       		.uleb128 0x2
 561 0266 91       		.byte	0x91
 562 0267 76       		.sleb128 -10
 563 0268 10       		.uleb128 0x10
 564 0269 1C030000 		.4byte	.LASF48
 565 026d 01       		.byte	0x1
 566 026e 36       		.byte	0x36
 567 026f 56010000 		.4byte	0x156
 568 0273 02       		.uleb128 0x2
 569 0274 91       		.byte	0x91
 570 0275 75       		.sleb128 -11
 571 0276 10       		.uleb128 0x10
 572 0277 D7000000 		.4byte	.LASF49
 573 027b 01       		.byte	0x1
 574 027c 37       		.byte	0x37
 575 027d 56010000 		.4byte	0x156
 576 0281 02       		.uleb128 0x2
 577 0282 91       		.byte	0x91
 578 0283 74       		.sleb128 -12
 579 0284 10       		.uleb128 0x10
 580 0285 43020000 		.4byte	.LASF50
 581 0289 01       		.byte	0x1
 582 028a 3A       		.byte	0x3a
 583 028b CE000000 		.4byte	0xce
 584 028f 02       		.uleb128 0x2
 585 0290 91       		.byte	0x91
 586 0291 6C       		.sleb128 -20
 587 0292 10       		.uleb128 0x10
 588 0293 16000000 		.4byte	.LASF51
 589 0297 01       		.byte	0x1
 590 0298 3A       		.byte	0x3a
 591 0299 CE000000 		.4byte	0xce
 592 029d 02       		.uleb128 0x2
 593 029e 91       		.byte	0x91
 594 029f 68       		.sleb128 -24
 595 02a0 10       		.uleb128 0x10
 596 02a1 0C030000 		.4byte	.LASF52
 597 02a5 01       		.byte	0x1
 598 02a6 3B       		.byte	0x3b
 599 02a7 B8000000 		.4byte	0xb8
 600 02ab 02       		.uleb128 0x2
 601 02ac 91       		.byte	0x91
 602 02ad 72       		.sleb128 -14
 603 02ae 10       		.uleb128 0x10
 604 02af 87010000 		.4byte	.LASF53
 605 02b3 01       		.byte	0x1
 606 02b4 3C       		.byte	0x3c
 607 02b5 A2000000 		.4byte	0xa2
 608 02b9 02       		.uleb128 0x2
ARM GAS  C:\Users\SCOTTC~1\AppData\Local\Temp\ccczbWf8.s 			page 15


 609 02ba 91       		.byte	0x91
 610 02bb 71       		.sleb128 -15
 611 02bc 10       		.uleb128 0x10
 612 02bd E3030000 		.4byte	.LASF54
 613 02c1 01       		.byte	0x1
 614 02c2 3D       		.byte	0x3d
 615 02c3 A2000000 		.4byte	0xa2
 616 02c7 02       		.uleb128 0x2
 617 02c8 91       		.byte	0x91
 618 02c9 70       		.sleb128 -16
 619 02ca 10       		.uleb128 0x10
 620 02cb CB030000 		.4byte	.LASF55
 621 02cf 01       		.byte	0x1
 622 02d0 3E       		.byte	0x3e
 623 02d1 25030000 		.4byte	0x325
 624 02d5 03       		.uleb128 0x3
 625 02d6 91       		.byte	0x91
 626 02d7 E877     		.sleb128 -1048
 627 02d9 10       		.uleb128 0x10
 628 02da D7030000 		.4byte	.LASF56
 629 02de 01       		.byte	0x1
 630 02df 3F       		.byte	0x3f
 631 02e0 25030000 		.4byte	0x325
 632 02e4 03       		.uleb128 0x3
 633 02e5 91       		.byte	0x91
 634 02e6 E86F     		.sleb128 -2072
 635 02e8 10       		.uleb128 0x10
 636 02e9 57030000 		.4byte	.LASF57
 637 02ed 01       		.byte	0x1
 638 02ee A6       		.byte	0xa6
 639 02ef 36030000 		.4byte	0x336
 640 02f3 03       		.uleb128 0x3
 641 02f4 91       		.byte	0x91
 642 02f5 E85F     		.sleb128 -4120
 643 02f7 10       		.uleb128 0x10
 644 02f8 2D000000 		.4byte	.LASF58
 645 02fc 01       		.byte	0x1
 646 02fd A9       		.byte	0xa9
 647 02fe A5010000 		.4byte	0x1a5
 648 0302 03       		.uleb128 0x3
 649 0303 91       		.byte	0x91
 650 0304 E05F     		.sleb128 -4128
 651 0306 10       		.uleb128 0x10
 652 0307 00000000 		.4byte	.LASF59
 653 030b 01       		.byte	0x1
 654 030c AA       		.byte	0xaa
 655 030d A5010000 		.4byte	0x1a5
 656 0311 03       		.uleb128 0x3
 657 0312 91       		.byte	0x91
 658 0313 D85F     		.sleb128 -4136
 659 0315 10       		.uleb128 0x10
 660 0316 0B000000 		.4byte	.LASF60
 661 031a 01       		.byte	0x1
 662 031b AB       		.byte	0xab
 663 031c A5010000 		.4byte	0x1a5
 664 0320 03       		.uleb128 0x3
 665 0321 91       		.byte	0x91
ARM GAS  C:\Users\SCOTTC~1\AppData\Local\Temp\ccczbWf8.s 			page 16


 666 0322 D05F     		.sleb128 -4144
 667 0324 00       		.byte	0
 668 0325 11       		.uleb128 0x11
 669 0326 62010000 		.4byte	0x162
 670 032a 36030000 		.4byte	0x336
 671 032e 12       		.uleb128 0x12
 672 032f 14010000 		.4byte	0x114
 673 0333 FF01     		.2byte	0x1ff
 674 0335 00       		.byte	0
 675 0336 11       		.uleb128 0x11
 676 0337 62010000 		.4byte	0x162
 677 033b 47030000 		.4byte	0x347
 678 033f 12       		.uleb128 0x12
 679 0340 14010000 		.4byte	0x114
 680 0344 FF03     		.2byte	0x3ff
 681 0346 00       		.byte	0
 682 0347 13       		.uleb128 0x13
 683 0348 F0030000 		.4byte	.LASF61
 684 034c 06       		.byte	0x6
 685 034d 5506     		.2byte	0x655
 686 034f 53030000 		.4byte	0x353
 687 0353 05       		.uleb128 0x5
 688 0354 C3000000 		.4byte	0xc3
 689 0358 14       		.uleb128 0x14
 690 0359 5F000000 		.4byte	.LASF62
 691 035d 07       		.byte	0x7
 692 035e 4B       		.byte	0x4b
 693 035f 11020000 		.4byte	0x211
 694 0363 15       		.uleb128 0x15
 695 0364 94030000 		.4byte	.LASF63
 696 0368 08       		.byte	0x8
 697 0369 23       		.byte	0x23
 698 036a 0F010000 		.4byte	0x10f
 699 036e 05       		.uleb128 0x5
 700 036f 03       		.byte	0x3
 701 0370 00000000 		.4byte	isr_BC_flag
 702 0374 00       		.byte	0
 703              		.section	.debug_abbrev,"",%progbits
 704              	.Ldebug_abbrev0:
 705 0000 01       		.uleb128 0x1
 706 0001 11       		.uleb128 0x11
 707 0002 01       		.byte	0x1
 708 0003 25       		.uleb128 0x25
 709 0004 0E       		.uleb128 0xe
 710 0005 13       		.uleb128 0x13
 711 0006 0B       		.uleb128 0xb
 712 0007 03       		.uleb128 0x3
 713 0008 0E       		.uleb128 0xe
 714 0009 1B       		.uleb128 0x1b
 715 000a 0E       		.uleb128 0xe
 716 000b 55       		.uleb128 0x55
 717 000c 17       		.uleb128 0x17
 718 000d 11       		.uleb128 0x11
 719 000e 01       		.uleb128 0x1
 720 000f 10       		.uleb128 0x10
 721 0010 17       		.uleb128 0x17
 722 0011 00       		.byte	0
ARM GAS  C:\Users\SCOTTC~1\AppData\Local\Temp\ccczbWf8.s 			page 17


 723 0012 00       		.byte	0
 724 0013 02       		.uleb128 0x2
 725 0014 24       		.uleb128 0x24
 726 0015 00       		.byte	0
 727 0016 0B       		.uleb128 0xb
 728 0017 0B       		.uleb128 0xb
 729 0018 3E       		.uleb128 0x3e
 730 0019 0B       		.uleb128 0xb
 731 001a 03       		.uleb128 0x3
 732 001b 0E       		.uleb128 0xe
 733 001c 00       		.byte	0
 734 001d 00       		.byte	0
 735 001e 03       		.uleb128 0x3
 736 001f 16       		.uleb128 0x16
 737 0020 00       		.byte	0
 738 0021 03       		.uleb128 0x3
 739 0022 0E       		.uleb128 0xe
 740 0023 3A       		.uleb128 0x3a
 741 0024 0B       		.uleb128 0xb
 742 0025 3B       		.uleb128 0x3b
 743 0026 0B       		.uleb128 0xb
 744 0027 49       		.uleb128 0x49
 745 0028 13       		.uleb128 0x13
 746 0029 00       		.byte	0
 747 002a 00       		.byte	0
 748 002b 04       		.uleb128 0x4
 749 002c 24       		.uleb128 0x24
 750 002d 00       		.byte	0
 751 002e 0B       		.uleb128 0xb
 752 002f 0B       		.uleb128 0xb
 753 0030 3E       		.uleb128 0x3e
 754 0031 0B       		.uleb128 0xb
 755 0032 03       		.uleb128 0x3
 756 0033 08       		.uleb128 0x8
 757 0034 00       		.byte	0
 758 0035 00       		.byte	0
 759 0036 05       		.uleb128 0x5
 760 0037 35       		.uleb128 0x35
 761 0038 00       		.byte	0
 762 0039 49       		.uleb128 0x49
 763 003a 13       		.uleb128 0x13
 764 003b 00       		.byte	0
 765 003c 00       		.byte	0
 766 003d 06       		.uleb128 0x6
 767 003e 04       		.uleb128 0x4
 768 003f 01       		.byte	0x1
 769 0040 0B       		.uleb128 0xb
 770 0041 0B       		.uleb128 0xb
 771 0042 3A       		.uleb128 0x3a
 772 0043 0B       		.uleb128 0xb
 773 0044 3B       		.uleb128 0x3b
 774 0045 05       		.uleb128 0x5
 775 0046 01       		.uleb128 0x1
 776 0047 13       		.uleb128 0x13
 777 0048 00       		.byte	0
 778 0049 00       		.byte	0
 779 004a 07       		.uleb128 0x7
ARM GAS  C:\Users\SCOTTC~1\AppData\Local\Temp\ccczbWf8.s 			page 18


 780 004b 28       		.uleb128 0x28
 781 004c 00       		.byte	0
 782 004d 03       		.uleb128 0x3
 783 004e 0E       		.uleb128 0xe
 784 004f 1C       		.uleb128 0x1c
 785 0050 0D       		.uleb128 0xd
 786 0051 00       		.byte	0
 787 0052 00       		.byte	0
 788 0053 08       		.uleb128 0x8
 789 0054 16       		.uleb128 0x16
 790 0055 00       		.byte	0
 791 0056 03       		.uleb128 0x3
 792 0057 0E       		.uleb128 0xe
 793 0058 3A       		.uleb128 0x3a
 794 0059 0B       		.uleb128 0xb
 795 005a 3B       		.uleb128 0x3b
 796 005b 05       		.uleb128 0x5
 797 005c 49       		.uleb128 0x49
 798 005d 13       		.uleb128 0x13
 799 005e 00       		.byte	0
 800 005f 00       		.byte	0
 801 0060 09       		.uleb128 0x9
 802 0061 0F       		.uleb128 0xf
 803 0062 00       		.byte	0
 804 0063 0B       		.uleb128 0xb
 805 0064 0B       		.uleb128 0xb
 806 0065 49       		.uleb128 0x49
 807 0066 13       		.uleb128 0x13
 808 0067 00       		.byte	0
 809 0068 00       		.byte	0
 810 0069 0A       		.uleb128 0xa
 811 006a 13       		.uleb128 0x13
 812 006b 01       		.byte	0x1
 813 006c 0B       		.uleb128 0xb
 814 006d 0B       		.uleb128 0xb
 815 006e 3A       		.uleb128 0x3a
 816 006f 0B       		.uleb128 0xb
 817 0070 3B       		.uleb128 0x3b
 818 0071 05       		.uleb128 0x5
 819 0072 01       		.uleb128 0x1
 820 0073 13       		.uleb128 0x13
 821 0074 00       		.byte	0
 822 0075 00       		.byte	0
 823 0076 0B       		.uleb128 0xb
 824 0077 0D       		.uleb128 0xd
 825 0078 00       		.byte	0
 826 0079 03       		.uleb128 0x3
 827 007a 0E       		.uleb128 0xe
 828 007b 3A       		.uleb128 0x3a
 829 007c 0B       		.uleb128 0xb
 830 007d 3B       		.uleb128 0x3b
 831 007e 05       		.uleb128 0x5
 832 007f 49       		.uleb128 0x49
 833 0080 13       		.uleb128 0x13
 834 0081 38       		.uleb128 0x38
 835 0082 0B       		.uleb128 0xb
 836 0083 00       		.byte	0
ARM GAS  C:\Users\SCOTTC~1\AppData\Local\Temp\ccczbWf8.s 			page 19


 837 0084 00       		.byte	0
 838 0085 0C       		.uleb128 0xc
 839 0086 26       		.uleb128 0x26
 840 0087 00       		.byte	0
 841 0088 49       		.uleb128 0x49
 842 0089 13       		.uleb128 0x13
 843 008a 00       		.byte	0
 844 008b 00       		.byte	0
 845 008c 0D       		.uleb128 0xd
 846 008d 2E       		.uleb128 0x2e
 847 008e 01       		.byte	0x1
 848 008f 3F       		.uleb128 0x3f
 849 0090 19       		.uleb128 0x19
 850 0091 03       		.uleb128 0x3
 851 0092 0E       		.uleb128 0xe
 852 0093 3A       		.uleb128 0x3a
 853 0094 0B       		.uleb128 0xb
 854 0095 3B       		.uleb128 0x3b
 855 0096 0B       		.uleb128 0xb
 856 0097 27       		.uleb128 0x27
 857 0098 19       		.uleb128 0x19
 858 0099 49       		.uleb128 0x49
 859 009a 13       		.uleb128 0x13
 860 009b 11       		.uleb128 0x11
 861 009c 01       		.uleb128 0x1
 862 009d 12       		.uleb128 0x12
 863 009e 06       		.uleb128 0x6
 864 009f 40       		.uleb128 0x40
 865 00a0 18       		.uleb128 0x18
 866 00a1 9642     		.uleb128 0x2116
 867 00a3 19       		.uleb128 0x19
 868 00a4 01       		.uleb128 0x1
 869 00a5 13       		.uleb128 0x13
 870 00a6 00       		.byte	0
 871 00a7 00       		.byte	0
 872 00a8 0E       		.uleb128 0xe
 873 00a9 05       		.uleb128 0x5
 874 00aa 00       		.byte	0
 875 00ab 03       		.uleb128 0x3
 876 00ac 0E       		.uleb128 0xe
 877 00ad 3A       		.uleb128 0x3a
 878 00ae 0B       		.uleb128 0xb
 879 00af 3B       		.uleb128 0x3b
 880 00b0 0B       		.uleb128 0xb
 881 00b1 49       		.uleb128 0x49
 882 00b2 13       		.uleb128 0x13
 883 00b3 02       		.uleb128 0x2
 884 00b4 18       		.uleb128 0x18
 885 00b5 00       		.byte	0
 886 00b6 00       		.byte	0
 887 00b7 0F       		.uleb128 0xf
 888 00b8 34       		.uleb128 0x34
 889 00b9 00       		.byte	0
 890 00ba 03       		.uleb128 0x3
 891 00bb 08       		.uleb128 0x8
 892 00bc 3A       		.uleb128 0x3a
 893 00bd 0B       		.uleb128 0xb
ARM GAS  C:\Users\SCOTTC~1\AppData\Local\Temp\ccczbWf8.s 			page 20


 894 00be 3B       		.uleb128 0x3b
 895 00bf 0B       		.uleb128 0xb
 896 00c0 49       		.uleb128 0x49
 897 00c1 13       		.uleb128 0x13
 898 00c2 02       		.uleb128 0x2
 899 00c3 18       		.uleb128 0x18
 900 00c4 00       		.byte	0
 901 00c5 00       		.byte	0
 902 00c6 10       		.uleb128 0x10
 903 00c7 34       		.uleb128 0x34
 904 00c8 00       		.byte	0
 905 00c9 03       		.uleb128 0x3
 906 00ca 0E       		.uleb128 0xe
 907 00cb 3A       		.uleb128 0x3a
 908 00cc 0B       		.uleb128 0xb
 909 00cd 3B       		.uleb128 0x3b
 910 00ce 0B       		.uleb128 0xb
 911 00cf 49       		.uleb128 0x49
 912 00d0 13       		.uleb128 0x13
 913 00d1 02       		.uleb128 0x2
 914 00d2 18       		.uleb128 0x18
 915 00d3 00       		.byte	0
 916 00d4 00       		.byte	0
 917 00d5 11       		.uleb128 0x11
 918 00d6 01       		.uleb128 0x1
 919 00d7 01       		.byte	0x1
 920 00d8 49       		.uleb128 0x49
 921 00d9 13       		.uleb128 0x13
 922 00da 01       		.uleb128 0x1
 923 00db 13       		.uleb128 0x13
 924 00dc 00       		.byte	0
 925 00dd 00       		.byte	0
 926 00de 12       		.uleb128 0x12
 927 00df 21       		.uleb128 0x21
 928 00e0 00       		.byte	0
 929 00e1 49       		.uleb128 0x49
 930 00e2 13       		.uleb128 0x13
 931 00e3 2F       		.uleb128 0x2f
 932 00e4 05       		.uleb128 0x5
 933 00e5 00       		.byte	0
 934 00e6 00       		.byte	0
 935 00e7 13       		.uleb128 0x13
 936 00e8 34       		.uleb128 0x34
 937 00e9 00       		.byte	0
 938 00ea 03       		.uleb128 0x3
 939 00eb 0E       		.uleb128 0xe
 940 00ec 3A       		.uleb128 0x3a
 941 00ed 0B       		.uleb128 0xb
 942 00ee 3B       		.uleb128 0x3b
 943 00ef 05       		.uleb128 0x5
 944 00f0 49       		.uleb128 0x49
 945 00f1 13       		.uleb128 0x13
 946 00f2 3F       		.uleb128 0x3f
 947 00f3 19       		.uleb128 0x19
 948 00f4 3C       		.uleb128 0x3c
 949 00f5 19       		.uleb128 0x19
 950 00f6 00       		.byte	0
ARM GAS  C:\Users\SCOTTC~1\AppData\Local\Temp\ccczbWf8.s 			page 21


 951 00f7 00       		.byte	0
 952 00f8 14       		.uleb128 0x14
 953 00f9 34       		.uleb128 0x34
 954 00fa 00       		.byte	0
 955 00fb 03       		.uleb128 0x3
 956 00fc 0E       		.uleb128 0xe
 957 00fd 3A       		.uleb128 0x3a
 958 00fe 0B       		.uleb128 0xb
 959 00ff 3B       		.uleb128 0x3b
 960 0100 0B       		.uleb128 0xb
 961 0101 49       		.uleb128 0x49
 962 0102 13       		.uleb128 0x13
 963 0103 3F       		.uleb128 0x3f
 964 0104 19       		.uleb128 0x19
 965 0105 3C       		.uleb128 0x3c
 966 0106 19       		.uleb128 0x19
 967 0107 00       		.byte	0
 968 0108 00       		.byte	0
 969 0109 15       		.uleb128 0x15
 970 010a 34       		.uleb128 0x34
 971 010b 00       		.byte	0
 972 010c 03       		.uleb128 0x3
 973 010d 0E       		.uleb128 0xe
 974 010e 3A       		.uleb128 0x3a
 975 010f 0B       		.uleb128 0xb
 976 0110 3B       		.uleb128 0x3b
 977 0111 0B       		.uleb128 0xb
 978 0112 49       		.uleb128 0x49
 979 0113 13       		.uleb128 0x13
 980 0114 3F       		.uleb128 0x3f
 981 0115 19       		.uleb128 0x19
 982 0116 02       		.uleb128 0x2
 983 0117 18       		.uleb128 0x18
 984 0118 00       		.byte	0
 985 0119 00       		.byte	0
 986 011a 00       		.byte	0
 987              		.section	.debug_aranges,"",%progbits
 988 0000 1C000000 		.4byte	0x1c
 989 0004 0200     		.2byte	0x2
 990 0006 00000000 		.4byte	.Ldebug_info0
 991 000a 04       		.byte	0x4
 992 000b 00       		.byte	0
 993 000c 0000     		.2byte	0
 994 000e 0000     		.2byte	0
 995 0010 00000000 		.4byte	.LFB118
 996 0014 0C020000 		.4byte	.LFE118-.LFB118
 997 0018 00000000 		.4byte	0
 998 001c 00000000 		.4byte	0
 999              		.section	.debug_ranges,"",%progbits
 1000              	.Ldebug_ranges0:
 1001 0000 00000000 		.4byte	.LFB118
 1002 0004 0C020000 		.4byte	.LFE118
 1003 0008 00000000 		.4byte	0
 1004 000c 00000000 		.4byte	0
 1005              		.section	.debug_line,"",%progbits
 1006              	.Ldebug_line0:
 1007 0000 38020000 		.section	.debug_str,"MS",%progbits,1
ARM GAS  C:\Users\SCOTTC~1\AppData\Local\Temp\ccczbWf8.s 			page 22


 1007      0200F501 
 1007      00000201 
 1007      FB0E0D00 
 1007      01010101 
 1008              	.LASF59:
 1009 0000 6666746D 		.ascii	"fftmatrix0\000"
 1009      61747269 
 1009      783000
 1010              	.LASF60:
 1011 000b 6666746D 		.ascii	"fftmatrix1\000"
 1011      61747269 
 1011      783100
 1012              	.LASF51:
 1013 0016 73726343 		.ascii	"srcColumns\000"
 1013      6F6C756D 
 1013      6E7300
 1014              	.LASF35:
 1015 0021 7131355F 		.ascii	"q15_t\000"
 1015      7400
 1016              	.LASF38:
 1017 0027 70446174 		.ascii	"pData\000"
 1017      6100
 1018              	.LASF58:
 1019 002d 44696666 		.ascii	"DiffMatrix\000"
 1019      4D617472 
 1019      697800
 1020              	.LASF32:
 1021 0038 41524D5F 		.ascii	"ARM_MATH_SINGULAR\000"
 1021      4D415448 
 1021      5F53494E 
 1021      47554C41 
 1021      5200
 1022              	.LASF34:
 1023 004a 61726D5F 		.ascii	"arm_status\000"
 1023      73746174 
 1023      757300
 1024              	.LASF4:
 1025 0055 73686F72 		.ascii	"short int\000"
 1025      7420696E 
 1025      7400
 1026              	.LASF62:
 1027 005f 61726D5F 		.ascii	"arm_cfft_sR_q15_len1024\000"
 1027      63666674 
 1027      5F73525F 
 1027      7131355F 
 1027      6C656E31 
 1028              	.LASF43:
 1029 0077 62697452 		.ascii	"bitRevLength\000"
 1029      65764C65 
 1029      6E677468 
 1029      00
 1030              	.LASF44:
 1031 0084 61726D5F 		.ascii	"arm_cfft_instance_q15\000"
 1031      63666674 
 1031      5F696E73 
 1031      74616E63 
 1031      655F7131 
ARM GAS  C:\Users\SCOTTC~1\AppData\Local\Temp\ccczbWf8.s 			page 23


 1032              	.LASF27:
 1033 009a 41524D5F 		.ascii	"ARM_MATH_SUCCESS\000"
 1033      4D415448 
 1033      5F535543 
 1033      43455353 
 1033      00
 1034              	.LASF9:
 1035 00ab 5F5F7569 		.ascii	"__uint32_t\000"
 1035      6E743332 
 1035      5F7400
 1036              	.LASF5:
 1037 00b6 5F5F7569 		.ascii	"__uint16_t\000"
 1037      6E743136 
 1037      5F7400
 1038              	.LASF33:
 1039 00c1 41524D5F 		.ascii	"ARM_MATH_TEST_FAILURE\000"
 1039      4D415448 
 1039      5F544553 
 1039      545F4641 
 1039      494C5552 
 1040              	.LASF49:
 1041 00d7 6666745F 		.ascii	"fft_status\000"
 1041      73746174 
 1041      757300
 1042              	.LASF64:
 1043 00e2 474E5520 		.ascii	"GNU C 4.8.4 20140526 (release) [ARM/embedded-4_8-br"
 1043      4320342E 
 1043      382E3420 
 1043      32303134 
 1043      30353236 
 1044 0115 616E6368 		.ascii	"anch revision 211358] -mcpu=cortex-m3 -mthumb -g -O"
 1044      20726576 
 1044      6973696F 
 1044      6E203231 
 1044      31333538 
 1045 0148 30202D66 		.ascii	"0 -ffunction-sections\000"
 1045      66756E63 
 1045      74696F6E 
 1045      2D736563 
 1045      74696F6E 
 1046              	.LASF20:
 1047 015e 75696E74 		.ascii	"uint16\000"
 1047      313600
 1048              	.LASF47:
 1049 0165 53706563 		.ascii	"SpectralFlux\000"
 1049      7472616C 
 1049      466C7578 
 1049      00
 1050              	.LASF42:
 1051 0172 70426974 		.ascii	"pBitRevTable\000"
 1051      52657654 
 1051      61626C65 
 1051      00
 1052              	.LASF14:
 1053 017f 75696E74 		.ascii	"uint8_t\000"
 1053      385F7400 
 1054              	.LASF53:
ARM GAS  C:\Users\SCOTTC~1\AppData\Local\Temp\ccczbWf8.s 			page 24


 1055 0187 69666674 		.ascii	"ifftFlag\000"
 1055      466C6167 
 1055      00
 1056              	.LASF66:
 1057 0190 5A3A5C73 		.ascii	"Z:\\scottcarlson On My Mac\\Code\\PSoC_Creator\\Des"
 1057      636F7474 
 1057      6361726C 
 1057      736F6E20 
 1057      4F6E204D 
 1058 01bf 69676E30 		.ascii	"ign01\\Design01.cydsn\000"
 1058      315C4465 
 1058      7369676E 
 1058      30312E63 
 1058      7964736E 
 1059              	.LASF19:
 1060 01d4 75696E74 		.ascii	"uint8\000"
 1060      3800
 1061              	.LASF36:
 1062 01da 6E756D52 		.ascii	"numRows\000"
 1062      6F777300 
 1063              	.LASF40:
 1064 01e2 6666744C 		.ascii	"fftLen\000"
 1064      656E00
 1065              	.LASF22:
 1066 01e9 666C6F61 		.ascii	"float\000"
 1066      7400
 1067              	.LASF41:
 1068 01ef 70547769 		.ascii	"pTwiddle\000"
 1068      64646C65 
 1068      00
 1069              	.LASF11:
 1070 01f8 6C6F6E67 		.ascii	"long long int\000"
 1070      206C6F6E 
 1070      6720696E 
 1070      7400
 1071              	.LASF21:
 1072 0206 696E7438 		.ascii	"int8\000"
 1072      00
 1073              	.LASF8:
 1074 020b 6C6F6E67 		.ascii	"long int\000"
 1074      20696E74 
 1074      00
 1075              	.LASF67:
 1076 0214 53706563 		.ascii	"SpectralFlux_q15\000"
 1076      7472616C 
 1076      466C7578 
 1076      5F713135 
 1076      00
 1077              	.LASF2:
 1078 0225 5F5F7569 		.ascii	"__uint8_t\000"
 1078      6E74385F 
 1078      7400
 1079              	.LASF37:
 1080 022f 6E756D43 		.ascii	"numCols\000"
 1080      6F6C7300 
 1081              	.LASF26:
 1082 0237 6C6F6E67 		.ascii	"long double\000"
ARM GAS  C:\Users\SCOTTC~1\AppData\Local\Temp\ccczbWf8.s 			page 25


 1082      20646F75 
 1082      626C6500 
 1083              	.LASF50:
 1084 0243 73726352 		.ascii	"srcRows\000"
 1084      6F777300 
 1085              	.LASF1:
 1086 024b 756E7369 		.ascii	"unsigned char\000"
 1086      676E6564 
 1086      20636861 
 1086      7200
 1087              	.LASF65:
 1088 0259 2E2E5C2E 		.ascii	"..\\..\\CMSIS_project\\CMSIS_project.cydsn\\Spectra"
 1088      2E5C434D 
 1088      5349535F 
 1088      70726F6A 
 1088      6563745C 
 1089 0288 6C466C75 		.ascii	"lFlux_q15.c\000"
 1089      785F7131 
 1089      352E6300 
 1090              	.LASF0:
 1091 0294 7369676E 		.ascii	"signed char\000"
 1091      65642063 
 1091      68617200 
 1092              	.LASF12:
 1093 02a0 6C6F6E67 		.ascii	"long long unsigned int\000"
 1093      206C6F6E 
 1093      6720756E 
 1093      7369676E 
 1093      65642069 
 1094              	.LASF18:
 1095 02b7 75696E74 		.ascii	"uint32_t\000"
 1095      33325F74 
 1095      00
 1096              	.LASF13:
 1097 02c0 756E7369 		.ascii	"unsigned int\000"
 1097      676E6564 
 1097      20696E74 
 1097      00
 1098              	.LASF16:
 1099 02cd 75696E74 		.ascii	"uint16_t\000"
 1099      31365F74 
 1099      00
 1100              	.LASF6:
 1101 02d6 73686F72 		.ascii	"short unsigned int\000"
 1101      7420756E 
 1101      7369676E 
 1101      65642069 
 1101      6E7400
 1102              	.LASF45:
 1103 02e9 74657374 		.ascii	"testInput0\000"
 1103      496E7075 
 1103      743000
 1104              	.LASF46:
 1105 02f4 74657374 		.ascii	"testInput1\000"
 1105      496E7075 
 1105      743100
 1106              	.LASF24:
ARM GAS  C:\Users\SCOTTC~1\AppData\Local\Temp\ccczbWf8.s 			page 26


 1107 02ff 63686172 		.ascii	"char\000"
 1107      00
 1108              	.LASF17:
 1109 0304 696E7433 		.ascii	"int32_t\000"
 1109      325F7400 
 1110              	.LASF52:
 1111 030c 66667453 		.ascii	"fftSize\000"
 1111      697A6500 
 1112              	.LASF15:
 1113 0314 696E7431 		.ascii	"int16_t\000"
 1113      365F7400 
 1114              	.LASF48:
 1115 031c 6D61745F 		.ascii	"mat_status\000"
 1115      73746174 
 1115      757300
 1116              	.LASF10:
 1117 0327 6C6F6E67 		.ascii	"long unsigned int\000"
 1117      20756E73 
 1117      69676E65 
 1117      6420696E 
 1117      7400
 1118              	.LASF30:
 1119 0339 41524D5F 		.ascii	"ARM_MATH_SIZE_MISMATCH\000"
 1119      4D415448 
 1119      5F53495A 
 1119      455F4D49 
 1119      534D4154 
 1120              	.LASF23:
 1121 0350 646F7562 		.ascii	"double\000"
 1121      6C6500
 1122              	.LASF57:
 1123 0357 44696666 		.ascii	"Difference\000"
 1123      6572656E 
 1123      636500
 1124              	.LASF31:
 1125 0362 41524D5F 		.ascii	"ARM_MATH_NANINF\000"
 1125      4D415448 
 1125      5F4E414E 
 1125      494E4600 
 1126              	.LASF7:
 1127 0372 5F5F696E 		.ascii	"__int32_t\000"
 1127      7433325F 
 1127      7400
 1128              	.LASF28:
 1129 037c 41524D5F 		.ascii	"ARM_MATH_ARGUMENT_ERROR\000"
 1129      4D415448 
 1129      5F415247 
 1129      554D454E 
 1129      545F4552 
 1130              	.LASF63:
 1131 0394 6973725F 		.ascii	"isr_BC_flag\000"
 1131      42435F66 
 1131      6C616700 
 1132              	.LASF3:
 1133 03a0 5F5F696E 		.ascii	"__int16_t\000"
 1133      7431365F 
 1133      7400
ARM GAS  C:\Users\SCOTTC~1\AppData\Local\Temp\ccczbWf8.s 			page 27


 1134              	.LASF39:
 1135 03aa 61726D5F 		.ascii	"arm_matrix_instance_q15\000"
 1135      6D617472 
 1135      69785F69 
 1135      6E737461 
 1135      6E63655F 
 1136              	.LASF25:
 1137 03c2 73697A65 		.ascii	"sizetype\000"
 1137      74797065 
 1137      00
 1138              	.LASF55:
 1139 03cb 74657374 		.ascii	"testOutput0\000"
 1139      4F757470 
 1139      75743000 
 1140              	.LASF56:
 1141 03d7 74657374 		.ascii	"testOutput1\000"
 1141      4F757470 
 1141      75743100 
 1142              	.LASF54:
 1143 03e3 646F4269 		.ascii	"doBitReverse\000"
 1143      74526576 
 1143      65727365 
 1143      00
 1144              	.LASF61:
 1145 03f0 49544D5F 		.ascii	"ITM_RxBuffer\000"
 1145      52784275 
 1145      66666572 
 1145      00
 1146              	.LASF29:
 1147 03fd 41524D5F 		.ascii	"ARM_MATH_LENGTH_ERROR\000"
 1147      4D415448 
 1147      5F4C454E 
 1147      4754485F 
 1147      4552524F 
 1148              		.ident	"GCC: (GNU Tools for ARM Embedded Processors) 4.8.4 20140526 (release) [ARM/embedded-4_8-br
