Archive member included because of file (symbol)

.\ARM_GCC_484\Debug\WIFI_MicroWebServer.a(cyfitter_cfg.o)
                              .\ARM_GCC_484\Debug\Cm3Start.o (cyfitter_cfg)
.\ARM_GCC_484\Debug\WIFI_MicroWebServer.a(LCD_Char.o)
                              .\ARM_GCC_484\Debug\main.o (LCD_Char_Start)
.\ARM_GCC_484\Debug\WIFI_MicroWebServer.a(UART.o)
                              .\ARM_GCC_484\Debug\main.o (UART_Start)
.\ARM_GCC_484\Debug\WIFI_MicroWebServer.a(UART_INT.o)
                              .\ARM_GCC_484\Debug\WIFI_MicroWebServer.a(UART.o) (UART_RXISR)
.\ARM_GCC_484\Debug\WIFI_MicroWebServer.a(isr_UART.o)
                              .\ARM_GCC_484\Debug\main.o (isr_UART_StartEx)
.\ARM_GCC_484\Debug\WIFI_MicroWebServer.a(UART_IntClock.o)
                              .\ARM_GCC_484\Debug\WIFI_MicroWebServer.a(UART.o) (UART_IntClock_Start)
.\ARM_GCC_484\Debug\WIFI_MicroWebServer.a(CyBootAsmGnu.o)
                              .\ARM_GCC_484\Debug\WIFI_MicroWebServer.a(cyfitter_cfg.o) (CyDelayCycles)
.\ARM_GCC_484\Debug\WIFI_MicroWebServer.a(CyLib.o)
                              .\ARM_GCC_484\Debug\Cm3Start.o (CyResetStatus)
.\ARM_GCC_484\Debug\WIFI_MicroWebServer.a(cyPm.o)
                              .\ARM_GCC_484\Debug\WIFI_MicroWebServer.a(CyLib.o) (CyPmReadStatus)
.\ARM_GCC_484\Debug\WIFI_MicroWebServer.a(CyFlash.o)
                              .\ARM_GCC_484\Debug\WIFI_MicroWebServer.a(cyPm.o) (CyFlash_SetWaitCycles)
.\ARM_GCC_484\Debug\WIFI_MicroWebServer.a(CySpc.o)
                              .\ARM_GCC_484\Debug\WIFI_MicroWebServer.a(CyFlash.o) (CySpcStart)
c:/program files/cypress/psoc creator/3.2/psoc creator/import/gnu/arm/4.8.4/bin/../lib/gcc/arm-none-eabi/4.8.4/../../../../arm-none-eabi/lib/armv7-m\libc.a(lib_a-exit.o)
                              c:/program files/cypress/psoc creator/3.2/psoc creator/import/gnu/arm/4.8.4/bin/../lib/gcc/arm-none-eabi/4.8.4/../../../../arm-none-eabi/lib/armv7-m/crt0.o (exit)
c:/program files/cypress/psoc creator/3.2/psoc creator/import/gnu/arm/4.8.4/bin/../lib/gcc/arm-none-eabi/4.8.4/../../../../arm-none-eabi/lib/armv7-m\libc.a(lib_a-impure.o)
                              c:/program files/cypress/psoc creator/3.2/psoc creator/import/gnu/arm/4.8.4/bin/../lib/gcc/arm-none-eabi/4.8.4/../../../../arm-none-eabi/lib/armv7-m\libc.a(lib_a-exit.o) (_global_impure_ptr)
c:/program files/cypress/psoc creator/3.2/psoc creator/import/gnu/arm/4.8.4/bin/../lib/gcc/arm-none-eabi/4.8.4/../../../../arm-none-eabi/lib/armv7-m\libc.a(lib_a-init.o)
                              c:/program files/cypress/psoc creator/3.2/psoc creator/import/gnu/arm/4.8.4/bin/../lib/gcc/arm-none-eabi/4.8.4/../../../../arm-none-eabi/lib/armv7-m/crt0.o (__libc_init_array)
c:/program files/cypress/psoc creator/3.2/psoc creator/import/gnu/arm/4.8.4/bin/../lib/gcc/arm-none-eabi/4.8.4/../../../../arm-none-eabi/lib/armv7-m\libc.a(lib_a-memcpy.o)
                              .\ARM_GCC_484\Debug\WIFI_MicroWebServer.a(cyfitter_cfg.o) (memcpy)
c:/program files/cypress/psoc creator/3.2/psoc creator/import/gnu/arm/4.8.4/bin/../lib/gcc/arm-none-eabi/4.8.4/../../../../arm-none-eabi/lib/armv7-m\libc.a(lib_a-memset.o)
                              c:/program files/cypress/psoc creator/3.2/psoc creator/import/gnu/arm/4.8.4/bin/../lib/gcc/arm-none-eabi/4.8.4/../../../../arm-none-eabi/lib/armv7-m/crt0.o (memset)
c:/program files/cypress/psoc creator/3.2/psoc creator/import/gnu/arm/4.8.4/bin/../lib/gcc/arm-none-eabi/4.8.4/../../../../arm-none-eabi/lib/armv7-m\libc.a(lib_a-sprintf.o)
                              .\ARM_GCC_484\Debug\main.o (sprintf)
c:/program files/cypress/psoc creator/3.2/psoc creator/import/gnu/arm/4.8.4/bin/../lib/gcc/arm-none-eabi/4.8.4/../../../../arm-none-eabi/lib/armv7-m\libc.a(lib_a-strlen.o)
                              .\ARM_GCC_484\Debug\main.o (strlen)
c:/program files/cypress/psoc creator/3.2/psoc creator/import/gnu/arm/4.8.4/bin/../lib/gcc/arm-none-eabi/4.8.4/../../../../arm-none-eabi/lib/armv7-m\libc.a(lib_a-svfprintf.o)
                              c:/program files/cypress/psoc creator/3.2/psoc creator/import/gnu/arm/4.8.4/bin/../lib/gcc/arm-none-eabi/4.8.4/../../../../arm-none-eabi/lib/armv7-m\libc.a(lib_a-sprintf.o) (_svfprintf_r)
c:/program files/cypress/psoc creator/3.2/psoc creator/import/gnu/arm/4.8.4/bin/../lib/gcc/arm-none-eabi/4.8.4/../../../../arm-none-eabi/lib/armv7-m\libc.a(lib_a-__call_atexit.o)
                              c:/program files/cypress/psoc creator/3.2/psoc creator/import/gnu/arm/4.8.4/bin/../lib/gcc/arm-none-eabi/4.8.4/../../../../arm-none-eabi/lib/armv7-m\libc.a(lib_a-exit.o) (__call_exitprocs)
c:/program files/cypress/psoc creator/3.2/psoc creator/import/gnu/arm/4.8.4/bin/../lib/gcc/arm-none-eabi/4.8.4/../../../../arm-none-eabi/lib/armv7-m\libc.a(lib_a-atexit.o)
[...]
Memory Configuration

Name             Origin             Length             Attributes
rom              0x00000000         0x00040000         xr
ram              0x1fff8000         0x00010000         xrw
*default*        0x00000000         0xffffffff

Linker script and memory map

LOAD c:/program files/cypress/psoc creator/3.2/psoc creator/import/gnu/arm/4.8.4/bin/../lib/gcc/arm-none-eabi/4.8.4/armv7-m/crti.o
LOAD c:/program files/cypress/psoc creator/3.2/psoc creator/import/gnu/arm/4.8.4/bin/../lib/gcc/arm-none-eabi/4.8.4/armv7-m/crtbegin.o
LOAD c:/program files/cypress/psoc creator/3.2/psoc creator/import/gnu/arm/4.8.4/bin/../lib/gcc/arm-none-eabi/4.8.4/../../../../arm-none-eabi/lib/armv7-m/crt0.o
START GROUP
LOAD .\ARM_GCC_484\Debug\main.o
LOAD .\ARM_GCC_484\Debug\cymetadata.o
LOAD .\ARM_GCC_484\Debug\Cm3Start.o
LOAD .\ARM_GCC_484\Debug\WIFI_MicroWebServer.a
LOAD C:\Program Files\Cypress\PSoC Creator\3.2\PSoC Creator\psoc\content\cycomponentlibrary\CyComponentLibrary.cylib\CortexM3\ARM_GCC_484\Debug\CyComponentLibrary.a
END GROUP
LOAD c:/program files/cypress/psoc creator/3.2/psoc creator/import/gnu/arm/4.8.4/bin/../lib/gcc/arm-none-eabi/4.8.4/armv7-m/crtend.o
LOAD c:/program files/cypress/psoc creator/3.2/psoc creator/import/gnu/arm/4.8.4/bin/../lib/gcc/arm-none-eabi/4.8.4/armv7-m/crtn.o
START GROUP
LOAD c:/program files/cypress/psoc creator/3.2/psoc creator/import/gnu/arm/4.8.4/bin/../lib/gcc/arm-none-eabi/4.8.4/armv7-m\libgcc.a
LOAD c:/program files/cypress/psoc creator/3.2/psoc creator/import/gnu/arm/4.8.4/bin/../lib/gcc/arm-none-eabi/4.8.4/../../../../arm-none-eabi/lib/armv7-m\libc.a
LOAD c:/program files/cypress/psoc creator/3.2/psoc creator/import/gnu/arm/4.8.4/bin/../lib/gcc/arm-none-eabi/4.8.4/../../../../arm-none-eabi/lib/armv7-m\libnosys.a
END GROUP
                0x00000000                CY_APPL_ORIGIN = 0x0
                0x00000100                CY_FLASH_ROW_SIZE = 0x100
                0x00000020                CY_ECC_ROW_SIZE = 0x20
                0x00000000                CY_EE_IN_BTLDR = 0x0
                0x00000000                CY_APPL_LOADABLE = 0x0
                0x00000800                CY_EE_SIZE = 0x800
                0x00000001                CY_APPL_NUM = 0x1
                0x00000001                CY_APPL_MAX = 0x1
                0x00000040                CY_METADATA_SIZE = 0x40
                0x1fff8d10                PROVIDE (__cy_heap_start, _end)
                0x00000001                PROVIDE (__cy_region_num, ((__cy_regions_end - __cy_regions) / 0x10))
                0x20008000                PROVIDE (__cy_stack, (ORIGIN (ram) + 0x10000))
                0x20007800                PROVIDE (__cy_heap_end, (__cy_stack - 0x800))

.cybootloader   0x00000000        0x0
 *(.cybootloader)
                0x00000000                appl1_start = CY_APPL_ORIGIN?CY_APPL_ORIGIN:ALIGN (CY_FLASH_ROW_SIZE)
                0x0001ff00                appl2_start = (appl1_start + ALIGN ((((0x40000 - appl1_start) - (0x2 * CY_FLASH_ROW_SIZE)) / 0x2), CY_FLASH_ROW_SIZE))
                0x00000000                appl_start = (CY_APPL_NUM == 0x1)?appl1_start:appl2_start
                0x00000000                ecc_offset = ((appl_start / CY_FLASH_ROW_SIZE) * CY_ECC_ROW_SIZE)
                0x00000000                ee_offset = (CY_APPL_LOADABLE && ! (CY_EE_IN_BTLDR))?((CY_EE_SIZE / CY_APPL_MAX) * (CY_APPL_NUM - 0x1)):0x0
                0x00000800                ee_size = (CY_APPL_LOADABLE && ! (CY_EE_IN_BTLDR))?(CY_EE_SIZE / CY_APPL_MAX):CY_EE_SIZE
                0x00000000                PROVIDE (CY_ECC_OFFSET, ecc_offset)

.text           0x00000000     0x5e34
 CREATE_OBJECT_SYMBOLS
                0x00000000                PROVIDE (__cy_interrupt_vector, RomVectors)
 *(.romvectors)
 .romvectors    0x00000000       0x10 .\ARM_GCC_484\Debug\Cm3Start.o
                0x00000000                RomVectors
                0x00000001                ASSERT ((. != __cy_interrupt_vector), No interrupt vector)
                0x00000001                ASSERT (CY_APPL_ORIGIN?(SIZEOF (.cybootloader) <= CY_APPL_ORIGIN):0x1, Wrong image location)
                0x00000010                PROVIDE (__cy_reset, Reset)
 *(.text.Reset)
 .text.Reset    0x00000010       0x18 .\ARM_GCC_484\Debug\Cm3Start.o
                0x00000010                Reset
                0x00000001                ASSERT ((. != __cy_reset), No reset code)
 *(.dma_init)
                0x00000001                ASSERT ((((appl_start + .) <= 0x10000) || 0x1), DMA Init must be within the first 64k of flash)
 *(.text .text.* .gnu.linkonce.t.*)
 .text          0x00000028       0x54 c:/program files/cypress/psoc creator/3.2/psoc creator/import/gnu/arm/4.8.4/bin/../lib/gcc/arm-none-eabi/4.8.4/armv7-m/crtbegin.o
 .text.UART_ISR
                0x0000007c       0x18 .\ARM_GCC_484\Debug\main.o
                0x0000007c                UART_ISR
 .text.find     0x00000094       0x54 .\ARM_GCC_484\Debug\main.o
                0x00000094                find
 .text.connectWiFi
                0x000000e8       0x60 .\ARM_GCC_484\Debug\main.o
                0x000000e8                connectWiFi
 .text.http     0x00000148       0x48 .\ARM_GCC_484\Debug\main.o
                0x00000148                http
 .text.webserver
                0x00000190       0x4c .\ARM_GCC_484\Debug\main.o
                0x00000190                webserver
 .text.main     0x000001dc      0x1a8 .\ARM_GCC_484\Debug\main.o
                0x000001dc                main
 .text.IntDefaultHandler
                0x00000384        0x8 .\ARM_GCC_484\Debug\Cm3Start.o
                0x00000384                IntDefaultHandler
 .text.Start_c  0x0000038c       0x94 .\ARM_GCC_484\Debug\Cm3Start.o
                0x0000038c                Start_c
 .text.initialize_psoc
                0x00000420       0x8c .\ARM_GCC_484\Debug\Cm3Start.o
                0x00000420                initialize_psoc
 .text.CYMEMZERO
                0x000004ac       0x1c .\ARM_GCC_484\Debug\WIFI_MicroWebServer.a(cyfitter_cfg.o)
 .text.CYCONFIGCPY
                0x000004c8       0x1c .\ARM_GCC_484\Debug\WIFI_MicroWebServer.a(cyfitter_cfg.o)
 .text.CYCONFIGCPYCODE
                0x000004e4       0x1c .\ARM_GCC_484\Debug\WIFI_MicroWebServer.a(cyfitter_cfg.o)
 .text.CyClockStartupError
                0x00000500        0xc .\ARM_GCC_484\Debug\WIFI_MicroWebServer.a(cyfitter_cfg.o)
 .text.cfg_write_bytes32
                0x0000050c       0x74 .\ARM_GCC_484\Debug\WIFI_MicroWebServer.a(cyfitter_cfg.o)
 .text.ClockSetup
                0x00000580      0x100 .\ARM_GCC_484\Debug\WIFI_MicroWebServer.a(cyfitter_cfg.o)
 .text.AnalogSetDefault
                0x00000680       0x44 .\ARM_GCC_484\Debug\WIFI_MicroWebServer.a(cyfitter_cfg.o)
 .text.cyfitter_cfg
                0x000006c4      0x124 .\ARM_GCC_484\Debug\WIFI_MicroWebServer.a(cyfitter_cfg.o)
                0x000006c4                cyfitter_cfg
 .text.LCD_Char_Init
                0x000007e8       0x6c .\ARM_GCC_484\Debug\WIFI_MicroWebServer.a(LCD_Char.o)
                0x000007e8                LCD_Char_Init
 .text.LCD_Char_Enable
                0x00000854       0x18 .\ARM_GCC_484\Debug\WIFI_MicroWebServer.a(LCD_Char.o)
                0x00000854                LCD_Char_Enable
 .text.LCD_Char_Start
                0x0000086c       0x20 .\ARM_GCC_484\Debug\WIFI_MicroWebServer.a(LCD_Char.o)
                0x0000086c                LCD_Char_Start
 .text.LCD_Char_Position
                0x0000088c       0x6c .\ARM_GCC_484\Debug\WIFI_MicroWebServer.a(LCD_Char.o)
                0x0000088c                LCD_Char_Position
 .text.LCD_Char_PrintString
                0x000008f8       0x38 .\ARM_GCC_484\Debug\WIFI_MicroWebServer.a(LCD_Char.o)
                0x000008f8                LCD_Char_PrintString
 .text.LCD_Char_WriteData
                0x00000930       0x34 .\ARM_GCC_484\Debug\WIFI_MicroWebServer.a(LCD_Char.o)
                0x00000930                LCD_Char_WriteData
 .text.LCD_Char_WriteControl
                0x00000964       0x34 .\ARM_GCC_484\Debug\WIFI_MicroWebServer.a(LCD_Char.o)
                0x00000964                LCD_Char_WriteControl
 .text.LCD_Char_IsReady
                0x00000998      0x158 .\ARM_GCC_484\Debug\WIFI_MicroWebServer.a(LCD_Char.o)
                0x00000998                LCD_Char_IsReady
 .text.LCD_Char_WrDatNib
                0x00000af0       0x78 .\ARM_GCC_484\Debug\WIFI_MicroWebServer.a(LCD_Char.o)
 .text.LCD_Char_WrCntrlNib
                0x00000b68       0x60 .\ARM_GCC_484\Debug\WIFI_MicroWebServer.a(LCD_Char.o)
 .text.UART_Start
                0x00000bc8       0x20 .\ARM_GCC_484\Debug\WIFI_MicroWebServer.a(UART.o)
                0x00000bc8                UART_Start
 .text.UART_Init
                0x00000be8       0x60 .\ARM_GCC_484\Debug\WIFI_MicroWebServer.a(UART.o)
                0x00000be8                UART_Init
 .text.UART_Enable
                0x00000c48       0x6c .\ARM_GCC_484\Debug\WIFI_MicroWebServer.a(UART.o)
                0x00000c48                UART_Enable
 .text.UART_EnableRxInt
                0x00000cb4       0x18 .\ARM_GCC_484\Debug\WIFI_MicroWebServer.a(UART.o)
                0x00000cb4                UART_EnableRxInt
 .text.UART_DisableRxInt
                0x00000ccc       0x18 .\ARM_GCC_484\Debug\WIFI_MicroWebServer.a(UART.o)
                0x00000ccc                UART_DisableRxInt
 .text.UART_ReadRxData
                0x00000ce4       0x84 .\ARM_GCC_484\Debug\WIFI_MicroWebServer.a(UART.o)
                0x00000ce4                UART_ReadRxData
 .text.UART_GetChar
                0x00000d68       0xa8 .\ARM_GCC_484\Debug\WIFI_MicroWebServer.a(UART.o)
                0x00000d68                UART_GetChar
 .text.UART_GetRxBufferSize
                0x00000e10       0x80 .\ARM_GCC_484\Debug\WIFI_MicroWebServer.a(UART.o)
                0x00000e10                UART_GetRxBufferSize
 .text.UART_ClearRxBuffer
                0x00000e90       0x70 .\ARM_GCC_484\Debug\WIFI_MicroWebServer.a(UART.o)
                0x00000e90                UART_ClearRxBuffer
 .text.UART_PutChar
                0x00000f00       0xa0 .\ARM_GCC_484\Debug\WIFI_MicroWebServer.a(UART.o)
                0x00000f00                UART_PutChar
 .text.UART_PutString
                0x00000fa0       0x40 .\ARM_GCC_484\Debug\WIFI_MicroWebServer.a(UART.o)
                0x00000fa0                UART_PutString
 .text.UART_RXISR
                0x00000fe0       0xa8 .\ARM_GCC_484\Debug\WIFI_MicroWebServer.a(UART_INT.o)
                0x00000fe0                UART_RXISR
 .text.UART_TXISR
                0x00001088       0x6c .\ARM_GCC_484\Debug\WIFI_MicroWebServer.a(UART_INT.o)
                0x00001088                UART_TXISR
 .text.isr_UART_StartEx
                0x000010f4       0x24 .\ARM_GCC_484\Debug\WIFI_MicroWebServer.a(isr_UART.o)
                0x000010f4                isr_UART_StartEx
 .text.isr_UART_SetVector
                0x00001118       0x24 .\ARM_GCC_484\Debug\WIFI_MicroWebServer.a(isr_UART.o)
                0x00001118                isr_UART_SetVector
 .text.isr_UART_SetPriority
                0x0000113c       0x24 .\ARM_GCC_484\Debug\WIFI_MicroWebServer.a(isr_UART.o)
                0x0000113c                isr_UART_SetPriority
 .text.isr_UART_Enable
                0x00001160       0x18 .\ARM_GCC_484\Debug\WIFI_MicroWebServer.a(isr_UART.o)
                0x00001160                isr_UART_Enable
 .text.isr_UART_Disable
                0x00001178       0x18 .\ARM_GCC_484\Debug\WIFI_MicroWebServer.a(isr_UART.o)
                0x00001178                isr_UART_Disable
 .text.UART_IntClock_Start
                0x00001190       0x34 .\ARM_GCC_484\Debug\WIFI_MicroWebServer.a(UART_IntClock.o)
                0x00001190                UART_IntClock_Start
 *fill*         0x000011c4        0x4 
 .text          0x000011c8       0x28 .\ARM_GCC_484\Debug\WIFI_MicroWebServer.a(CyBootAsmGnu.o)
                0x000011c8                CyDelayCycles
                0x000011dc                CyEnterCriticalSection
                0x000011e4                CyExitCriticalSection
 .text.CyHalt   0x000011f0       0x18 .\ARM_GCC_484\Debug\WIFI_MicroWebServer.a(CyLib.o)
                0x000011f0                CyHalt
 .text.CyDelay  0x00001208       0x44 .\ARM_GCC_484\Debug\WIFI_MicroWebServer.a(CyLib.o)
                0x00001208                CyDelay
 .text.CyDelayUs
                0x0000124c       0x24 .\ARM_GCC_484\Debug\WIFI_MicroWebServer.a(CyLib.o)
                0x0000124c                CyDelayUs
 .text.CyIntSetVector
                0x00001270       0x50 .\ARM_GCC_484\Debug\WIFI_MicroWebServer.a(CyLib.o)
                0x00001270                CyIntSetVector
 .text.CyIntSetPriority
                0x000012c0       0x44 .\ARM_GCC_484\Debug\WIFI_MicroWebServer.a(CyLib.o)
                0x000012c0                CyIntSetPriority
 .text.__libc_init_array
                0x00001304       0x50 c:/program files/cypress/psoc creator/3.2/psoc creator/import/gnu/arm/4.8.4/bin/../lib/gcc/arm-none-eabi/4.8.4/../../../../arm-none-eabi/lib/armv7-m\libc.a(lib_a-init.o)
                0x00001304                __libc_init_array
 .text          0x00001354       0xec c:/program files/cypress/psoc creator/3.2/psoc creator/import/gnu/arm/4.8.4/bin/../lib/gcc/arm-none-eabi/4.8.4/../../../../arm-none-eabi/lib/armv7-m\libc.a(lib_a-memcpy.o)
                0x00001354                memcpy
 .text.memset   0x00001440       0x94 c:/program files/cypress/psoc creator/3.2/psoc creator/import/gnu/arm/4.8.4/bin/../lib/gcc/arm-none-eabi/4.8.4/../../../../arm-none-eabi/lib/armv7-m\libc.a(lib_a-memset.o)
                0x00001440                memset
 .text.sprintf  0x000014d4       0x4c c:/program files/cypress/psoc creator/3.2/psoc creator/import/gnu/arm/4.8.4/bin/../lib/gcc/arm-none-eabi/4.8.4/../../../../arm-none-eabi/lib/armv7-m\libc.a(lib_a-sprintf.o)
                0x000014d4                sprintf
 .text.strlen   0x00001520       0x60 c:/program files/cypress/psoc creator/3.2/psoc creator/import/gnu/arm/4.8.4/bin/../lib/gcc/arm-none-eabi/4.8.4/../../../../arm-none-eabi/lib/armv7-m\libc.a(lib_a-strlen.o)
                0x00001520                strlen
 .text._svfprintf_r
                0x00001580     0x14e0 c:/program files/cypress/psoc creator/3.2/psoc creator/import/gnu/arm/4.8.4/bin/../lib/gcc/arm-none-eabi/4.8.4/../../../../arm-none-eabi/lib/armv7-m\libc.a(lib_a-svfprintf.o)
                0x00001580                _svfprintf_r
 .text.startup.register_fini
                0x00002a60       0x14 c:/program files/cypress/psoc creator/3.2/psoc creator/import/gnu/arm/4.8.4/bin/../lib/gcc/arm-none-eabi/4.8.4/../../../../arm-none-eabi/lib/armv7-m\libc.a(lib_a-__call_atexit.o)
 .text.atexit   0x00002a74        0xc c:/program files/cypress/psoc creator/3.2/psoc creator/import/gnu/arm/4.8.4/bin/../lib/gcc/arm-none-eabi/4.8.4/../../../../arm-none-eabi/lib/armv7-m\libc.a(lib_a-atexit.o)
                0x00002a74                atexit
 .text.quorem   0x00002a80      0x134 c:/program files/cypress/psoc creator/3.2/psoc creator/import/gnu/arm/4.8.4/bin/../lib/gcc/arm-none-eabi/4.8.4/../../../../arm-none-eabi/lib/armv7-m\libc.a(lib_a-dtoa.o)
 *fill*         0x00002bb4        0x4 
 .text._dtoa_r  0x00002bb8      0xe38 c:/program files/cypress/psoc creator/3.2/psoc creator/import/gnu/arm/4.8.4/bin/../lib/gcc/arm-none-eabi/4.8.4/../../../../arm-none-eabi/lib/armv7-m\libc.a(lib_a-dtoa.o)
                0x00002bb8                _dtoa_r
 .text.__libc_fini_array
                0x000039f0       0x30 c:/program files/cypress/psoc creator/3.2/psoc creator/import/gnu/arm/4.8.4/bin/../lib/gcc/arm-none-eabi/4.8.4/../../../../arm-none-eabi/lib/armv7-m\libc.a(lib_a-fini.o)
                0x000039f0                __libc_fini_array
 .text._localeconv_r
                0x00003a20        0x8 c:/program files/cypress/psoc creator/3.2/psoc creator/import/gnu/arm/4.8.4/bin/../lib/gcc/arm-none-eabi/4.8.4/../../../../arm-none-eabi/lib/armv7-m\libc.a(lib_a-locale.o)
                0x00003a20                _localeconv_r
 .text._malloc_r
                0x00003a28      0x538 c:/program files/cypress/psoc creator/3.2/psoc creator/import/gnu/arm/4.8.4/bin/../lib/gcc/arm-none-eabi/4.8.4/../../../../arm-none-eabi/lib/armv7-m\libc.a(lib_a-mallocr.o)
                0x00003a28                _malloc_r
 .text.memchr   0x00003f60       0x94 c:/program files/cypress/psoc creator/3.2/psoc creator/import/gnu/arm/4.8.4/bin/../lib/gcc/arm-none-eabi/4.8.4/../../../../arm-none-eabi/lib/armv7-m\libc.a(lib_a-memchr-stub.o)
                0x00003f60                memchr
 .text.__malloc_lock
                0x00003ff4        0x4 c:/program files/cypress/psoc creator/3.2/psoc creator/import/gnu/arm/4.8.4/bin/../lib/gcc/arm-none-eabi/4.8.4/../../../../arm-none-eabi/lib/armv7-m\libc.a(lib_a-mlock.o)
                0x00003ff4                __malloc_lock
 .text.__malloc_unlock
                0x00003ff8        0x4 c:/program files/cypress/psoc creator/3.2/psoc creator/import/gnu/arm/4.8.4/bin/../lib/gcc/arm-none-eabi/4.8.4/../../../../arm-none-eabi/lib/armv7-m\libc.a(lib_a-mlock.o)
                0x00003ff8                __malloc_unlock
 .text._Balloc  0x00003ffc       0x4c c:/program files/cypress/psoc creator/3.2/psoc creator/import/gnu/arm/4.8.4/bin/../lib/gcc/arm-none-eabi/4.8.4/../../../../arm-none-eabi/lib/armv7-m\libc.a(lib_a-mprec.o)
                0x00003ffc                _Balloc
 .text._Bfree   0x00004048       0x14 c:/program files/cypress/psoc creator/3.2/psoc creator/import/gnu/arm/4.8.4/bin/../lib/gcc/arm-none-eabi/4.8.4/../../../../arm-none-eabi/lib/armv7-m\libc.a(lib_a-mprec.o)
                0x00004048                _Bfree
 .text.__multadd
                0x0000405c       0x94 c:/program files/cypress/psoc creator/3.2/psoc creator/import/gnu/arm/4.8.4/bin/../lib/gcc/arm-none-eabi/4.8.4/../../../../arm-none-eabi/lib/armv7-m\libc.a(lib_a-mprec.o)
                0x0000405c                __multadd
 .text.__hi0bits
                0x000040f0       0x40 c:/program files/cypress/psoc creator/3.2/psoc creator/import/gnu/arm/4.8.4/bin/../lib/gcc/arm-none-eabi/4.8.4/../../../../arm-none-eabi/lib/armv7-m\libc.a(lib_a-mprec.o)
                0x000040f0                __hi0bits
 .text.__lo0bits
                0x00004130       0x5c c:/program files/cypress/psoc creator/3.2/psoc creator/import/gnu/arm/4.8.4/bin/../lib/gcc/arm-none-eabi/4.8.4/../../../../arm-none-eabi/lib/armv7-m\libc.a(lib_a-mprec.o)
                0x00004130                __lo0bits
 .text.__i2b    0x0000418c       0x14 c:/program files/cypress/psoc creator/3.2/psoc creator/import/gnu/arm/4.8.4/bin/../lib/gcc/arm-none-eabi/4.8.4/../../../../arm-none-eabi/lib/armv7-m\libc.a(lib_a-mprec.o)
                0x0000418c                __i2b
 .text.__multiply
                0x000041a0      0x13c c:/program files/cypress/psoc creator/3.2/psoc creator/import/gnu/arm/4.8.4/bin/../lib/gcc/arm-none-eabi/4.8.4/../../../../arm-none-eabi/lib/armv7-m\libc.a(lib_a-mprec.o)
                0x000041a0                __multiply
 .text.__pow5mult
                0x000042dc       0x9c c:/program files/cypress/psoc creator/3.2/psoc creator/import/gnu/arm/4.8.4/bin/../lib/gcc/arm-none-eabi/4.8.4/../../../../arm-none-eabi/lib/armv7-m\libc.a(lib_a-mprec.o)
                0x000042dc                __pow5mult
 .text.__lshift
                0x00004378       0xbc c:/program files/cypress/psoc creator/3.2/psoc creator/import/gnu/arm/4.8.4/bin/../lib/gcc/arm-none-eabi/4.8.4/../../../../arm-none-eabi/lib/armv7-m\libc.a(lib_a-mprec.o)
                0x00004378                __lshift
 .text.__mcmp   0x00004434       0x48 c:/program files/cypress/psoc creator/3.2/psoc creator/import/gnu/arm/4.8.4/bin/../lib/gcc/arm-none-eabi/4.8.4/../../../../arm-none-eabi/lib/armv7-m\libc.a(lib_a-mprec.o)
                0x00004434                __mcmp
 .text.__mdiff  0x0000447c       0xd8 c:/program files/cypress/psoc creator/3.2/psoc creator/import/gnu/arm/4.8.4/bin/../lib/gcc/arm-none-eabi/4.8.4/../../../../arm-none-eabi/lib/armv7-m\libc.a(lib_a-mprec.o)
                0x0000447c                __mdiff
 .text.__d2b    0x00004554       0xbc c:/program files/cypress/psoc creator/3.2/psoc creator/import/gnu/arm/4.8.4/bin/../lib/gcc/arm-none-eabi/4.8.4/../../../../arm-none-eabi/lib/armv7-m\libc.a(lib_a-mprec.o)
                0x00004554                __d2b
 .text.__fpclassifyd
                0x00004610       0x50 c:/program files/cypress/psoc creator/3.2/psoc creator/import/gnu/arm/4.8.4/bin/../lib/gcc/arm-none-eabi/4.8.4/../../../../arm-none-eabi/lib/armv7-m\libc.a(lib_a-s_fpclassify.o)
                0x00004610                __fpclassifyd
 .text._sbrk_r  0x00004660       0x24 c:/program files/cypress/psoc creator/3.2/psoc creator/import/gnu/arm/4.8.4/bin/../lib/gcc/arm-none-eabi/4.8.4/../../../../arm-none-eabi/lib/armv7-m\libc.a(lib_a-sbrkr.o)
                0x00004660                _sbrk_r
 .text.__ssprint_r
                0x00004684      0x100 c:/program files/cypress/psoc creator/3.2/psoc creator/import/gnu/arm/4.8.4/bin/../lib/gcc/arm-none-eabi/4.8.4/../../../../arm-none-eabi/lib/armv7-m\libc.a(lib_a-svfiprintf.o)
                0x00004684                __ssprint_r
 .text.__register_exitproc
                0x00004784       0xa8 c:/program files/cypress/psoc creator/3.2/psoc creator/import/gnu/arm/4.8.4/bin/../lib/gcc/arm-none-eabi/4.8.4/../../../../arm-none-eabi/lib/armv7-m\libc.a(lib_a-__atexit.o)
                0x00004784                __register_exitproc
 .text._calloc_r
                0x0000482c       0x60 c:/program files/cypress/psoc creator/3.2/psoc creator/import/gnu/arm/4.8.4/bin/../lib/gcc/arm-none-eabi/4.8.4/../../../../arm-none-eabi/lib/armv7-m\libc.a(lib_a-callocr.o)
                0x0000482c                _calloc_r
 .text._malloc_trim_r
                0x0000488c       0x9c c:/program files/cypress/psoc creator/3.2/psoc creator/import/gnu/arm/4.8.4/bin/../lib/gcc/arm-none-eabi/4.8.4/../../../../arm-none-eabi/lib/armv7-m\libc.a(lib_a-freer.o)
                0x0000488c                _malloc_trim_r
 .text._free_r  0x00004928      0x198 c:/program files/cypress/psoc creator/3.2/psoc creator/import/gnu/arm/4.8.4/bin/../lib/gcc/arm-none-eabi/4.8.4/../../../../arm-none-eabi/lib/armv7-m\libc.a(lib_a-freer.o)
                0x00004928                _free_r
 .text.memmove  0x00004ac0       0xcc c:/program files/cypress/psoc creator/3.2/psoc creator/import/gnu/arm/4.8.4/bin/../lib/gcc/arm-none-eabi/4.8.4/../../../../arm-none-eabi/lib/armv7-m\libc.a(lib_a-memmove.o)
                0x00004ac0                memmove
 .text._realloc_r
                0x00004b8c      0x3c0 c:/program files/cypress/psoc creator/3.2/psoc creator/import/gnu/arm/4.8.4/bin/../lib/gcc/arm-none-eabi/4.8.4/../../../../arm-none-eabi/lib/armv7-m\libc.a(lib_a-reallocr.o)
                0x00004b8c                _realloc_r
 .text._sbrk    0x00004f4c       0x34 c:/program files/cypress/psoc creator/3.2/psoc creator/import/gnu/arm/4.8.4/bin/../lib/gcc/arm-none-eabi/4.8.4/../../../../arm-none-eabi/lib/armv7-m\libnosys.a(sbrk.o)
                0x00004f4c                _sbrk
 .text          0x00004f80      0x370 c:/program files/cypress/psoc creator/3.2/psoc creator/import/gnu/arm/4.8.4/bin/../lib/gcc/arm-none-eabi/4.8.4/armv7-m\libgcc.a(_arm_addsubdf3.o)
                0x00004f80                __aeabi_drsub
                0x00004f88                __aeabi_dsub
                0x00004f88                __subdf3
                0x00004f8c                __aeabi_dadd
                0x00004f8c                __adddf3
                0x00005204                __floatunsidf
                0x00005204                __aeabi_ui2d
                0x00005224                __floatsidf
                0x00005224                __aeabi_i2d
                0x00005248                __aeabi_f2d
                0x00005248                __extendsfdf2
                0x00005284                __floatundidf
                0x00005284                __aeabi_ul2d
                0x00005294                __floatdidf
                0x00005294                __aeabi_l2d
 .text          0x000052f0      0x424 c:/program files/cypress/psoc creator/3.2/psoc creator/import/gnu/arm/4.8.4/bin/../lib/gcc/arm-none-eabi/4.8.4/armv7-m\libgcc.a(_arm_muldivdf3.o)
                0x000052f0                __aeabi_dmul
                0x000052f0                __muldf3
                0x00005544                __divdf3
                0x00005544                __aeabi_ddiv
 .text          0x00005714      0x110 c:/program files/cypress/psoc creator/3.2/psoc creator/import/gnu/arm/4.8.4/bin/../lib/gcc/arm-none-eabi/4.8.4/armv7-m\libgcc.a(_arm_cmpdf2.o)
                0x00005714                __gtdf2
                0x00005714                __gedf2
                0x0000571c                __ltdf2
                0x0000571c                __ledf2
                0x00005724                __nedf2
                0x00005724                __eqdf2
                0x00005724                __cmpdf2
                0x000057a0                __aeabi_cdrcmple
                0x000057b0                __aeabi_cdcmpeq
                0x000057b0                __aeabi_cdcmple
                0x000057c0                __aeabi_dcmpeq
                0x000057d4                __aeabi_dcmplt
                0x000057e8                __aeabi_dcmple
                0x000057fc                __aeabi_dcmpge
                0x00005810                __aeabi_dcmpgt
 .text          0x00005824       0x50 c:/program files/cypress/psoc creator/3.2/psoc creator/import/gnu/arm/4.8.4/bin/../lib/gcc/arm-none-eabi/4.8.4/armv7-m\libgcc.a(_arm_fixdfsi.o)
                0x00005824                __aeabi_d2iz
                0x00005824                __fixdfsi
 .text          0x00005874       0x2c c:/program files/cypress/psoc creator/3.2/psoc creator/import/gnu/arm/4.8.4/bin/../lib/gcc/arm-none-eabi/4.8.4/armv7-m\libgcc.a(_aeabi_uldivmod.o)
                0x00005874                __aeabi_uldivmod
 .text          0x000058a0       0x60 c:/program files/cypress/psoc creator/3.2/psoc creator/import/gnu/arm/4.8.4/bin/../lib/gcc/arm-none-eabi/4.8.4/armv7-m\libgcc.a(bpabi.o)
                0x000058a0                __gnu_ldivmod_helper
                0x000058d0                __gnu_uldivmod_helper
 .text          0x00005900        0x4 c:/program files/cypress/psoc creator/3.2/psoc creator/import/gnu/arm/4.8.4/bin/../lib/gcc/arm-none-eabi/4.8.4/armv7-m\libgcc.a(_dvmd_tls.o)
                0x00005900                __aeabi_idiv0
                0x00005900                __aeabi_ldiv0
 .text          0x00005904      0x2a0 c:/program files/cypress/psoc creator/3.2/psoc creator/import/gnu/arm/4.8.4/bin/../lib/gcc/arm-none-eabi/4.8.4/armv7-m\libgcc.a(_divdi3.o)
                0x00005904                __divdi3
 .text          0x00005ba4      0x290 c:/program files/cypress/psoc creator/3.2/psoc creator/import/gnu/arm/4.8.4/bin/../lib/gcc/arm-none-eabi/4.8.4/armv7-m\libgcc.a(_udivdi3.o)
                0x00005ba4                __udivdi3
 *(.plt)
 *(.gnu.warning)
 *(.glue_7t)
 .glue_7t       0x00000000        0x0 linker stubs
 *(.glue_7)
 .glue_7        0x00000000        0x0 linker stubs
 *(.vfp11_veneer)
 .vfp11_veneer  0x00000000        0x0 linker stubs
 *(.bootloader)
 *(.ARM.extab* .gnu.linkonce.armextab.*)
 *(.gcc_except_table)

.v4_bx          0x00005e34        0x0
 .v4_bx         0x00000000        0x0 linker stubs

.iplt           0x00005e34        0x0
 .iplt          0x00000000        0x0 c:/program files/cypress/psoc creator/3.2/psoc creator/import/gnu/arm/4.8.4/bin/../lib/gcc/arm-none-eabi/4.8.4/armv7-m/crtbegin.o

.eh_frame_hdr
 *(.eh_frame_hdr)

.eh_frame       0x00005e34        0x4
 *(.eh_frame)
 .eh_frame      0x00005e34        0x0 c:/program files/cypress/psoc creator/3.2/psoc creator/import/gnu/arm/4.8.4/bin/../lib/gcc/arm-none-eabi/4.8.4/armv7-m/crtbegin.o
 .eh_frame      0x00005e34        0x4 c:/program files/cypress/psoc creator/3.2/psoc creator/import/gnu/arm/4.8.4/bin/../lib/gcc/arm-none-eabi/4.8.4/armv7-m/crtend.o
                0x00005e38                PROVIDE (__exidx_start, .)

.ARM.exidx      0x00005e38        0x8
 *(.ARM.exidx* .gnu.linkonce.armexidx.*)
 .ARM.exidx     0x00005e38        0x8 c:/program files/cypress/psoc creator/3.2/psoc creator/import/gnu/arm/4.8.4/bin/../lib/gcc/arm-none-eabi/4.8.4/armv7-m\libgcc.a(_divdi3.o)
 .ARM.exidx     0x00005e40        0x0 c:/program files/cypress/psoc creator/3.2/psoc creator/import/gnu/arm/4.8.4/bin/../lib/gcc/arm-none-eabi/4.8.4/armv7-m\libgcc.a(_udivdi3.o)
                                  0x8 (size before relaxing)
                0x00005e40                __exidx_end = .

.rodata         0x00005e40      0x7b8
 *(.rodata .rodata.* .gnu.linkonce.r.*)
 .rodata        0x00005e40      0x1a4 .\ARM_GCC_484\Debug\main.o
 .rodata        0x00005fe4      0x454 .\ARM_GCC_484\Debug\WIFI_MicroWebServer.a(cyfitter_cfg.o)
 .rodata.str1.4
                0x00006438        0x2 c:/program files/cypress/psoc creator/3.2/psoc creator/import/gnu/arm/4.8.4/bin/../lib/gcc/arm-none-eabi/4.8.4/../../../../arm-none-eabi/lib/armv7-m\libc.a(lib_a-impure.o)
                                  0x4 (size before relaxing)
 *fill*         0x0000643a        0x2 
 .rodata._global_impure_ptr
                0x0000643c        0x4 c:/program files/cypress/psoc creator/3.2/psoc creator/import/gnu/arm/4.8.4/bin/../lib/gcc/arm-none-eabi/4.8.4/../../../../arm-none-eabi/lib/armv7-m\libc.a(lib_a-impure.o)
                0x0000643c                _global_impure_ptr
 .rodata.zeroes.6763
                0x00006440       0x10 c:/program files/cypress/psoc creator/3.2/psoc creator/import/gnu/arm/4.8.4/bin/../lib/gcc/arm-none-eabi/4.8.4/../../../../arm-none-eabi/lib/armv7-m\libc.a(lib_a-svfprintf.o)
 .rodata.str1.4
                0x00006450       0x42 c:/program files/cypress/psoc creator/3.2/psoc creator/import/gnu/arm/4.8.4/bin/../lib/gcc/arm-none-eabi/4.8.4/../../../../arm-none-eabi/lib/armv7-m\libc.a(lib_a-svfprintf.o)
                                 0x44 (size before relaxing)
 *fill*         0x00006492        0x2 
 .rodata.blanks.6762
                0x00006494       0x10 c:/program files/cypress/psoc creator/3.2/psoc creator/import/gnu/arm/4.8.4/bin/../lib/gcc/arm-none-eabi/4.8.4/../../../../arm-none-eabi/lib/armv7-m\libc.a(lib_a-svfprintf.o)
 .rodata.str1.4
                0x000064a4       0x10 c:/program files/cypress/psoc creator/3.2/psoc creator/import/gnu/arm/4.8.4/bin/../lib/gcc/arm-none-eabi/4.8.4/../../../../arm-none-eabi/lib/armv7-m\libc.a(lib_a-dtoa.o)
                                 0x14 (size before relaxing)
 .rodata.str1.4
                0x000064b4        0xc c:/program files/cypress/psoc creator/3.2/psoc creator/import/gnu/arm/4.8.4/bin/../lib/gcc/arm-none-eabi/4.8.4/../../../../arm-none-eabi/lib/armv7-m\libc.a(lib_a-locale.o)
                                 0x14 (size before relaxing)
 .rodata.__mprec_tens
                0x000064c0       0xc8 c:/program files/cypress/psoc creator/3.2/psoc creator/import/gnu/arm/4.8.4/bin/../lib/gcc/arm-none-eabi/4.8.4/../../../../arm-none-eabi/lib/armv7-m\libc.a(lib_a-mprec.o)
                0x000064c0                __mprec_tens
 .rodata.__mprec_bigtens
                0x00006588       0x28 c:/program files/cypress/psoc creator/3.2/psoc creator/import/gnu/arm/4.8.4/bin/../lib/gcc/arm-none-eabi/4.8.4/../../../../arm-none-eabi/lib/armv7-m\libc.a(lib_a-mprec.o)
                0x00006588                __mprec_bigtens
 .rodata.p05.5269
                0x000065b0        0xc c:/program files/cypress/psoc creator/3.2/psoc creator/import/gnu/arm/4.8.4/bin/../lib/gcc/arm-none-eabi/4.8.4/../../../../arm-none-eabi/lib/armv7-m\libc.a(lib_a-mprec.o)
                0x000065bc                . = ALIGN (0x4)
 *(.init)
 .init          0x000065bc        0x4 c:/program files/cypress/psoc creator/3.2/psoc creator/import/gnu/arm/4.8.4/bin/../lib/gcc/arm-none-eabi/4.8.4/armv7-m/crti.o
                0x000065bc                _init
 .init          0x000065c0        0x8 c:/program files/cypress/psoc creator/3.2/psoc creator/import/gnu/arm/4.8.4/bin/../lib/gcc/arm-none-eabi/4.8.4/armv7-m/crtn.o
                0x000065c8                . = ALIGN (0x4)
                0x000065c8                __preinit_array_start = .
 *(.preinit_array)
                0x000065c8                __preinit_array_end = .
                0x000065c8                . = ALIGN (0x4)
                0x000065c8                __init_array_start = .
 *(SORT(.init_array.*))
 .init_array.00000
                0x000065c8        0x4 c:/program files/cypress/psoc creator/3.2/psoc creator/import/gnu/arm/4.8.4/bin/../lib/gcc/arm-none-eabi/4.8.4/../../../../arm-none-eabi/lib/armv7-m\libc.a(lib_a-__call_atexit.o)
 *(.init_array)
 .init_array    0x000065cc        0x4 c:/program files/cypress/psoc creator/3.2/psoc creator/import/gnu/arm/4.8.4/bin/../lib/gcc/arm-none-eabi/4.8.4/armv7-m/crtbegin.o
 .init_array    0x000065d0        0x4 .\ARM_GCC_484\Debug\Cm3Start.o
                0x000065d4                __init_array_end = .
                0x000065d4                . = ALIGN (0x4)
 *(.fini)
 .fini          0x000065d4        0x4 c:/program files/cypress/psoc creator/3.2/psoc creator/import/gnu/arm/4.8.4/bin/../lib/gcc/arm-none-eabi/4.8.4/armv7-m/crti.o
                0x000065d4                _fini
 .fini          0x000065d8        0x8 c:/program files/cypress/psoc creator/3.2/psoc creator/import/gnu/arm/4.8.4/bin/../lib/gcc/arm-none-eabi/4.8.4/armv7-m/crtn.o
                0x000065e0                . = ALIGN (0x4)
                0x000065e0                __fini_array_start = .
 *(.fini_array)
 .fini_array    0x000065e0        0x4 c:/program files/cypress/psoc creator/3.2/psoc creator/import/gnu/arm/4.8.4/bin/../lib/gcc/arm-none-eabi/4.8.4/armv7-m/crtbegin.o
 *(SORT(.fini_array.*))
                0x000065e4                __fini_array_end = .
                0x000065e4                . = ALIGN (0x4)
 *crtbegin.o(.ctors)
 *(EXCLUDE_FILE(*crtend.o) .ctors)
 *(SORT(.ctors.*))
 *crtend.o(.ctors)
                0x000065e4                . = ALIGN (0x4)
 *crtbegin.o(.dtors)
 *(EXCLUDE_FILE(*crtend.o) .dtors)
 *(SORT(.dtors.*))
 *crtend.o(.dtors)
                0x000065e4                . = ALIGN (0x4)
                0x000065e4                __cy_regions = .
                0x000065e4        0x4 LONG 0x65f8 __cy_region_init_ram
                0x000065e8        0x4 LONG 0x1fff8108 __cy_region_start_data
                0x000065ec        0x4 LONG 0x890 __cy_region_init_size_ram
                0x000065f0        0x4 LONG 0x378 __cy_region_zero_size_ram
                0x000065f4                __cy_regions_end = .
                0x000065f8                . = ALIGN (0x8)
 *fill*         0x000065f4        0x4 
                0x000065f8                _etext = .

.ramvectors     0x1fff8000      0x100
                0x1fff8000                __cy_region_start_ram = .
 *(.ramvectors)
 .ramvectors    0x1fff8000      0x100 .\ARM_GCC_484\Debug\Cm3Start.o
                0x1fff8000                CyRamVectors

.noinit         0x1fff8100        0x5
 *(.noinit)
 .noinit        0x1fff8100        0x4 .\ARM_GCC_484\Debug\Cm3Start.o
 .noinit        0x1fff8104        0x1 .\ARM_GCC_484\Debug\WIFI_MicroWebServer.a(CyLib.o)
                0x1fff8104                CyResetStatus

.data           0x1fff8108      0x890 load address 0x000065f8
                0x1fff8108                __cy_region_start_data = .
 *(.jcr)
 .jcr           0x1fff8108        0x0 c:/program files/cypress/psoc creator/3.2/psoc creator/import/gnu/arm/4.8.4/bin/../lib/gcc/arm-none-eabi/4.8.4/armv7-m/crtbegin.o
 .jcr           0x1fff8108        0x4 c:/program files/cypress/psoc creator/3.2/psoc creator/import/gnu/arm/4.8.4/bin/../lib/gcc/arm-none-eabi/4.8.4/armv7-m/crtend.o
 *(.got.plt)
 *(.got)
 *(.shdata)
 *(.data .data.* .gnu.linkonce.d.*)
 .data          0x1fff810c       0x10 .\ARM_GCC_484\Debug\WIFI_MicroWebServer.a(CyLib.o)
                0x1fff810c                cydelay_freq_hz
                0x1fff8110                cydelay_freq_khz
                0x1fff8114                cydelay_freq_mhz
                0x1fff8118                cydelay_32k_ms
 *fill*         0x1fff811c        0x4 
 .data.impure_data
                0x1fff8120      0x428 c:/program files/cypress/psoc creator/3.2/psoc creator/import/gnu/arm/4.8.4/bin/../lib/gcc/arm-none-eabi/4.8.4/../../../../arm-none-eabi/lib/armv7-m\libc.a(lib_a-impure.o)
 .data._impure_ptr
                0x1fff8548        0x4 c:/program files/cypress/psoc creator/3.2/psoc creator/import/gnu/arm/4.8.4/bin/../lib/gcc/arm-none-eabi/4.8.4/../../../../arm-none-eabi/lib/armv7-m\libc.a(lib_a-impure.o)
                0x1fff8548                _impure_ptr
 .data.lconv    0x1fff854c       0x38 c:/program files/cypress/psoc creator/3.2/psoc creator/import/gnu/arm/4.8.4/bin/../lib/gcc/arm-none-eabi/4.8.4/../../../../arm-none-eabi/lib/armv7-m\libc.a(lib_a-locale.o)
 .data.__malloc_av_
                0x1fff8584      0x408 c:/program files/cypress/psoc creator/3.2/psoc creator/import/gnu/arm/4.8.4/bin/../lib/gcc/arm-none-eabi/4.8.4/../../../../arm-none-eabi/lib/armv7-m\libc.a(lib_a-mallocr.o)
                0x1fff8584                __malloc_av_
 .data.__malloc_trim_threshold
                0x1fff898c        0x4 c:/program files/cypress/psoc creator/3.2/psoc creator/import/gnu/arm/4.8.4/bin/../lib/gcc/arm-none-eabi/4.8.4/../../../../arm-none-eabi/lib/armv7-m\libc.a(lib_a-mallocr.o)
                0x1fff898c                __malloc_trim_threshold
 .data.__malloc_sbrk_base
                0x1fff8990        0x4 c:/program files/cypress/psoc creator/3.2/psoc creator/import/gnu/arm/4.8.4/bin/../lib/gcc/arm-none-eabi/4.8.4/../../../../arm-none-eabi/lib/armv7-m\libc.a(lib_a-mallocr.o)
                0x1fff8990                __malloc_sbrk_base
                0x1fff8998                . = ALIGN (0x8)
 *fill*         0x1fff8994        0x4 
 *(.ram)
                0x1fff8998                _edata = .

.igot.plt       0x1fff8998        0x0 load address 0x00006e88
 .igot.plt      0x00000000        0x0 c:/program files/cypress/psoc creator/3.2/psoc creator/import/gnu/arm/4.8.4/bin/../lib/gcc/arm-none-eabi/4.8.4/armv7-m/crtbegin.o

.bss            0x1fff8998      0x378 load address 0x00006e88
                0x1fff8998                PROVIDE (__bss_start__, .)
 *(.shbss)
 *(.bss .bss.* .gnu.linkonce.b.*)
 .bss           0x1fff8998       0x1c c:/program files/cypress/psoc creator/3.2/psoc creator/import/gnu/arm/4.8.4/bin/../lib/gcc/arm-none-eabi/4.8.4/armv7-m/crtbegin.o
 .bss           0x1fff89b4        0xc .\ARM_GCC_484\Debug\main.o
                0x1fff89b4                count
                0x1fff89b8                i
 .bss           0x1fff89c0        0x2 .\ARM_GCC_484\Debug\WIFI_MicroWebServer.a(LCD_Char.o)
                0x1fff89c0                LCD_Char_enableState
                0x1fff89c1                LCD_Char_initVar
 .bss           0x1fff89c2        0x8 .\ARM_GCC_484\Debug\WIFI_MicroWebServer.a(UART.o)
                0x1fff89c2                UART_initVar
                0x1fff89c3                UART_txBufferRead
                0x1fff89c4                UART_txBufferWrite
                0x1fff89c5                UART_rxBufferRead
                0x1fff89c6                UART_rxBufferWrite
                0x1fff89c7                UART_rxBufferLoopDetect
                0x1fff89c8                UART_rxBufferOverflow
 *fill*         0x1fff89ca        0x2 
 .bss.__malloc_max_total_mem
                0x1fff89cc        0x4 c:/program files/cypress/psoc creator/3.2/psoc creator/import/gnu/arm/4.8.4/bin/../lib/gcc/arm-none-eabi/4.8.4/../../../../arm-none-eabi/lib/armv7-m\libc.a(lib_a-mallocr.o)
                0x1fff89cc                __malloc_max_total_mem
 .bss.__malloc_max_sbrked_mem
                0x1fff89d0        0x4 c:/program files/cypress/psoc creator/3.2/psoc creator/import/gnu/arm/4.8.4/bin/../lib/gcc/arm-none-eabi/4.8.4/../../../../arm-none-eabi/lib/armv7-m\libc.a(lib_a-mallocr.o)
                0x1fff89d0                __malloc_max_sbrked_mem
 .bss.__malloc_top_pad
                0x1fff89d4        0x4 c:/program files/cypress/psoc creator/3.2/psoc creator/import/gnu/arm/4.8.4/bin/../lib/gcc/arm-none-eabi/4.8.4/../../../../arm-none-eabi/lib/armv7-m\libc.a(lib_a-mallocr.o)
                0x1fff89d4                __malloc_top_pad
 .bss.__malloc_current_mallinfo
                0x1fff89d8       0x28 c:/program files/cypress/psoc creator/3.2/psoc creator/import/gnu/arm/4.8.4/bin/../lib/gcc/arm-none-eabi/4.8.4/../../../../arm-none-eabi/lib/armv7-m\libc.a(lib_a-mallocr.o)
                0x1fff89d8                __malloc_current_mallinfo
 .bss.heap_end.4246
                0x1fff8a00        0x4 c:/program files/cypress/psoc creator/3.2/psoc creator/import/gnu/arm/4.8.4/bin/../lib/gcc/arm-none-eabi/4.8.4/../../../../arm-none-eabi/lib/armv7-m\libnosys.a(sbrk.o)
 *(COMMON)
 COMMON         0x1fff8a04      0x102 .\ARM_GCC_484\Debug\main.o
                0x1fff8a04                InString
                0x1fff8a84                buff
                0x1fff8b04                Com_Data
                0x1fff8b05                ch
 *fill*         0x1fff8b06        0x2 
 COMMON         0x1fff8b08      0x1ff .\ARM_GCC_484\Debug\WIFI_MicroWebServer.a(UART.o)
                0x1fff8b08                UART_rxBuffer
                0x1fff8c08                UART_txBuffer
 *fill*         0x1fff8d07        0x1 
 COMMON         0x1fff8d08        0x4 c:/program files/cypress/psoc creator/3.2/psoc creator/import/gnu/arm/4.8.4/bin/../lib/gcc/arm-none-eabi/4.8.4/../../../../arm-none-eabi/lib/armv7-m\libc.a(lib_a-reent.o)
                0x1fff8d08                errno
                0x1fff8d10                . = ALIGN (0x8)
 *fill*         0x1fff8d0c        0x4 
 *(.ram.b)
                0x1fff8d10                _end = .
                0x1fff8d10                __end = .
                0x1fff8d10                PROVIDE (end, .)
                0x1fff8d10                PROVIDE (__bss_end__, .)
                0x000065f8                __cy_region_init_ram = LOADADDR (.data)
                0x00000890                __cy_region_init_size_ram = (_edata - ADDR (.data))
                0x00000378                __cy_region_zero_size_ram = (_end - _edata)

.heap           0x1fff8d10       0x80 load address 0x00006e88
                0x1fff8d10                . = _end
                0x1fff8d90                . = (. + 0x80)
 *fill*         0x1fff8d10       0x80 
                0x1fff8d90                __cy_heap_limit = .

.stack          0x20007800      0x800
                0x20007800                __cy_stack_limit = .
                0x20008000                . = (. + 0x800)
 *fill*         0x20007800      0x800 
                0x00000001                ASSERT ((__cy_stack_limit >= __cy_heap_limit), region RAM overflowed with stack)

.cyloadermeta
 *(.cyloadermeta)

.cyloadablemeta
 *(.cyloadablemeta)

.cyconfigecc    0x80000000        0x4
 *(.cyconfigecc)
 .cyconfigecc   0x80000000        0x4 .\ARM_GCC_484\Debug\cymetadata.o
                0x80000000                cy_meta_configecc

.cycustnvl      0x90000000        0x4
 *(.cycustnvl)
 .cycustnvl     0x90000000        0x4 .\ARM_GCC_484\Debug\cymetadata.o
                0x90000000                cy_meta_custnvl

.cywolatch      0x90100000        0x4
 *(.cywolatch)
 .cywolatch     0x90100000        0x4 .\ARM_GCC_484\Debug\cymetadata.o
                0x90100000                cy_meta_wonvl

.cyeeprom       0x90200000        0x0
 *(.cyeeprom)
                0x00000001                ASSERT ((. <= ((0x90200000 + ee_offset) + ee_size)), .cyeeprom data will not fit in EEPROM)

.cyflashprotect
                0x90400000      0x100
 *(.cyflashprotect)
 .cyflashprotect
                0x90400000      0x100 .\ARM_GCC_484\Debug\cymetadata.o
                0x90400000                cy_meta_flashprotect

.cymeta         0x90500000        0xc
 *(.cymeta)
 .cymeta        0x90500000        0xc .\ARM_GCC_484\Debug\cymetadata.o
                0x90500000                cy_metadata

.rel.dyn        0x00006e88        0x0 load address 0x9050000c
 .rel.iplt      0x00000000        0x0 c:/program files/cypress/psoc creator/3.2/psoc creator/import/gnu/arm/4.8.4/bin/../lib/gcc/arm-none-eabi/4.8.4/armv7-m/crtbegin.o

.stab
 *(.stab)

.stabstr
 *(.stabstr)

.debug
 *(.debug)

.line
 *(.line)

.debug_srcinfo
 *(.debug_srcinfo)

.debug_sfnames
 *(.debug_sfnames)

.debug_aranges  0x00000000      0x778
 *(.debug_aranges)
 .debug_aranges
                0x00000000       0x50 .\ARM_GCC_484\Debug\main.o
 .debug_aranges
                0x00000050       0x18 .\ARM_GCC_484\Debug\cymetadata.o
 .debug_aranges
                0x00000068       0x40 .\ARM_GCC_484\Debug\Cm3Start.o
 .debug_aranges
                0x000000a8       0x60 .\ARM_GCC_484\Debug\WIFI_MicroWebServer.a(cyfitter_cfg.o)
 .debug_aranges
                0x00000108       0x98 .\ARM_GCC_484\Debug\WIFI_MicroWebServer.a(LCD_Char.o)
 .debug_aranges
                0x000001a0      0x110 .\ARM_GCC_484\Debug\WIFI_MicroWebServer.a(UART.o)
 .debug_aranges
                0x000002b0       0x28 .\ARM_GCC_484\Debug\WIFI_MicroWebServer.a(UART_INT.o)
 .debug_aranges
                0x000002d8       0x80 .\ARM_GCC_484\Debug\WIFI_MicroWebServer.a(isr_UART.o)
 .debug_aranges
                0x00000358       0x70 .\ARM_GCC_484\Debug\WIFI_MicroWebServer.a(UART_IntClock.o)
 .debug_aranges
                0x000003c8       0x20 .\ARM_GCC_484\Debug\WIFI_MicroWebServer.a(CyBootAsmGnu.o)
 .debug_aranges
                0x000003e8      0x218 .\ARM_GCC_484\Debug\WIFI_MicroWebServer.a(CyLib.o)
 .debug_aranges
                0x00000600       0x90 .\ARM_GCC_484\Debug\WIFI_MicroWebServer.a(cyPm.o)
 .debug_aranges
                0x00000690       0x80 .\ARM_GCC_484\Debug\WIFI_MicroWebServer.a(CyFlash.o)
 .debug_aranges
                0x00000710       0x68 .\ARM_GCC_484\Debug\WIFI_MicroWebServer.a(CySpc.o)

.debug_pubnames
 *(.debug_pubnames)

.debug_info     0x00000000     0x3409
 *(.debug_info .gnu.linkonce.wi.*)
 .debug_info    0x00000000      0x327 .\ARM_GCC_484\Debug\main.o
 .debug_info    0x00000327      0x139 .\ARM_GCC_484\Debug\cymetadata.o
 .debug_info    0x00000460      0x2bc .\ARM_GCC_484\Debug\Cm3Start.o
 .debug_info    0x0000071c      0x42d .\ARM_GCC_484\Debug\WIFI_MicroWebServer.a(cyfitter_cfg.o)
 .debug_info    0x00000b49      0x3b4 .\ARM_GCC_484\Debug\WIFI_MicroWebServer.a(LCD_Char.o)
 .debug_info    0x00000efd      0x65e .\ARM_GCC_484\Debug\WIFI_MicroWebServer.a(UART.o)
 .debug_info    0x0000155b      0x160 .\ARM_GCC_484\Debug\WIFI_MicroWebServer.a(UART_INT.o)
 .debug_info    0x000016bb      0x234 .\ARM_GCC_484\Debug\WIFI_MicroWebServer.a(isr_UART.o)
 .debug_info    0x000018ef      0x259 .\ARM_GCC_484\Debug\WIFI_MicroWebServer.a(UART_IntClock.o)
 .debug_info    0x00001b48       0xd4 .\ARM_GCC_484\Debug\WIFI_MicroWebServer.a(CyBootAsmGnu.o)
 .debug_info    0x00001c1c      0xb90 .\ARM_GCC_484\Debug\WIFI_MicroWebServer.a(CyLib.o)
 .debug_info    0x000027ac      0x534 .\ARM_GCC_484\Debug\WIFI_MicroWebServer.a(cyPm.o)
 .debug_info    0x00002ce0      0x387 .\ARM_GCC_484\Debug\WIFI_MicroWebServer.a(CyFlash.o)
 .debug_info    0x00003067      0x3a2 .\ARM_GCC_484\Debug\WIFI_MicroWebServer.a(CySpc.o)

.debug_abbrev   0x00000000     0x10a4
 *(.debug_abbrev)
 .debug_abbrev  0x00000000      0x12a .\ARM_GCC_484\Debug\main.o
 .debug_abbrev  0x0000012a       0x5d .\ARM_GCC_484\Debug\cymetadata.o
 .debug_abbrev  0x00000187      0x173 .\ARM_GCC_484\Debug\Cm3Start.o
 .debug_abbrev  0x000002fa      0x190 .\ARM_GCC_484\Debug\WIFI_MicroWebServer.a(cyfitter_cfg.o)
 .debug_abbrev  0x0000048a      0x120 .\ARM_GCC_484\Debug\WIFI_MicroWebServer.a(LCD_Char.o)
 .debug_abbrev  0x000005aa      0x191 .\ARM_GCC_484\Debug\WIFI_MicroWebServer.a(UART.o)
 .debug_abbrev  0x0000073b       0xa2 .\ARM_GCC_484\Debug\WIFI_MicroWebServer.a(UART_INT.o)
 .debug_abbrev  0x000007dd      0x156 .\ARM_GCC_484\Debug\WIFI_MicroWebServer.a(isr_UART.o)
 .debug_abbrev  0x00000933      0x11d .\ARM_GCC_484\Debug\WIFI_MicroWebServer.a(UART_IntClock.o)
 .debug_abbrev  0x00000a50       0x14 .\ARM_GCC_484\Debug\WIFI_MicroWebServer.a(CyBootAsmGnu.o)
 .debug_abbrev  0x00000a64      0x205 .\ARM_GCC_484\Debug\WIFI_MicroWebServer.a(CyLib.o)
 .debug_abbrev  0x00000c69      0x16e .\ARM_GCC_484\Debug\WIFI_MicroWebServer.a(cyPm.o)
 .debug_abbrev  0x00000dd7      0x170 .\ARM_GCC_484\Debug\WIFI_MicroWebServer.a(CyFlash.o)
 .debug_abbrev  0x00000f47      0x15d .\ARM_GCC_484\Debug\WIFI_MicroWebServer.a(CySpc.o)

.debug_line     0x00000000     0x1e36
 *(.debug_line)
 .debug_line    0x00000000      0x277 .\ARM_GCC_484\Debug\main.o
 .debug_line    0x00000277       0x53 .\ARM_GCC_484\Debug\cymetadata.o
 .debug_line    0x000002ca      0x1a0 .\ARM_GCC_484\Debug\Cm3Start.o
 .debug_line    0x0000046a      0x1e6 .\ARM_GCC_484\Debug\WIFI_MicroWebServer.a(cyfitter_cfg.o)
 .debug_line    0x00000650      0x215 .\ARM_GCC_484\Debug\WIFI_MicroWebServer.a(LCD_Char.o)
 .debug_line    0x00000865      0x3a1 .\ARM_GCC_484\Debug\WIFI_MicroWebServer.a(UART.o)
 .debug_line    0x00000c06       0xb8 .\ARM_GCC_484\Debug\WIFI_MicroWebServer.a(UART_INT.o)
 .debug_line    0x00000cbe      0x16a .\ARM_GCC_484\Debug\WIFI_MicroWebServer.a(isr_UART.o)
 .debug_line    0x00000e28      0x1bc .\ARM_GCC_484\Debug\WIFI_MicroWebServer.a(UART_IntClock.o)
 .debug_line    0x00000fe4       0x68 .\ARM_GCC_484\Debug\WIFI_MicroWebServer.a(CyBootAsmGnu.o)
 .debug_line    0x0000104c      0x705 .\ARM_GCC_484\Debug\WIFI_MicroWebServer.a(CyLib.o)
 .debug_line    0x00001751      0x366 .\ARM_GCC_484\Debug\WIFI_MicroWebServer.a(cyPm.o)
 .debug_line    0x00001ab7      0x1dc .\ARM_GCC_484\Debug\WIFI_MicroWebServer.a(CyFlash.o)
 .debug_line    0x00001c93      0x1a3 .\ARM_GCC_484\Debug\WIFI_MicroWebServer.a(CySpc.o)

.debug_frame    0x00000000     0x2004
 *(.debug_frame)
 .debug_frame   0x00000000       0xec .\ARM_GCC_484\Debug\main.o
 .debug_frame   0x000000ec       0xa4 .\ARM_GCC_484\Debug\Cm3Start.o
 .debug_frame   0x00000190      0x120 .\ARM_GCC_484\Debug\WIFI_MicroWebServer.a(cyfitter_cfg.o)
 .debug_frame   0x000002b0      0x200 .\ARM_GCC_484\Debug\WIFI_MicroWebServer.a(LCD_Char.o)
 .debug_frame   0x000004b0      0x3ac .\ARM_GCC_484\Debug\WIFI_MicroWebServer.a(UART.o)
 .debug_frame   0x0000085c       0x48 .\ARM_GCC_484\Debug\WIFI_MicroWebServer.a(UART_INT.o)
 .debug_frame   0x000008a4      0x180 .\ARM_GCC_484\Debug\WIFI_MicroWebServer.a(isr_UART.o)
 .debug_frame   0x00000a24      0x14c .\ARM_GCC_484\Debug\WIFI_MicroWebServer.a(UART_IntClock.o)
 .debug_frame   0x00000b70      0x778 .\ARM_GCC_484\Debug\WIFI_MicroWebServer.a(CyLib.o)
 .debug_frame   0x000012e8      0x1d0 .\ARM_GCC_484\Debug\WIFI_MicroWebServer.a(cyPm.o)
 .debug_frame   0x000014b8      0x198 .\ARM_GCC_484\Debug\WIFI_MicroWebServer.a(CyFlash.o)
 .debug_frame   0x00001650      0x13c .\ARM_GCC_484\Debug\WIFI_MicroWebServer.a(CySpc.o)
 .debug_frame   0x0000178c       0x28 c:/program files/cypress/psoc creator/3.2/psoc creator/import/gnu/arm/4.8.4/bin/../lib/gcc/arm-none-eabi/4.8.4/../../../../arm-none-eabi/lib/armv7-m\libc.a(lib_a-exit.o)
 .debug_frame   0x000017b4       0x2c c:/program files/cypress/psoc creator/3.2/psoc creator/import/gnu/arm/4.8.4/bin/../lib/gcc/arm-none-eabi/4.8.4/../../../../arm-none-eabi/lib/armv7-m\libc.a(lib_a-init.o)
 .debug_frame   0x000017e0       0x2c c:/program files/cypress/psoc creator/3.2/psoc creator/import/gnu/arm/4.8.4/bin/../lib/gcc/arm-none-eabi/4.8.4/../../../../arm-none-eabi/lib/armv7-m\libc.a(lib_a-memset.o)
 .debug_frame   0x0000180c       0x64 c:/program files/cypress/psoc creator/3.2/psoc creator/import/gnu/arm/4.8.4/bin/../lib/gcc/arm-none-eabi/4.8.4/../../../../arm-none-eabi/lib/armv7-m\libc.a(lib_a-sprintf.o)
 .debug_frame   0x00001870       0x20 c:/program files/cypress/psoc creator/3.2/psoc creator/import/gnu/arm/4.8.4/bin/../lib/gcc/arm-none-eabi/4.8.4/../../../../arm-none-eabi/lib/armv7-m\libc.a(lib_a-strlen.o)
 .debug_frame   0x00001890       0x3c c:/program files/cypress/psoc creator/3.2/psoc creator/import/gnu/arm/4.8.4/bin/../lib/gcc/arm-none-eabi/4.8.4/../../../../arm-none-eabi/lib/armv7-m\libc.a(lib_a-svfprintf.o)
 .debug_frame   0x000018cc       0x48 c:/program files/cypress/psoc creator/3.2/psoc creator/import/gnu/arm/4.8.4/bin/../lib/gcc/arm-none-eabi/4.8.4/../../../../arm-none-eabi/lib/armv7-m\libc.a(lib_a-__call_atexit.o)
 .debug_frame   0x00001914       0x20 c:/program files/cypress/psoc creator/3.2/psoc creator/import/gnu/arm/4.8.4/bin/../lib/gcc/arm-none-eabi/4.8.4/../../../../arm-none-eabi/lib/armv7-m\libc.a(lib_a-atexit.o)
 .debug_frame   0x00001934       0x64 c:/program files/cypress/psoc creator/3.2/psoc creator/import/gnu/arm/4.8.4/bin/../lib/gcc/arm-none-eabi/4.8.4/../../../../arm-none-eabi/lib/armv7-m\libc.a(lib_a-dtoa.o)
 .debug_frame   0x00001998       0x2c c:/program files/cypress/psoc creator/3.2/psoc creator/import/gnu/arm/4.8.4/bin/../lib/gcc/arm-none-eabi/4.8.4/../../../../arm-none-eabi/lib/armv7-m\libc.a(lib_a-fini.o)
 .debug_frame   0x000019c4       0x98 c:/program files/cypress/psoc creator/3.2/psoc creator/import/gnu/arm/4.8.4/bin/../lib/gcc/arm-none-eabi/4.8.4/../../../../arm-none-eabi/lib/armv7-m\libc.a(lib_a-locale.o)
 .debug_frame   0x00001a5c       0x38 c:/program files/cypress/psoc creator/3.2/psoc creator/import/gnu/arm/4.8.4/bin/../lib/gcc/arm-none-eabi/4.8.4/../../../../arm-none-eabi/lib/armv7-m\libc.a(lib_a-mallocr.o)
 .debug_frame   0x00001a94       0x2c c:/program files/cypress/psoc creator/3.2/psoc creator/import/gnu/arm/4.8.4/bin/../lib/gcc/arm-none-eabi/4.8.4/../../../../arm-none-eabi/lib/armv7-m\libc.a(lib_a-memchr-stub.o)
 .debug_frame   0x00001ac0       0x30 c:/program files/cypress/psoc creator/3.2/psoc creator/import/gnu/arm/4.8.4/bin/../lib/gcc/arm-none-eabi/4.8.4/../../../../arm-none-eabi/lib/armv7-m\libc.a(lib_a-mlock.o)
 .debug_frame   0x00001af0      0x228 c:/program files/cypress/psoc creator/3.2/psoc creator/import/gnu/arm/4.8.4/bin/../lib/gcc/arm-none-eabi/4.8.4/../../../../arm-none-eabi/lib/armv7-m\libc.a(lib_a-mprec.o)
 .debug_frame   0x00001d18       0x28 c:/program files/cypress/psoc creator/3.2/psoc creator/import/gnu/arm/4.8.4/bin/../lib/gcc/arm-none-eabi/4.8.4/../../../../arm-none-eabi/lib/armv7-m\libc.a(lib_a-s_fpclassify.o)
 .debug_frame   0x00001d40       0x2c c:/program files/cypress/psoc creator/3.2/psoc creator/import/gnu/arm/4.8.4/bin/../lib/gcc/arm-none-eabi/4.8.4/../../../../arm-none-eabi/lib/armv7-m\libc.a(lib_a-sbrkr.o)
 .debug_frame   0x00001d6c       0x64 c:/program files/cypress/psoc creator/3.2/psoc creator/import/gnu/arm/4.8.4/bin/../lib/gcc/arm-none-eabi/4.8.4/../../../../arm-none-eabi/lib/armv7-m\libc.a(lib_a-svfiprintf.o)
 .debug_frame   0x00001dd0       0x30 c:/program files/cypress/psoc creator/3.2/psoc creator/import/gnu/arm/4.8.4/bin/../lib/gcc/arm-none-eabi/4.8.4/../../../../arm-none-eabi/lib/armv7-m\libc.a(lib_a-__atexit.o)
 .debug_frame   0x00001e00       0x28 c:/program files/cypress/psoc creator/3.2/psoc creator/import/gnu/arm/4.8.4/bin/../lib/gcc/arm-none-eabi/4.8.4/../../../../arm-none-eabi/lib/armv7-m\libc.a(lib_a-callocr.o)
 .debug_frame   0x00001e28       0x50 c:/program files/cypress/psoc creator/3.2/psoc creator/import/gnu/arm/4.8.4/bin/../lib/gcc/arm-none-eabi/4.8.4/../../../../arm-none-eabi/lib/armv7-m\libc.a(lib_a-freer.o)
 .debug_frame   0x00001e78       0x2c c:/program files/cypress/psoc creator/3.2/psoc creator/import/gnu/arm/4.8.4/bin/../lib/gcc/arm-none-eabi/4.8.4/../../../../arm-none-eabi/lib/armv7-m\libc.a(lib_a-memmove.o)
 .debug_frame   0x00001ea4       0x38 c:/program files/cypress/psoc creator/3.2/psoc creator/import/gnu/arm/4.8.4/bin/../lib/gcc/arm-none-eabi/4.8.4/../../../../arm-none-eabi/lib/armv7-m\libc.a(lib_a-reallocr.o)
 .debug_frame   0x00001edc       0x48 c:/program files/cypress/psoc creator/3.2/psoc creator/import/gnu/arm/4.8.4/bin/../lib/gcc/arm-none-eabi/4.8.4/../../../../arm-none-eabi/lib/armv7-m\libc.a(lib_a-reent.o)
 .debug_frame   0x00001f24       0x20 c:/program files/cypress/psoc creator/3.2/psoc creator/import/gnu/arm/4.8.4/bin/../lib/gcc/arm-none-eabi/4.8.4/../../../../arm-none-eabi/lib/armv7-m\libnosys.a(sbrk.o)
 .debug_frame   0x00001f44       0x58 c:/program files/cypress/psoc creator/3.2/psoc creator/import/gnu/arm/4.8.4/bin/../lib/gcc/arm-none-eabi/4.8.4/armv7-m\libgcc.a(bpabi.o)
 .debug_frame   0x00001f9c       0x34 c:/program files/cypress/psoc creator/3.2/psoc creator/import/gnu/arm/4.8.4/bin/../lib/gcc/arm-none-eabi/4.8.4/armv7-m\libgcc.a(_divdi3.o)
 .debug_frame   0x00001fd0       0x34 c:/program files/cypress/psoc creator/3.2/psoc creator/import/gnu/arm/4.8.4/bin/../lib/gcc/arm-none-eabi/4.8.4/armv7-m\libgcc.a(_udivdi3.o)

.debug_str      0x00000000     0x19a1
 *(.debug_str)
 .debug_str     0x00000000      0x246 .\ARM_GCC_484\Debug\main.o
                                0x28d (size before relaxing)
 .debug_str     0x00000246       0x77 .\ARM_GCC_484\Debug\cymetadata.o
                                0x21c (size before relaxing)
 .debug_str     0x000002bd      0x113 .\ARM_GCC_484\Debug\Cm3Start.o
                                0x2d8 (size before relaxing)
 .debug_str     0x000003d0      0x187 .\ARM_GCC_484\Debug\WIFI_MicroWebServer.a(cyfitter_cfg.o)
                                0x36f (size before relaxing)
 .debug_str     0x00000557      0x1d7 .\ARM_GCC_484\Debug\WIFI_MicroWebServer.a(LCD_Char.o)
                                0x39b (size before relaxing)
 .debug_str     0x0000072e      0x376 .\ARM_GCC_484\Debug\WIFI_MicroWebServer.a(UART.o)
                                0x576 (size before relaxing)
 .debug_str     0x00000aa4       0x55 .\ARM_GCC_484\Debug\WIFI_MicroWebServer.a(UART_INT.o)
                                0x293 (size before relaxing)
 .debug_str     0x00000af9      0x12a .\ARM_GCC_484\Debug\WIFI_MicroWebServer.a(isr_UART.o)
                                0x2f6 (size before relaxing)
 .debug_str     0x00000c23      0x1b2 .\ARM_GCC_484\Debug\WIFI_MicroWebServer.a(UART_IntClock.o)
                                0x368 (size before relaxing)
 .debug_str     0x00000dd5      0x615 .\ARM_GCC_484\Debug\WIFI_MicroWebServer.a(CyLib.o)
                                0x83e (size before relaxing)
 .debug_str     0x000013ea      0x371 .\ARM_GCC_484\Debug\WIFI_MicroWebServer.a(cyPm.o)
                                0x54d (size before relaxing)
 .debug_str     0x0000175b      0x148 .\ARM_GCC_484\Debug\WIFI_MicroWebServer.a(CyFlash.o)
                                0x32b (size before relaxing)
 .debug_str     0x000018a3       0xfe .\ARM_GCC_484\Debug\WIFI_MicroWebServer.a(CySpc.o)
                                0x2ef (size before relaxing)

.debug_loc
 *(.debug_loc)

.debug_macinfo
 *(.debug_macinfo)

.debug_ranges   0x00000000      0x680
 *(.debug_ranges)
 .debug_ranges  0x00000000       0x40 .\ARM_GCC_484\Debug\main.o
 .debug_ranges  0x00000040       0x30 .\ARM_GCC_484\Debug\Cm3Start.o
 .debug_ranges  0x00000070       0x50 .\ARM_GCC_484\Debug\WIFI_MicroWebServer.a(cyfitter_cfg.o)
 .debug_ranges  0x000000c0       0x88 .\ARM_GCC_484\Debug\WIFI_MicroWebServer.a(LCD_Char.o)
 .debug_ranges  0x00000148      0x100 .\ARM_GCC_484\Debug\WIFI_MicroWebServer.a(UART.o)
 .debug_ranges  0x00000248       0x18 .\ARM_GCC_484\Debug\WIFI_MicroWebServer.a(UART_INT.o)
 .debug_ranges  0x00000260       0x70 .\ARM_GCC_484\Debug\WIFI_MicroWebServer.a(isr_UART.o)
 .debug_ranges  0x000002d0       0x60 .\ARM_GCC_484\Debug\WIFI_MicroWebServer.a(UART_IntClock.o)
 .debug_ranges  0x00000330      0x208 .\ARM_GCC_484\Debug\WIFI_MicroWebServer.a(CyLib.o)
 .debug_ranges  0x00000538       0x80 .\ARM_GCC_484\Debug\WIFI_MicroWebServer.a(cyPm.o)
 .debug_ranges  0x000005b8       0x70 .\ARM_GCC_484\Debug\WIFI_MicroWebServer.a(CyFlash.o)
 .debug_ranges  0x00000628       0x58 .\ARM_GCC_484\Debug\WIFI_MicroWebServer.a(CySpc.o)

.comment        0x00000000       0x70
 .comment       0x00000000       0x70 .\ARM_GCC_484\Debug\main.o
                                 0x71 (size before relaxing)
 .comment       0x00000000       0x71 .\ARM_GCC_484\Debug\cymetadata.o
 .comment       0x00000000       0x71 .\ARM_GCC_484\Debug\Cm3Start.o
 .comment       0x00000000       0x71 .\ARM_GCC_484\Debug\WIFI_MicroWebServer.a(cyfitter_cfg.o)
 .comment       0x00000000       0x71 .\ARM_GCC_484\Debug\WIFI_MicroWebServer.a(LCD_Char.o)
 .comment       0x00000000       0x71 .\ARM_GCC_484\Debug\WIFI_MicroWebServer.a(UART.o)
 .comment       0x00000000       0x71 .\ARM_GCC_484\Debug\WIFI_MicroWebServer.a(UART_INT.o)
 .comment       0x00000000       0x71 .\ARM_GCC_484\Debug\WIFI_MicroWebServer.a(isr_UART.o)
 .comment       0x00000000       0x71 .\ARM_GCC_484\Debug\WIFI_MicroWebServer.a(UART_IntClock.o)
 .comment       0x00000000       0x71 .\ARM_GCC_484\Debug\WIFI_MicroWebServer.a(CyLib.o)
 .comment       0x00000000       0x71 .\ARM_GCC_484\Debug\WIFI_MicroWebServer.a(cyPm.o)
 .comment       0x00000000       0x71 .\ARM_GCC_484\Debug\WIFI_MicroWebServer.a(CyFlash.o)
 .comment       0x00000000       0x71 .\ARM_GCC_484\Debug\WIFI_MicroWebServer.a(CySpc.o)

.debug_weaknames
 *(.debug_weaknames)

.debug_funcnames
 *(.debug_funcnames)

.debug_typenames
 *(.debug_typenames)

.debug_varnames
 *(.debug_varnames)

.note.gnu.arm.ident
 *(.note.gnu.arm.ident)

.ARM.attributes
                0x00000000       0x29
 *(.ARM.attributes)
 .ARM.attributes
                0x00000000       0x1d c:/program files/cypress/psoc creator/3.2/psoc creator/import/gnu/arm/4.8.4/bin/../lib/gcc/arm-none-eabi/4.8.4/armv7-m/crti.o
 .ARM.attributes
                0x0000001d       0x2d c:/program files/cypress/psoc creator/3.2/psoc creator/import/gnu/arm/4.8.4/bin/../lib/gcc/arm-none-eabi/4.8.4/armv7-m/crtbegin.o
 .ARM.attributes
                0x0000004a       0x1b c:/program files/cypress/psoc creator/3.2/psoc creator/import/gnu/arm/4.8.4/bin/../lib/gcc/arm-none-eabi/4.8.4/../../../../arm-none-eabi/lib/armv7-m/crt0.o
 .ARM.attributes
                0x00000065       0x33 .\ARM_GCC_484\Debug\main.o
 .ARM.attributes
                0x00000098       0x33 .\ARM_GCC_484\Debug\cymetadata.o
 .ARM.attributes
                0x000000cb       0x33 .\ARM_GCC_484\Debug\Cm3Start.o
 .ARM.attributes
                0x000000fe       0x33 .\ARM_GCC_484\Debug\WIFI_MicroWebServer.a(cyfitter_cfg.o)
 .ARM.attributes
                0x00000131       0x33 .\ARM_GCC_484\Debug\WIFI_MicroWebServer.a(LCD_Char.o)
 .ARM.attributes
                0x00000164       0x33 .\ARM_GCC_484\Debug\WIFI_MicroWebServer.a(UART.o)
 .ARM.attributes
                0x00000197       0x33 .\ARM_GCC_484\Debug\WIFI_MicroWebServer.a(UART_INT.o)
 .ARM.attributes
                0x000001ca       0x33 .\ARM_GCC_484\Debug\WIFI_MicroWebServer.a(isr_UART.o)
 .ARM.attributes
                0x000001fd       0x33 .\ARM_GCC_484\Debug\WIFI_MicroWebServer.a(UART_IntClock.o)
 .ARM.attributes
                0x00000230       0x21 .\ARM_GCC_484\Debug\WIFI_MicroWebServer.a(CyBootAsmGnu.o)
 .ARM.attributes
                0x00000251       0x33 .\ARM_GCC_484\Debug\WIFI_MicroWebServer.a(CyLib.o)
 .ARM.attributes
                0x00000284       0x33 .\ARM_GCC_484\Debug\WIFI_MicroWebServer.a(cyPm.o)
 .ARM.attributes
                0x000002b7       0x33 .\ARM_GCC_484\Debug\WIFI_MicroWebServer.a(CyFlash.o)
 .ARM.attributes
                0x000002ea       0x33 .\ARM_GCC_484\Debug\WIFI_MicroWebServer.a(CySpc.o)
 .ARM.attributes
                0x0000031d       0x2d c:/program files/cypress/psoc creator/3.2/psoc creator/import/gnu/arm/4.8.4/bin/../lib/gcc/arm-none-eabi/4.8.4/armv7-m/crtend.o
 .ARM.attributes
                0x0000034a       0x1d c:/program files/cypress/psoc creator/3.2/psoc creator/import/gnu/arm/4.8.4/bin/../lib/gcc/arm-none-eabi/4.8.4/armv7-m/crtn.o
 .ARM.attributes
                0x00000367       0x2d c:/program files/cypress/psoc creator/3.2/psoc creator/import/gnu/arm/4.8.4/bin/../lib/gcc/arm-none-eabi/4.8.4/../../../../arm-none-eabi/lib/armv7-m\libc.a(lib_a-exit.o)
 .ARM.attributes
                0x00000394       0x2d c:/program files/cypress/psoc creator/3.2/psoc creator/import/gnu/arm/4.8.4/bin/../lib/gcc/arm-none-eabi/4.8.4/../../../../arm-none-eabi/lib/armv7-m\libc.a(lib_a-impure.o)
 .ARM.attributes
                0x000003c1       0x2d c:/program files/cypress/psoc creator/3.2/psoc creator/import/gnu/arm/4.8.4/bin/../lib/gcc/arm-none-eabi/4.8.4/../../../../arm-none-eabi/lib/armv7-m\libc.a(lib_a-init.o)
 .ARM.attributes
                0x000003ee       0x1b c:/program files/cypress/psoc creator/3.2/psoc creator/import/gnu/arm/4.8.4/bin/../lib/gcc/arm-none-eabi/4.8.4/../../../../arm-none-eabi/lib/armv7-m\libc.a(lib_a-memcpy.o)
 .ARM.attributes
                0x00000409       0x2d c:/program files/cypress/psoc creator/3.2/psoc creator/import/gnu/arm/4.8.4/bin/../lib/gcc/arm-none-eabi/4.8.4/../../../../arm-none-eabi/lib/armv7-m\libc.a(lib_a-memset.o)
 .ARM.attributes
                0x00000436       0x2d c:/program files/cypress/psoc creator/3.2/psoc creator/import/gnu/arm/4.8.4/bin/../lib/gcc/arm-none-eabi/4.8.4/../../../../arm-none-eabi/lib/armv7-m\libc.a(lib_a-sprintf.o)
 .ARM.attributes
                0x00000463       0x2d c:/program files/cypress/psoc creator/3.2/psoc creator/import/gnu/arm/4.8.4/bin/../lib/gcc/arm-none-eabi/4.8.4/../../../../arm-none-eabi/lib/armv7-m\libc.a(lib_a-strlen.o)
 .ARM.attributes
                0x00000490       0x2d c:/program files/cypress/psoc creator/3.2/psoc creator/import/gnu/arm/4.8.4/bin/../lib/gcc/arm-none-eabi/4.8.4/../../../../arm-none-eabi/lib/armv7-m\libc.a(lib_a-svfprintf.o)
 .ARM.attributes
                0x000004bd       0x2d c:/program files/cypress/psoc creator/3.2/psoc creator/import/gnu/arm/4.8.4/bin/../lib/gcc/arm-none-eabi/4.8.4/../../../../arm-none-eabi/lib/armv7-m\libc.a(lib_a-__call_atexit.o)
 .ARM.attributes
                0x000004ea       0x2d c:/program files/cypress/psoc creator/3.2/psoc creator/import/gnu/arm/4.8.4/bin/../lib/gcc/arm-none-eabi/4.8.4/../../../../arm-none-eabi/lib/armv7-m\libc.a(lib_a-atexit.o)
 .ARM.attributes
                0x00000517       0x2d c:/program files/cypress/psoc creator/3.2/psoc creator/import/gnu/arm/4.8.4/bin/../lib/gcc/arm-none-eabi/4.8.4/../../../../arm-none-eabi/lib/armv7-m\libc.a(lib_a-dtoa.o)
 .ARM.attributes
                0x00000544       0x2d c:/program files/cypress/psoc creator/3.2/psoc creator/import/gnu/arm/4.8.4/bin/../lib/gcc/arm-none-eabi/4.8.4/../../../../arm-none-eabi/lib/armv7-m\libc.a(lib_a-fini.o)
 .ARM.attributes
                0x00000571       0x2d c:/program files/cypress/psoc creator/3.2/psoc creator/import/gnu/arm/4.8.4/bin/../lib/gcc/arm-none-eabi/4.8.4/../../../../arm-none-eabi/lib/armv7-m\libc.a(lib_a-locale.o)
 .ARM.attributes
                0x0000059e       0x2d c:/program files/cypress/psoc creator/3.2/psoc creator/import/gnu/arm/4.8.4/bin/../lib/gcc/arm-none-eabi/4.8.4/../../../../arm-none-eabi/lib/armv7-m\libc.a(lib_a-mallocr.o)
 .ARM.attributes
                0x000005cb       0x2d c:/program files/cypress/psoc creator/3.2/psoc creator/import/gnu/arm/4.8.4/bin/../lib/gcc/arm-none-eabi/4.8.4/../../../../arm-none-eabi/lib/armv7-m\libc.a(lib_a-memchr-stub.o)
 .ARM.attributes
                0x000005f8       0x2d c:/program files/cypress/psoc creator/3.2/psoc creator/import/gnu/arm/4.8.4/bin/../lib/gcc/arm-none-eabi/4.8.4/../../../../arm-none-eabi/lib/armv7-m\libc.a(lib_a-mlock.o)
 .ARM.attributes
                0x00000625       0x2d c:/program files/cypress/psoc creator/3.2/psoc creator/import/gnu/arm/4.8.4/bin/../lib/gcc/arm-none-eabi/4.8.4/../../../../arm-none-eabi/lib/armv7-m\libc.a(lib_a-mprec.o)
 .ARM.attributes
                0x00000652       0x2d c:/program files/cypress/psoc creator/3.2/psoc creator/import/gnu/arm/4.8.4/bin/../lib/gcc/arm-none-eabi/4.8.4/../../../../arm-none-eabi/lib/armv7-m\libc.a(lib_a-s_fpclassify.o)
 .ARM.attributes
                0x0000067f       0x2d c:/program files/cypress/psoc creator/3.2/psoc creator/import/gnu/arm/4.8.4/bin/../lib/gcc/arm-none-eabi/4.8.4/../../../../arm-none-eabi/lib/armv7-m\libc.a(lib_a-sbrkr.o)
 .ARM.attributes
                0x000006ac       0x1b c:/program files/cypress/psoc creator/3.2/psoc creator/import/gnu/arm/4.8.4/bin/../lib/gcc/arm-none-eabi/4.8.4/../../../../arm-none-eabi/lib/armv7-m\libc.a(lib_a-strcmp.o)
 .ARM.attributes
                0x000006c7       0x2d c:/program files/cypress/psoc creator/3.2/psoc creator/import/gnu/arm/4.8.4/bin/../lib/gcc/arm-none-eabi/4.8.4/../../../../arm-none-eabi/lib/armv7-m\libc.a(lib_a-svfiprintf.o)
 .ARM.attributes
                0x000006f4       0x2d c:/program files/cypress/psoc creator/3.2/psoc creator/import/gnu/arm/4.8.4/bin/../lib/gcc/arm-none-eabi/4.8.4/../../../../arm-none-eabi/lib/armv7-m\libc.a(lib_a-__atexit.o)
 .ARM.attributes
                0x00000721       0x2d c:/program files/cypress/psoc creator/3.2/psoc creator/import/gnu/arm/4.8.4/bin/../lib/gcc/arm-none-eabi/4.8.4/../../../../arm-none-eabi/lib/armv7-m\libc.a(lib_a-callocr.o)
 .ARM.attributes
                0x0000074e       0x2d c:/program files/cypress/psoc creator/3.2/psoc creator/import/gnu/arm/4.8.4/bin/../lib/gcc/arm-none-eabi/4.8.4/../../../../arm-none-eabi/lib/armv7-m\libc.a(lib_a-freer.o)
 .ARM.attributes
                0x0000077b       0x2d c:/program files/cypress/psoc creator/3.2/psoc creator/import/gnu/arm/4.8.4/bin/../lib/gcc/arm-none-eabi/4.8.4/../../../../arm-none-eabi/lib/armv7-m\libc.a(lib_a-memmove.o)
 .ARM.attributes
                0x000007a8       0x2d c:/program files/cypress/psoc creator/3.2/psoc creator/import/gnu/arm/4.8.4/bin/../lib/gcc/arm-none-eabi/4.8.4/../../../../arm-none-eabi/lib/armv7-m\libc.a(lib_a-reallocr.o)
 .ARM.attributes
                0x000007d5       0x2d c:/program files/cypress/psoc creator/3.2/psoc creator/import/gnu/arm/4.8.4/bin/../lib/gcc/arm-none-eabi/4.8.4/../../../../arm-none-eabi/lib/armv7-m\libc.a(lib_a-reent.o)
 .ARM.attributes
                0x00000802       0x2d c:/program files/cypress/psoc creator/3.2/psoc creator/import/gnu/arm/4.8.4/bin/../lib/gcc/arm-none-eabi/4.8.4/../../../../arm-none-eabi/lib/armv7-m\libnosys.a(sbrk.o)
 .ARM.attributes
                0x0000082f       0x1d c:/program files/cypress/psoc creator/3.2/psoc creator/import/gnu/arm/4.8.4/bin/../lib/gcc/arm-none-eabi/4.8.4/armv7-m\libgcc.a(_arm_addsubdf3.o)
 .ARM.attributes
                0x0000084c       0x1d c:/program files/cypress/psoc creator/3.2/psoc creator/import/gnu/arm/4.8.4/bin/../lib/gcc/arm-none-eabi/4.8.4/armv7-m\libgcc.a(_arm_muldivdf3.o)
 .ARM.attributes
                0x00000869       0x1d c:/program files/cypress/psoc creator/3.2/psoc creator/import/gnu/arm/4.8.4/bin/../lib/gcc/arm-none-eabi/4.8.4/armv7-m\libgcc.a(_arm_cmpdf2.o)
 .ARM.attributes
                0x00000886       0x1d c:/program files/cypress/psoc creator/3.2/psoc creator/import/gnu/arm/4.8.4/bin/../lib/gcc/arm-none-eabi/4.8.4/armv7-m\libgcc.a(_arm_fixdfsi.o)
 .ARM.attributes
                0x000008a3       0x1d c:/program files/cypress/psoc creator/3.2/psoc creator/import/gnu/arm/4.8.4/bin/../lib/gcc/arm-none-eabi/4.8.4/armv7-m\libgcc.a(_aeabi_uldivmod.o)
 .ARM.attributes
                0x000008c0       0x2d c:/program files/cypress/psoc creator/3.2/psoc creator/import/gnu/arm/4.8.4/bin/../lib/gcc/arm-none-eabi/4.8.4/armv7-m\libgcc.a(bpabi.o)
 .ARM.attributes
                0x000008ed       0x1d c:/program files/cypress/psoc creator/3.2/psoc creator/import/gnu/arm/4.8.4/bin/../lib/gcc/arm-none-eabi/4.8.4/armv7-m\libgcc.a(_dvmd_tls.o)
 .ARM.attributes
                0x0000090a       0x2d c:/program files/cypress/psoc creator/3.2/psoc creator/import/gnu/arm/4.8.4/bin/../lib/gcc/arm-none-eabi/4.8.4/armv7-m\libgcc.a(_divdi3.o)
 .ARM.attributes
                0x00000937       0x2d c:/program files/cypress/psoc creator/3.2/psoc creator/import/gnu/arm/4.8.4/bin/../lib/gcc/arm-none-eabi/4.8.4/armv7-m\libgcc.a(_udivdi3.o)

/DISCARD/
 *(.note.GNU-stack)
OUTPUT(.\ARM_GCC_484\Debug\WIFI_MicroWebServer.elf elf32-littlearm)
